******************************************************************************
             TMS320C2000 Linker PC v6.2.7                      
******************************************************************************
>> Linked Wed Nov 29 17:41:52 2017

OUTPUT FILE NAME:   <28335_Can_TxRx.out>
ENTRY POINT SYMBOL: "_c_int00"  address: 0000c71f


MEMORY CONFIGURATION

         name            origin    length      used     unused   attr    fill
----------------------  --------  ---------  --------  --------  ----  --------
PAGE 0:
  BEGIN                 00000000   00000002  00000002  00000000  RWIX
  RAMM0                 00000050   000003b0  00000000  000003b0  RWIX
  RAML0                 00008000   00001000  0000052f  00000ad1  RWIX
  RAML1234              00009000   00004000  00003892  0000076e  RWIX
  ZONE7A                00200000   0000fc00  00000000  0000fc00  RWIX
  CSM_RSVD              0033ff80   00000076  00000000  00000076  RWIX
  CSM_PWL               0033fff8   00000008  00000000  00000008  RWIX
  ADC_CAL               00380080   00000009  00000007  00000002  RWIX
  IQTABLES              003fe000   00000b50  00000000  00000b50  RWIX
  IQTABLES2             003feb50   0000008c  00000000  0000008c  RWIX
  FPUTABLES             003febdc   000006a0  00000000  000006a0  RWIX
  BOOTROM               003ff27c   00000d44  00000000  00000d44  RWIX
  RESET                 003fffc0   00000002  00000000  00000002  RWIX

PAGE 1:
  BOOT_RSVD             00000002   0000004e  00000000  0000004e  RWIX
  RAMM1                 00000400   00000400  00000300  00000100  RWIX
  DEV_EMU               00000880   00000180  000000d0  000000b0  RWIX
  FLASH_REGS            00000a80   00000060  00000008  00000058  RWIX
  CSM                   00000ae0   00000010  00000010  00000000  RWIX
  ADC_MIRROR            00000b00   00000010  00000010  00000000  RWIX
  XINTF                 00000b20   00000020  0000001e  00000002  RWIX
  CPU_TIMER0            00000c00   00000008  00000008  00000000  RWIX
  CPU_TIMER1            00000c08   00000008  00000008  00000000  RWIX
  CPU_TIMER2            00000c10   00000008  00000008  00000000  RWIX
  PIE_CTRL              00000ce0   00000020  0000001a  00000006  RWIX
  PIE_VECT              00000d00   00000100  00000100  00000000  RWIX
  DMA                   00001000   00000200  000000e0  00000120  RWIX
  MCBSPA                00005000   00000040  00000025  0000001b  RWIX
  MCBSPB                00005040   00000040  00000025  0000001b  RWIX
  ECANA                 00006000   00000040  00000034  0000000c  RWIX
  ECANA_LAM             00006040   00000040  00000040  00000000  RWIX
  ECANA_MOTS            00006080   00000040  00000040  00000000  RWIX
  ECANA_MOTO            000060c0   00000040  00000040  00000000  RWIX
  ECANA_MBOX            00006100   00000100  00000100  00000000  RWIX
  ECANB                 00006200   00000040  00000034  0000000c  RWIX
  ECANB_LAM             00006240   00000040  00000040  00000000  RWIX
  ECANB_MOTS            00006280   00000040  00000040  00000000  RWIX
  ECANB_MOTO            000062c0   00000040  00000040  00000000  RWIX
  ECANB_MBOX            00006300   00000100  00000100  00000000  RWIX
  EPWM1                 00006800   00000022  00000022  00000000  RWIX
  EPWM2                 00006840   00000022  00000022  00000000  RWIX
  EPWM3                 00006880   00000022  00000022  00000000  RWIX
  EPWM4                 000068c0   00000022  00000022  00000000  RWIX
  EPWM5                 00006900   00000022  00000022  00000000  RWIX
  EPWM6                 00006940   00000022  00000022  00000000  RWIX
  ECAP1                 00006a00   00000020  00000020  00000000  RWIX
  ECAP2                 00006a20   00000020  00000020  00000000  RWIX
  ECAP3                 00006a40   00000020  00000020  00000000  RWIX
  ECAP4                 00006a60   00000020  00000020  00000000  RWIX
  ECAP5                 00006a80   00000020  00000020  00000000  RWIX
  ECAP6                 00006aa0   00000020  00000020  00000000  RWIX
  EQEP1                 00006b00   00000040  00000040  00000000  RWIX
  EQEP2                 00006b40   00000040  00000040  00000000  RWIX
  GPIOCTRL              00006f80   00000040  0000002e  00000012  RWIX
  GPIODAT               00006fc0   00000020  00000020  00000000  RWIX
  GPIOINT               00006fe0   00000020  0000000a  00000016  RWIX
  SYSTEM                00007010   00000020  00000020  00000000  RWIX
  SPIA                  00007040   00000010  00000010  00000000  RWIX
  SCIA                  00007050   00000010  00000010  00000000  RWIX
  XINTRUPT              00007070   00000010  00000010  00000000  RWIX
  ADC                   00007100   00000020  0000001e  00000002  RWIX
  SCIB                  00007750   00000010  00000010  00000000  RWIX
  SCIC                  00007770   00000010  00000010  00000000  RWIX
  I2CA                  00007900   00000040  00000022  0000001e  RWIX
  RAML5                 0000d000   00001000  000005c4  00000a3c  RWIX
  RAML6                 0000e000   00001000  000001ae  00000e52  RWIX
  RAML7                 0000f000   00001000  00000000  00001000  RWIX
  ZONE7B                0020fc00   00000400  00000000  00000400  RWIX
  CSM_PWL               0033fff8   00000008  00000008  00000000  RWIX
  PARTID                00380090   00000001  00000001  00000000  RWIX


SECTION ALLOCATION MAP

 output                                  attributes/
section   page    origin      length       input sections
--------  ----  ----------  ----------   ----------------
codestart 
*          0    00000000    00000002     
                  00000000    00000002     DSP2833x_CodeStartBranch.obj (codestart)

.pinit     0    00008000    00000000     UNINITIALIZED

.cinit     0    00008000    0000050d     
                  00008000    000004bf     ObjDict.obj (.cinit)
                  000084bf    0000001c     timer.obj (.cinit)
                  000084db    00000013     main.obj (.cinit)
                  000084ee    0000000a     rts2800_fpu32.lib : _lock.obj (.cinit)
                  000084f8    0000000a                       : exit.obj (.cinit)
                  00008502    00000005     28335timerdriver.obj (.cinit)
                  00008507    00000004     DSP2833x_GlobalVariableDefs.obj (.cinit)
                  0000850b    00000002     --HOLE-- [fill = 0]

.switch    0    0000850e    0000001e     
                  0000850e    0000001e     states.obj (.switch:_canDispatch)

ramfuncs   0    0000852c    00000004     
                  0000852c    00000004     DSP2833x_usDelay.obj (ramfuncs)

.text      0    00009000    00003892     
                  00009000    00001a99     sdo.obj (.text)
                  0000aa99    000005e7     pdo.obj (.text)
                  0000b080    0000044c     DSP2833x_DefaultIsr.obj (.text:retain)
                  0000b4cc    000002ae     states.obj (.text)
                  0000b77a    00000295     lifegrd.obj (.text)
                  0000ba0f    000001ed     DSP28_ECan.obj (.text)
                  0000bbfc    000001c3     CAN_TEST.obj (.text)
                  0000bdbf    000001b3     emcy.obj (.text)
                  0000bf72    00000191     objacces.obj (.text)
                  0000c103    0000015b     ObjDict.obj (.text)
                  0000c25e    000000f7     DSP2833x_SysCtrl.obj (.text)
                  0000c355    000000e9     timer.obj (.text)
                  0000c43e    000000cd     main.obj (.text)
                  0000c50b    000000b9     sync.obj (.text)
                  0000c5c4    0000009b     nmtSlave.obj (.text)
                  0000c65f    00000074     DSP2833x_CpuTimers.obj (.text)
                  0000c6d3    0000004c     nmtMaster.obj (.text)
                  0000c71f    00000046     rts2800_fpu32.lib : boot.obj (.text)
                  0000c765    00000043     28335timerdriver.obj (.text:retain)
                  0000c7a8    00000028     28335timerdriver.obj (.text)
                  0000c7d0    00000028     DSP2833x_PieCtrl.obj (.text)
                  0000c7f8    00000021     rts2800_fpu32.lib : memcpy_ff.obj (.text)
                  0000c819    00000020     DSP2833x_PieVect.obj (.text)
                  0000c839    00000019     rts2800_fpu32.lib : args_main.obj (.text)
                  0000c852    00000019                       : exit.obj (.text)
                  0000c86b    00000016                       : memcmp.obj (.text)
                  0000c881    00000009                       : _lock.obj (.text)
                  0000c88a    00000008     DSP2833x_CodeStartBranch.obj (.text)

csm_rsvd   0    0033ff80    00000076     DSECT
                  0033ff80    00000076     DSP2833x_CSMPasswords.obj (csm_rsvd)

csmpasswds 
*          0    0033fff8    00000008     DSECT
                  0033fff8    00000008     DSP2833x_CSMPasswords.obj (csmpasswds)

.adc_cal   0    00380080    00000007     NOLOAD SECTION
                  00380080    00000007     DSP2833x_ADC_cal.obj (.adc_cal)

.reset     0    003fffc0    00000002     DSECT
                  003fffc0    00000002     rts2800_fpu32.lib : boot.obj (.reset)

.stack     1    00000400    00000300     UNINITIALIZED
                  00000400    00000300     --HOLE--

DevEmuRegsFile 
*          1    00000880    000000d0     UNINITIALIZED
                  00000880    000000d0     DSP2833x_GlobalVariableDefs.obj (DevEmuRegsFile)

FlashRegsFile 
*          1    00000a80    00000008     UNINITIALIZED
                  00000a80    00000008     DSP2833x_GlobalVariableDefs.obj (FlashRegsFile)

CsmRegsFile 
*          1    00000ae0    00000010     UNINITIALIZED
                  00000ae0    00000010     DSP2833x_GlobalVariableDefs.obj (CsmRegsFile)

AdcMirrorFile 
*          1    00000b00    00000010     UNINITIALIZED
                  00000b00    00000010     DSP2833x_GlobalVariableDefs.obj (AdcMirrorFile)

XintfRegsFile 
*          1    00000b20    0000001e     UNINITIALIZED
                  00000b20    0000001e     DSP2833x_GlobalVariableDefs.obj (XintfRegsFile)

CpuTimer0RegsFile 
*          1    00000c00    00000008     UNINITIALIZED
                  00000c00    00000008     DSP2833x_GlobalVariableDefs.obj (CpuTimer0RegsFile)

CpuTimer1RegsFile 
*          1    00000c08    00000008     UNINITIALIZED
                  00000c08    00000008     DSP2833x_GlobalVariableDefs.obj (CpuTimer1RegsFile)

CpuTimer2RegsFile 
*          1    00000c10    00000008     UNINITIALIZED
                  00000c10    00000008     DSP2833x_GlobalVariableDefs.obj (CpuTimer2RegsFile)

PieCtrlRegsFile 
*          1    00000ce0    0000001a     UNINITIALIZED
                  00000ce0    0000001a     DSP2833x_GlobalVariableDefs.obj (PieCtrlRegsFile)

PieVectTableFile 
*          1    00000d00    00000100     UNINITIALIZED
                  00000d00    00000100     DSP2833x_GlobalVariableDefs.obj (PieVectTableFile)

DmaRegsFile 
*          1    00001000    000000e0     UNINITIALIZED
                  00001000    000000e0     DSP2833x_GlobalVariableDefs.obj (DmaRegsFile)

McbspaRegsFile 
*          1    00005000    00000025     UNINITIALIZED
                  00005000    00000025     DSP2833x_GlobalVariableDefs.obj (McbspaRegsFile)

McbspbRegsFile 
*          1    00005040    00000025     UNINITIALIZED
                  00005040    00000025     DSP2833x_GlobalVariableDefs.obj (McbspbRegsFile)

ECanaRegsFile 
*          1    00006000    00000034     UNINITIALIZED
                  00006000    00000034     DSP2833x_GlobalVariableDefs.obj (ECanaRegsFile)

ECanaLAMRegsFile 
*          1    00006040    00000040     UNINITIALIZED
                  00006040    00000040     DSP2833x_GlobalVariableDefs.obj (ECanaLAMRegsFile)

ECanaMOTSRegsFile 
*          1    00006080    00000040     UNINITIALIZED
                  00006080    00000040     DSP2833x_GlobalVariableDefs.obj (ECanaMOTSRegsFile)

ECanaMOTORegsFile 
*          1    000060c0    00000040     UNINITIALIZED
                  000060c0    00000040     DSP2833x_GlobalVariableDefs.obj (ECanaMOTORegsFile)

ECanaMboxesFile 
*          1    00006100    00000100     UNINITIALIZED
                  00006100    00000100     DSP2833x_GlobalVariableDefs.obj (ECanaMboxesFile)

ECanbRegsFile 
*          1    00006200    00000034     UNINITIALIZED
                  00006200    00000034     DSP2833x_GlobalVariableDefs.obj (ECanbRegsFile)

ECanbLAMRegsFile 
*          1    00006240    00000040     UNINITIALIZED
                  00006240    00000040     DSP2833x_GlobalVariableDefs.obj (ECanbLAMRegsFile)

ECanbMOTSRegsFile 
*          1    00006280    00000040     UNINITIALIZED
                  00006280    00000040     DSP2833x_GlobalVariableDefs.obj (ECanbMOTSRegsFile)

ECanbMOTORegsFile 
*          1    000062c0    00000040     UNINITIALIZED
                  000062c0    00000040     DSP2833x_GlobalVariableDefs.obj (ECanbMOTORegsFile)

ECanbMboxesFile 
*          1    00006300    00000100     UNINITIALIZED
                  00006300    00000100     DSP2833x_GlobalVariableDefs.obj (ECanbMboxesFile)

EPwm1RegsFile 
*          1    00006800    00000022     UNINITIALIZED
                  00006800    00000022     DSP2833x_GlobalVariableDefs.obj (EPwm1RegsFile)

EPwm2RegsFile 
*          1    00006840    00000022     UNINITIALIZED
                  00006840    00000022     DSP2833x_GlobalVariableDefs.obj (EPwm2RegsFile)

EPwm3RegsFile 
*          1    00006880    00000022     UNINITIALIZED
                  00006880    00000022     DSP2833x_GlobalVariableDefs.obj (EPwm3RegsFile)

EPwm4RegsFile 
*          1    000068c0    00000022     UNINITIALIZED
                  000068c0    00000022     DSP2833x_GlobalVariableDefs.obj (EPwm4RegsFile)

EPwm5RegsFile 
*          1    00006900    00000022     UNINITIALIZED
                  00006900    00000022     DSP2833x_GlobalVariableDefs.obj (EPwm5RegsFile)

EPwm6RegsFile 
*          1    00006940    00000022     UNINITIALIZED
                  00006940    00000022     DSP2833x_GlobalVariableDefs.obj (EPwm6RegsFile)

ECap1RegsFile 
*          1    00006a00    00000020     UNINITIALIZED
                  00006a00    00000020     DSP2833x_GlobalVariableDefs.obj (ECap1RegsFile)

ECap2RegsFile 
*          1    00006a20    00000020     UNINITIALIZED
                  00006a20    00000020     DSP2833x_GlobalVariableDefs.obj (ECap2RegsFile)

ECap3RegsFile 
*          1    00006a40    00000020     UNINITIALIZED
                  00006a40    00000020     DSP2833x_GlobalVariableDefs.obj (ECap3RegsFile)

ECap4RegsFile 
*          1    00006a60    00000020     UNINITIALIZED
                  00006a60    00000020     DSP2833x_GlobalVariableDefs.obj (ECap4RegsFile)

ECap5RegsFile 
*          1    00006a80    00000020     UNINITIALIZED
                  00006a80    00000020     DSP2833x_GlobalVariableDefs.obj (ECap5RegsFile)

ECap6RegsFile 
*          1    00006aa0    00000020     UNINITIALIZED
                  00006aa0    00000020     DSP2833x_GlobalVariableDefs.obj (ECap6RegsFile)

EQep1RegsFile 
*          1    00006b00    00000040     UNINITIALIZED
                  00006b00    00000040     DSP2833x_GlobalVariableDefs.obj (EQep1RegsFile)

EQep2RegsFile 
*          1    00006b40    00000040     UNINITIALIZED
                  00006b40    00000040     DSP2833x_GlobalVariableDefs.obj (EQep2RegsFile)

GpioCtrlRegsFile 
*          1    00006f80    0000002e     UNINITIALIZED
                  00006f80    0000002e     DSP2833x_GlobalVariableDefs.obj (GpioCtrlRegsFile)

GpioDataRegsFile 
*          1    00006fc0    00000020     UNINITIALIZED
                  00006fc0    00000020     DSP2833x_GlobalVariableDefs.obj (GpioDataRegsFile)

GpioIntRegsFile 
*          1    00006fe0    0000000a     UNINITIALIZED
                  00006fe0    0000000a     DSP2833x_GlobalVariableDefs.obj (GpioIntRegsFile)

SysCtrlRegsFile 
*          1    00007010    00000020     UNINITIALIZED
                  00007010    00000020     DSP2833x_GlobalVariableDefs.obj (SysCtrlRegsFile)

SpiaRegsFile 
*          1    00007040    00000010     UNINITIALIZED
                  00007040    00000010     DSP2833x_GlobalVariableDefs.obj (SpiaRegsFile)

SciaRegsFile 
*          1    00007050    00000010     UNINITIALIZED
                  00007050    00000010     DSP2833x_GlobalVariableDefs.obj (SciaRegsFile)

XIntruptRegsFile 
*          1    00007070    00000010     UNINITIALIZED
                  00007070    00000010     DSP2833x_GlobalVariableDefs.obj (XIntruptRegsFile)

AdcRegsFile 
*          1    00007100    0000001e     UNINITIALIZED
                  00007100    0000001e     DSP2833x_GlobalVariableDefs.obj (AdcRegsFile)

ScibRegsFile 
*          1    00007750    00000010     UNINITIALIZED
                  00007750    00000010     DSP2833x_GlobalVariableDefs.obj (ScibRegsFile)

ScicRegsFile 
*          1    00007770    00000010     UNINITIALIZED
                  00007770    00000010     DSP2833x_GlobalVariableDefs.obj (ScicRegsFile)

I2caRegsFile 
*          1    00007900    00000022     UNINITIALIZED
                  00007900    00000022     DSP2833x_GlobalVariableDefs.obj (I2caRegsFile)

.ebss      1    0000d000    000005c4     UNINITIALIZED
                  0000d000    000004c6     ObjDict.obj (.ebss)
                  0000d4c6    00000020     DSP2833x_GlobalVariableDefs.obj (.ebss)
                  0000d4e6    00000018     DSP2833x_CpuTimers.obj (.ebss)
                  0000d4fe    00000002     28335timerdriver.obj (.ebss)
                  0000d500    000000a0     timer.obj (.ebss)
                  0000d5a0    00000015     main.obj (.ebss)
                  0000d5b5    00000001     --HOLE--
                  0000d5b6    00000004     DSP2833x_DefaultIsr.obj (.ebss)
                  0000d5ba    00000004     rts2800_fpu32.lib : _lock.obj (.ebss)
                  0000d5be    00000002     --HOLE--
                  0000d5c0    00000004                       : exit.obj (.ebss)

.econst    1    0000e000    000001ae     
                  0000e000    00000100     DSP2833x_PieVect.obj (.econst)
                  0000e100    00000074     ObjDict.obj (.econst:_ObjDict_objdict)
                  0000e174    0000001c     states.obj (.econst)
                  0000e190    0000000e     ObjDict.obj (.econst)
                  0000e19e    00000008     states.obj (.econst:_$P$T4$5)
                  0000e1a6    00000008     states.obj (.econst:_$P$T5$6)

CsmPwlFile 
*          1    0033fff8    00000008     UNINITIALIZED
                  0033fff8    00000008     DSP2833x_GlobalVariableDefs.obj (CsmPwlFile)

PartIdRegsFile 
*          1    00380090    00000001     UNINITIALIZED
                  00380090    00000001     DSP2833x_GlobalVariableDefs.obj (PartIdRegsFile)


GLOBAL DATA SYMBOLS: SORTED BY DATA PAGE

address     data page           name
--------    ----------------    ----
00000400      10 (00000400)     __stack

00000880      22 (00000880)     _DevEmuRegs

00000a80      2a (00000a80)     _FlashRegs

00000ae0      2b (00000ac0)     _CsmRegs

00000b00      2c (00000b00)     _AdcMirror
00000b20      2c (00000b00)     _XintfRegs

00000c00      30 (00000c00)     _CpuTimer0Regs
00000c08      30 (00000c00)     _CpuTimer1Regs
00000c10      30 (00000c00)     _CpuTimer2Regs

00000ce0      33 (00000cc0)     _PieCtrlRegs

00000d00      34 (00000d00)     _PieVectTable

00001000      40 (00001000)     _DmaRegs

00005000     140 (00005000)     _McbspaRegs

00005040     141 (00005040)     _McbspbRegs

00006000     180 (00006000)     _ECanaRegs

00006040     181 (00006040)     _ECanaLAMRegs

00006080     182 (00006080)     _ECanaMOTSRegs

000060c0     183 (000060c0)     _ECanaMOTORegs

00006100     184 (00006100)     _ECanaMboxes

00006200     188 (00006200)     _ECanbRegs

00006240     189 (00006240)     _ECanbLAMRegs

00006280     18a (00006280)     _ECanbMOTSRegs

000062c0     18b (000062c0)     _ECanbMOTORegs

00006300     18c (00006300)     _ECanbMboxes

00006800     1a0 (00006800)     _EPwm1Regs

00006840     1a1 (00006840)     _EPwm2Regs

00006880     1a2 (00006880)     _EPwm3Regs

000068c0     1a3 (000068c0)     _EPwm4Regs

00006900     1a4 (00006900)     _EPwm5Regs

00006940     1a5 (00006940)     _EPwm6Regs

00006a00     1a8 (00006a00)     _ECap1Regs
00006a20     1a8 (00006a00)     _ECap2Regs

00006a40     1a9 (00006a40)     _ECap3Regs
00006a60     1a9 (00006a40)     _ECap4Regs

00006a80     1aa (00006a80)     _ECap5Regs
00006aa0     1aa (00006a80)     _ECap6Regs

00006b00     1ac (00006b00)     _EQep1Regs

00006b40     1ad (00006b40)     _EQep2Regs

00006f80     1be (00006f80)     _GpioCtrlRegs

00006fc0     1bf (00006fc0)     _GpioDataRegs
00006fe0     1bf (00006fc0)     _GpioIntRegs

00007010     1c0 (00007000)     _SysCtrlRegs

00007040     1c1 (00007040)     _SpiaRegs
00007050     1c1 (00007040)     _SciaRegs
00007070     1c1 (00007040)     _XIntruptRegs

00007100     1c4 (00007100)     _AdcRegs

00007750     1dd (00007740)     _ScibRegs
00007770     1dd (00007740)     _ScicRegs

00007900     1e4 (00007900)     _I2caRegs

0000d000     340 (0000d000)     _ObjDict_obj1400_Inhibit_Time
0000d001     340 (0000d000)     _ObjDict_obj1400_Compatibility_Entry
0000d002     340 (0000d000)     _ObjDict_highestSubIndex_obj1400
0000d003     340 (0000d000)     _ObjDict_obj1400_Transmission_Type
0000d004     340 (0000d000)     _ObjDict_highestSubIndex_obj1800
0000d005     340 (0000d000)     _ObjDict_obj1800_Transmission_Type
0000d006     340 (0000d000)     _ObjDict_obj1400_Event_Timer
0000d007     340 (0000d000)     _ObjDict_highestSubIndex_obj1600
0000d008     340 (0000d000)     _ObjDict_highestSubIndex_obj1010
0000d009     340 (0000d000)     _ObjDict_highestSubIndex_obj1011
0000d00a     340 (0000d000)     _ObjDict_obj100C
0000d00b     340 (0000d000)     _ObjDict_obj100D
0000d00c     340 (0000d000)     _ObjDict_highestSubIndex_obj1018
0000d00d     340 (0000d000)     _ObjDict_highestSubIndex_obj1200
0000d00e     340 (0000d000)     _ObjDict_highestSubIndex_obj1016
0000d00f     340 (0000d000)     _ObjDict_highestSubIndex_obj6008
0000d010     340 (0000d000)     _ObjDict_highestSubIndex_obj6200
0000d011     340 (0000d000)     _ObjDict_highestSubIndex_obj6006
0000d012     340 (0000d000)     _ObjDict_highestSubIndex_obj6007
0000d013     340 (0000d000)     _ObjDict_highestSubIndex_obj6207
0000d014     340 (0000d000)     _ObjDict_highestSubIndex_obj6202
0000d015     340 (0000d000)     _ObjDict_highestSubIndex_obj6206
0000d016     340 (0000d000)     _ObjDict_obj1800_Compatibility_Entry
0000d017     340 (0000d000)     _ObjDict_obj1800_Event_Timer
0000d018     340 (0000d000)     _ObjDict_obj1017
0000d019     340 (0000d000)     _ObjDict_obj1800_Inhibit_Time
0000d01a     340 (0000d000)     _ObjDict_highestSubIndex_obj6002
0000d01b     340 (0000d000)     _ObjDict_highestSubIndex_obj6003
0000d01c     340 (0000d000)     _ObjDict_highestSubIndex_obj1A00
0000d01d     340 (0000d000)     _ObjDict_highestSubIndex_obj6000
0000d01e     340 (0000d000)     _Error_Mode_Outputs_8_Bit
0000d01f     340 (0000d000)     _Error_Value_Outputs_8_Bit
0000d020     340 (0000d000)     _Write_Outputs_8_Bit
0000d021     340 (0000d000)     _Change_Polarity_Outputs_8_Bit
0000d022     340 (0000d000)     _Interrupt_Mask_High_to_Low_8_Bit
0000d023     340 (0000d000)     _ObjDict_obj1001
0000d024     340 (0000d000)     _ObjDict_highestSubIndex_obj1003
0000d025     340 (0000d000)     _ObjDict_heartBeatTimers
0000d026     340 (0000d000)     _Filter_Constant_Input_8_Bit
0000d027     340 (0000d000)     _Global_Interrupt_Enable_Digital
0000d028     340 (0000d000)     _Read_Inputs_8_Bit
0000d029     340 (0000d000)     _Polarity_Input_8_Bit
0000d02a     340 (0000d000)     _Interrupt_Mask_Low_to_High_8_Bit
0000d02b     340 (0000d000)     _ObjDict_bDeviceNodeId
0000d02c     340 (0000d000)     _Interrupt_Mask_Any_Change_8_Bit
0000d02e     340 (0000d000)     _ObjDict_obj1400_COB_ID_used_by_PDO
0000d030     340 (0000d000)     _ObjDict_obj1200_COB_ID_Server_to_Client_Transmit_SDO
0000d032     340 (0000d000)     _ObjDict_obj1003
0000d034     340 (0000d000)     _ObjDict_obj1800_COB_ID_used_by_PDO
0000d036     340 (0000d000)     _ObjDict_obj1A00
0000d038     340 (0000d000)     _ObjDict_obj1000
0000d03a     340 (0000d000)     _ObjDict_obj1600
0000d03c     340 (0000d000)     _ObjDict_obj1200_COB_ID_Client_to_Server_Receive_SDO
0000d03e     340 (0000d000)     _ObjDict_obj1018_Serial_Number

0000d040     341 (0000d040)     _ObjDict_obj1011_Restore_Application_Default_Parameters
0000d042     341 (0000d040)     _ObjDict_obj1011_Restore_Communication_Default_Parameters
0000d044     341 (0000d040)     _ObjDict_obj1011_Restore_Manufacturer_Defined_Default_Parameters_1
0000d046     341 (0000d040)     _ObjDict_obj1006
0000d048     341 (0000d040)     _ObjDict_obj1014
0000d04a     341 (0000d040)     _ObjDict_obj1010_Save_All_Parameters
0000d04c     341 (0000d040)     _ObjDict_obj1010_Save_Communication_Parameters
0000d04e     341 (0000d040)     _ObjDict_obj1010_Save_Application_Parameters
0000d050     341 (0000d040)     _ObjDict_obj1011_Restore_All_Default_Parameters
0000d052     341 (0000d040)     _ObjDict_obj1010_Save_Manufacturer_Parameters_1
0000d054     341 (0000d040)     _ObjDict_obj1016
0000d056     341 (0000d040)     _ObjDict_obj1018_Product_Code
0000d058     341 (0000d040)     _ObjDict_obj1018_Vendor_ID
0000d05a     341 (0000d040)     _ObjDict_obj1005
0000d05c     341 (0000d040)     _ObjDict_obj1018_Revision_Number
0000d05e     341 (0000d040)     _ObjDict_Index100A
0000d066     341 (0000d040)     _ObjDict_Index1005
0000d06e     341 (0000d040)     _ObjDict_Index1000
0000d076     341 (0000d040)     _ObjDict_Index6005

0000d080     342 (0000d080)     _ObjDict_Index1008
0000d088     342 (0000d080)     _ObjDict_Index1017
0000d090     342 (0000d080)     _ObjDict_Index1001
0000d098     342 (0000d080)     _ObjDict_Index1009
0000d0a0     342 (0000d080)     _ObjDict_Index1014
0000d0a8     342 (0000d080)     _ObjDict_obj100A
0000d0b2     342 (0000d080)     _ObjDict_obj1009

0000d0c0     343 (0000d0c0)     _ObjDict_obj1008
0000d0ca     343 (0000d0c0)     _ObjDict_PDO_status
0000d0d8     343 (0000d0c0)     _ObjDict_Index6207
0000d0e8     343 (0000d0c0)     _ObjDict_Index6206

0000d100     344 (0000d100)     _ObjDict_Index6008
0000d110     344 (0000d100)     _ObjDict_Index6202
0000d120     344 (0000d100)     _ObjDict_Index6200
0000d130     344 (0000d100)     _ObjDict_Index6007

0000d140     345 (0000d140)     _ObjDict_Index1A00
0000d150     345 (0000d140)     _ObjDict_Index6000
0000d160     345 (0000d140)     _ObjDict_Index1016
0000d170     345 (0000d140)     _ObjDict_Index1600

0000d180     346 (0000d180)     _ObjDict_Index6003
0000d190     346 (0000d180)     _ObjDict_Index6006
0000d1a0     346 (0000d180)     _ObjDict_Index6002
0000d1b0     346 (0000d180)     _ObjDict_Index1003

0000d1c0     347 (0000d1c0)     _ObjDict_Index1200
0000d1d8     347 (0000d1c0)     _ObjDict_Index1018

0000d200     348 (0000d200)     _ObjDict_Index1011

0000d240     349 (0000d240)     _ObjDict_Index1010

0000d280     34a (0000d280)     _ObjDict_Index1400

0000d2c0     34b (0000d2c0)     _ObjDict_Index1800

0000d300     34c (0000d300)     _ObjDict_Data

0000d4c6     353 (0000d4c0)     _flag
0000d4c7     353 (0000d4c0)     _msg_received
0000d4c8     353 (0000d4c0)     _canastate
0000d4ca     353 (0000d4c0)     _canrxmsg
0000d4d8     353 (0000d4c0)     _cantxmsg
0000d4e6     353 (0000d4c0)     _CpuTimer1
0000d4ee     353 (0000d4c0)     _CpuTimer2
0000d4f6     353 (0000d4c0)     _CpuTimer0

0000d500     354 (0000d500)     _tdcount
0000d501     354 (0000d500)     _last_timer_raw
0000d502     354 (0000d500)     _total_sleep_time

0000d540     355 (0000d540)     _timers

0000d5a0     356 (0000d580)     _datatmpl
0000d5a2     356 (0000d580)     _datatmph
0000d5a4     356 (0000d580)     _CanId
0000d5a6     356 (0000d580)     _numb
0000d5b6     356 (0000d580)     _Rec_h
0000d5b8     356 (0000d580)     _Rec_l
0000d5ba     356 (0000d580)     __unlock
0000d5bc     356 (0000d580)     __lock

0000d5c0     357 (0000d5c0)     ___TI_cleanup_ptr
0000d5c2     357 (0000d5c0)     ___TI_dtors_ptr

0000e000     380 (0000e000)     _PieVectTableInit

0000e100     384 (0000e100)     _ObjDict_objdict

0000e190     386 (0000e180)     _ObjDict_ObjdictSize
0000e191     386 (0000e180)     _ObjDict_iam_a_slave
0000e192     386 (0000e180)     _ObjDict_lastIndex
0000e198     386 (0000e180)     _ObjDict_firstIndex

0033fff8    cfff (0033ffc0)     _CsmPwl

00380090    e002 (00380080)     _PartIdRegs


GLOBAL SYMBOLS: SORTED ALPHABETICALLY BY Name 

address    name
--------   ----
00009000   .text
0000c852   C$$EXIT
0000b166   _ADCINT_ISR
00380080   _ADC_cal
00000b00   _AdcMirror
00007100   _AdcRegs
0000bcf8   _CanConfigTxMb
0000bcce   _CanFindIdleTxMb
0000d5a4   _CanId
0000c43e   _CanTest2
0000bda6   _CanTxMsg
0000c44b   _CanTxTest
0000d021   _Change_Polarity_Outputs_8_Bit
0000c698   _ConfigCpuTimer
0000b78b   _ConsumerHeartbeatAlarm
0000ad10   _CopyBits
0000d4f6   _CpuTimer0
00000c00   _CpuTimer0Regs
0000d4e6   _CpuTimer1
00000c08   _CpuTimer1Regs
0000d4ee   _CpuTimer2
00000c10   _CpuTimer2Regs
0033fff8   _CsmPwl
00000ae0   _CsmRegs
0000c324   _CsmUnlock
0000b094   _DATALOG_ISR
0000b288   _DINTCH1_ISR
0000b292   _DINTCH2_ISR
0000b29c   _DINTCH3_ISR
0000b2a6   _DINTCH4_ISR
0000b2b0   _DINTCH5_ISR
0000b2ba   _DINTCH6_ISR
0000852c   _DSP28x_usDelay
0000c3af   _DelAlarm
00000880   _DevEmuRegs
0000c271   _DisableDog
00001000   _DmaRegs
0000b314   _ECAN0INTA_ISR
0000b45e   _ECAN0INTB_ISR
0000b454   _ECAN1INTA_ISR
0000b468   _ECAN1INTB_ISR
0000b1fc   _ECAP1_INT_ISR
0000b206   _ECAP2_INT_ISR
0000b210   _ECAP3_INT_ISR
0000b21a   _ECAP4_INT_ISR
0000b224   _ECAP5_INT_ISR
0000b22e   _ECAP6_INT_ISR
00006040   _ECanaLAMRegs
000060c0   _ECanaMOTORegs
00006080   _ECanaMOTSRegs
00006100   _ECanaMboxes
00006000   _ECanaRegs
00006240   _ECanbLAMRegs
000062c0   _ECanbMOTORegs
00006280   _ECanbMOTSRegs
00006300   _ECanbMboxes
00006200   _ECanbRegs
00006a00   _ECap1Regs
00006a20   _ECap2Regs
00006a40   _ECap3Regs
00006a60   _ECap4Regs
00006a80   _ECap5Regs
00006aa0   _ECap6Regs
0000beea   _EMCY_errorRecovered
0000be21   _EMCY_setError
0000b0a8   _EMUINT_ISR
0000b1c0   _EPWM1_INT_ISR
0000b184   _EPWM1_TZINT_ISR
0000b1ca   _EPWM2_INT_ISR
0000b18e   _EPWM2_TZINT_ISR
0000b1d4   _EPWM3_INT_ISR
0000b198   _EPWM3_TZINT_ISR
0000b1de   _EPWM4_INT_ISR
0000b1a2   _EPWM4_TZINT_ISR
0000b1e8   _EPWM5_INT_ISR
0000b1ac   _EPWM5_TZINT_ISR
0000b1f2   _EPWM6_INT_ISR
0000b1b6   _EPWM6_TZINT_ISR
00006800   _EPwm1Regs
00006840   _EPwm2Regs
00006880   _EPwm3Regs
000068c0   _EPwm4Regs
00006900   _EPwm5Regs
00006940   _EPwm6Regs
0000b238   _EQEP1_INT_ISR
0000b242   _EQEP2_INT_ISR
00006b00   _EQep1Regs
00006b40   _EQep2Regs
0000c7ef   _EnableInterrupts
0000d01e   _Error_Mode_Outputs_8_Bit
0000d01f   _Error_Value_Outputs_8_Bit
0000d026   _Filter_Constant_Input_8_Bit
00000a80   _FlashRegs
0000a695   _GetSDOClientFromNodeId
0000d027   _Global_Interrupt_Enable_Digital
00006f80   _GpioCtrlRegs
00006fc0   _GpioDataRegs
00006fe0   _GpioIntRegs
0000b888   _GuardTimeAlarm
0000b2c4   _I2CINT1A_ISR
0000b2ce   _I2CINT2A_ISR
00007900   _I2caRegs
0000b0bc   _ILLEGAL_ISR
0000b080   _INT13_ISR
0000b08a   _INT14_ISR
0000c65f   _InitCpuTimers
0000ba0f   _InitECan
0000c2c9   _InitPeripheralClocks
0000c7d0   _InitPieCtrl
0000c819   _InitPieVectTable
0000c279   _InitPll
0000c25e   _InitSysCtrl
0000d02c   _Interrupt_Mask_Any_Change_8_Bit
0000d022   _Interrupt_Mask_High_to_Low_8_Bit
0000d02a   _Interrupt_Mask_Low_to_High_8_Bit
0000b4ae   _LUF_ISR
0000b4a4   _LVF_ISR
0000b274   _MRINTA_ISR
0000b260   _MRINTB_ISR
0000b27e   _MXINTA_ISR
0000b26a   _MXINTB_ISR
00005000   _McbspaRegs
00005040   _McbspbRegs
0000b0b2   _NMI_ISR
0000d300   _ObjDict_Data
0000d06e   _ObjDict_Index1000
0000d090   _ObjDict_Index1001
0000d1b0   _ObjDict_Index1003
0000d066   _ObjDict_Index1005
0000d080   _ObjDict_Index1008
0000d098   _ObjDict_Index1009
0000d05e   _ObjDict_Index100A
0000d240   _ObjDict_Index1010
0000d200   _ObjDict_Index1011
0000d0a0   _ObjDict_Index1014
0000d160   _ObjDict_Index1016
0000d088   _ObjDict_Index1017
0000d1d8   _ObjDict_Index1018
0000d1c0   _ObjDict_Index1200
0000d280   _ObjDict_Index1400
0000d170   _ObjDict_Index1600
0000d2c0   _ObjDict_Index1800
0000d140   _ObjDict_Index1A00
0000d150   _ObjDict_Index6000
0000d1a0   _ObjDict_Index6002
0000d180   _ObjDict_Index6003
0000d076   _ObjDict_Index6005
0000d190   _ObjDict_Index6006
0000d130   _ObjDict_Index6007
0000d100   _ObjDict_Index6008
0000d120   _ObjDict_Index6200
0000d110   _ObjDict_Index6202
0000d0e8   _ObjDict_Index6206
0000d0d8   _ObjDict_Index6207
0000e190   _ObjDict_ObjdictSize
0000d0ca   _ObjDict_PDO_status
0000d02b   _ObjDict_bDeviceNodeId
0000e198   _ObjDict_firstIndex
0000d025   _ObjDict_heartBeatTimers
0000d024   _ObjDict_highestSubIndex_obj1003
0000d008   _ObjDict_highestSubIndex_obj1010
0000d009   _ObjDict_highestSubIndex_obj1011
0000d00e   _ObjDict_highestSubIndex_obj1016
0000d00c   _ObjDict_highestSubIndex_obj1018
0000d00d   _ObjDict_highestSubIndex_obj1200
0000d002   _ObjDict_highestSubIndex_obj1400
0000d007   _ObjDict_highestSubIndex_obj1600
0000d004   _ObjDict_highestSubIndex_obj1800
0000d01c   _ObjDict_highestSubIndex_obj1A00
0000d01d   _ObjDict_highestSubIndex_obj6000
0000d01a   _ObjDict_highestSubIndex_obj6002
0000d01b   _ObjDict_highestSubIndex_obj6003
0000d011   _ObjDict_highestSubIndex_obj6006
0000d012   _ObjDict_highestSubIndex_obj6007
0000d00f   _ObjDict_highestSubIndex_obj6008
0000d010   _ObjDict_highestSubIndex_obj6200
0000d014   _ObjDict_highestSubIndex_obj6202
0000d015   _ObjDict_highestSubIndex_obj6206
0000d013   _ObjDict_highestSubIndex_obj6207
0000e191   _ObjDict_iam_a_slave
0000e192   _ObjDict_lastIndex
0000d038   _ObjDict_obj1000
0000d023   _ObjDict_obj1001
0000d032   _ObjDict_obj1003
0000d05a   _ObjDict_obj1005
0000d046   _ObjDict_obj1006
0000d0c0   _ObjDict_obj1008
0000d0b2   _ObjDict_obj1009
0000d0a8   _ObjDict_obj100A
0000d00a   _ObjDict_obj100C
0000d00b   _ObjDict_obj100D
0000d04a   _ObjDict_obj1010_Save_All_Parameters
0000d04e   _ObjDict_obj1010_Save_Application_Parameters
0000d04c   _ObjDict_obj1010_Save_Communication_Parameters
0000d052   _ObjDict_obj1010_Save_Manufacturer_Parameters_1
0000d050   _ObjDict_obj1011_Restore_All_Default_Parameters
0000d040   _ObjDict_obj1011_Restore_Application_Default_Parameters
0000d042   _ObjDict_obj1011_Restore_Communication_Default_Parameters
0000d044   _ObjDict_obj1011_Restore_Manufacturer_Defined_Default_Parameters_1
0000d048   _ObjDict_obj1014
0000d054   _ObjDict_obj1016
0000d018   _ObjDict_obj1017
0000d056   _ObjDict_obj1018_Product_Code
0000d05c   _ObjDict_obj1018_Revision_Number
0000d03e   _ObjDict_obj1018_Serial_Number
0000d058   _ObjDict_obj1018_Vendor_ID
0000d03c   _ObjDict_obj1200_COB_ID_Client_to_Server_Receive_SDO
0000d030   _ObjDict_obj1200_COB_ID_Server_to_Client_Transmit_SDO
0000d02e   _ObjDict_obj1400_COB_ID_used_by_PDO
0000d001   _ObjDict_obj1400_Compatibility_Entry
0000d006   _ObjDict_obj1400_Event_Timer
0000d000   _ObjDict_obj1400_Inhibit_Time
0000d003   _ObjDict_obj1400_Transmission_Type
0000d03a   _ObjDict_obj1600
0000d034   _ObjDict_obj1800_COB_ID_used_by_PDO
0000d016   _ObjDict_obj1800_Compatibility_Entry
0000d017   _ObjDict_obj1800_Event_Timer
0000d019   _ObjDict_obj1800_Inhibit_Time
0000d005   _ObjDict_obj1800_Transmission_Type
0000d036   _ObjDict_obj1A00
0000e100   _ObjDict_objdict
0000c113   _ObjDict_scanIndexOD
0000c103   _ObjDict_valueRangeTest
0000c513   _OnCOB_ID_SyncUpdate
0000b8e3   _OnHeartbeatProducerUpdate
0000b8d6   _OnNodeGuardUpdate
0000bdbf   _OnNumberOfErrorsUpdate
0000b065   _PDODisable
0000b04a   _PDOEnable
0000ae5e   _PDOEventTimerAlarm
0000ae78   _PDOInhibitTimerAlarm
0000afc9   _PDOInit
0000b003   _PDOStop
0000b4b8   _PIE_RESERVED
00380090   _PartIdRegs
00000ce0   _PieCtrlRegs
00000d00   _PieVectTable
0000e000   _PieVectTableInit
0000d029   _Polarity_Input_8_Bit
0000b85f   _ProducerHeartbeatAlarm
0000b09e   _RTOSINT_ISR
0000d028   _Read_Inputs_8_Bit
0000d5b6   _Rec_h
0000d5b8   _Rec_l
0000c0dd   _RegisterSetODentryCallBack
0000b2ec   _SCIRXINTA_ISR
0000b300   _SCIRXINTB_ISR
0000b2d8   _SCIRXINTC_ISR
0000b2f6   _SCITXINTA_ISR
0000b30a   _SCITXINTB_ISR
0000b2e2   _SCITXINTC_ISR
00009000   _SDOTimeoutAlarm
0000909d   _SDOlineToObjdict
0000918c   _SDOtoLine
0000b13e   _SEQ1INT_ISR
0000b148   _SEQ2INT_ISR
0000b24c   _SPIRXINTA_ISR
0000b256   _SPITXINTA_ISR
00007050   _SciaRegs
00007750   _ScibRegs
00007770   _ScicRegs
0000c267   _ServiceDog
0000c355   _SetAlarm
00007040   _SpiaRegs
0000c50b   _SyncAlarm
00007010   _SysCtrlRegs
0000b170   _TINT0_ISR
0000af77   _TPDO_Communication_Parameter_Callback
0000c3c5   _TimeDispatch
0000b120   _USER10_ISR
0000b12a   _USER11_ISR
0000b134   _USER12_ISR
0000b0c6   _USER1_ISR
0000b0d0   _USER2_ISR
0000b0da   _USER3_ISR
0000b0e4   _USER4_ISR
0000b0ee   _USER5_ISR
0000b0f8   _USER6_ISR
0000b102   _USER7_ISR
0000b10c   _USER8_ISR
0000b116   _USER9_ISR
0000b17a   _WAKEINT_ISR
0000d020   _Write_Outputs_8_Bit
0000b152   _XINT1_ISR
0000b15c   _XINT2_ISR
0000b472   _XINT3_ISR
0000b47c   _XINT4_ISR
0000b486   _XINT5_ISR
0000b490   _XINT6_ISR
0000b49a   _XINT7_ISR
00007070   _XIntruptRegs
00000b20   _XintfRegs
0000ae93   __RxPDO_EventTimers_Handler
00000700   __STACK_END
00000300   __STACK_SIZE
00000001   __TI_args_main
0000d5c0   ___TI_cleanup_ptr
0000d5c2   ___TI_dtors_ptr
ffffffff   ___binit__
ffffffff   ___c_args__
00008000   ___cinit__
0000c892   ___etext__
0000c7f8   ___memcpy_ff
ffffffff   ___pinit__
00009000   ___text__
0000c839   __args_main
0000bf79   __getODentry
0000b9fa   __heartbeatError
0000b760   __initialisation
0000d5bc   __lock
0000ba0a   __nodeguardError
0000c889   __nop
0000b772   __operational
0000b9ff   __post_SlaveBootup
0000ba04   __post_SlaveStateChange
0000c5c0   __post_TPDO
0000bf6b   __post_emcy
0000c5bc   __post_sync
0000b764   __preOperational
0000a88d   __readNetworkDict
0000c885   __register_lock
0000c881   __register_unlock
0000ae98   __sendPDOevent
0000c011   __setODentry
00000400   __stack
0000b776   __stopped
0000c0fc   __storeODSubIndex
0000d5ba   __unlock
0000a6e9   __writeNetworkDict
0000c852   _abort
0000bf72   _accessDictionaryError
0000aa99   _buildPDO
0000c71f   _c_int00
0000b4d3   _canDispatch
0000bbfc   _canReceive
0000bca1   _canSend
0000d4c8   _canastate
0000d4ca   _canrxmsg
0000d4d8   _cantxmsg
0000937c   _closeSDOtransfer
0000c765   _cpu_timer0_isr
0000d5a2   _datatmph
0000d5a0   _datatmpl
0000bddf   _emergencyInit
0000bdf0   _emergencyStop
0000c854   _exit
000091ce   _failedSDO
0000d4c6   _flag
0000c7c5   _getElapsedTime
0000b64a   _getNodeId
0000b77a   _getNodeState
0000a9c7   _getReadResultNetworkDict
000092f2   _getSDOfreeLine
00009314   _getSDOlineOnUse
0000939a   _getSDOlineRestBytes
0000934c   _getSDOlineToClose
0000b4cc   _getState
0000aa5d   _getWriteResultNetworkDict
0000b90c   _heartbeatInit
0000b9b7   _heartbeatStop
0000924c   _initSDOline
0000c7a8   _initTimer
0000d501   _last_timer_raw
0000b9e6   _lifeGuardInit
0000b9f0   _lifeGuardStop
00009120   _lineToSDO
0000c4a8   _main
0000c6fd   _masterRequestNodeState
0000c6e9   _masterSendNMTnodeguard
0000c6d3   _masterSendNMTstateChange
0000c86b   _memcmp
0000d4c7   _msg_received
0000b961   _nodeguardInit
0000b9da   _nodeguardStop
0000d5a6   _numb
000090e1   _objdictToSDOline
0000bf4a   _proceedEMCY
0000c5c4   _proceedNMTstateChange
0000b7ae   _proceedNODE_GUARD
0000ab68   _proceedPDO
00009466   _proceedSDO
0000c5a0   _proceedSYNC
0000a924   _readNetworkDict
0000a937   _readNetworkDictCallback
0000a94a   _readNetworkDictCallbackAI
0000a6d2   _resetClientSDOLineFromNodeId
00009090   _resetSDO
0000921c   _resetSDOline
0000b4c2   _rsvd_ISR
0000bdf4   _sendEMCY
0000ad93   _sendOnePDOevent
0000ad8b   _sendPDOevent
0000ab2c   _sendPDOrequest
000093d1   _sendSDO
0000943c   _sendSDOabort
0000c594   _sendSYNC
0000c580   _sendSYNCMessage
0000b651   _setNodeId
000093bc   _setSDOlineRestBytes
0000b5cf   _setState
0000c7bd   _setTimer
0000c648   _slaveSendBootUp
0000c51d   _startSYNC
0000c564   _stopSYNC
0000b522   _switchCommunicationState
0000d500   _tdcount
0000d540   _timers
0000d502   _total_sleep_time
0000a7d1   _writeNetworkDict
0000a7ea   _writeNetworkDictCallBack
0000a803   _writeNetworkDictCallBackAI
ffffffff   binit
00008000   cinit
00000000   code_start
0000c892   etext
ffffffff   pinit


GLOBAL SYMBOLS: SORTED BY Symbol Address 

address    name
--------   ----
00000000   code_start
00000001   __TI_args_main
00000300   __STACK_SIZE
00000400   __stack
00000700   __STACK_END
00000880   _DevEmuRegs
00000a80   _FlashRegs
00000ae0   _CsmRegs
00000b00   _AdcMirror
00000b20   _XintfRegs
00000c00   _CpuTimer0Regs
00000c08   _CpuTimer1Regs
00000c10   _CpuTimer2Regs
00000ce0   _PieCtrlRegs
00000d00   _PieVectTable
00001000   _DmaRegs
00005000   _McbspaRegs
00005040   _McbspbRegs
00006000   _ECanaRegs
00006040   _ECanaLAMRegs
00006080   _ECanaMOTSRegs
000060c0   _ECanaMOTORegs
00006100   _ECanaMboxes
00006200   _ECanbRegs
00006240   _ECanbLAMRegs
00006280   _ECanbMOTSRegs
000062c0   _ECanbMOTORegs
00006300   _ECanbMboxes
00006800   _EPwm1Regs
00006840   _EPwm2Regs
00006880   _EPwm3Regs
000068c0   _EPwm4Regs
00006900   _EPwm5Regs
00006940   _EPwm6Regs
00006a00   _ECap1Regs
00006a20   _ECap2Regs
00006a40   _ECap3Regs
00006a60   _ECap4Regs
00006a80   _ECap5Regs
00006aa0   _ECap6Regs
00006b00   _EQep1Regs
00006b40   _EQep2Regs
00006f80   _GpioCtrlRegs
00006fc0   _GpioDataRegs
00006fe0   _GpioIntRegs
00007010   _SysCtrlRegs
00007040   _SpiaRegs
00007050   _SciaRegs
00007070   _XIntruptRegs
00007100   _AdcRegs
00007750   _ScibRegs
00007770   _ScicRegs
00007900   _I2caRegs
00008000   ___cinit__
00008000   cinit
0000852c   _DSP28x_usDelay
00009000   .text
00009000   _SDOTimeoutAlarm
00009000   ___text__
00009090   _resetSDO
0000909d   _SDOlineToObjdict
000090e1   _objdictToSDOline
00009120   _lineToSDO
0000918c   _SDOtoLine
000091ce   _failedSDO
0000921c   _resetSDOline
0000924c   _initSDOline
000092f2   _getSDOfreeLine
00009314   _getSDOlineOnUse
0000934c   _getSDOlineToClose
0000937c   _closeSDOtransfer
0000939a   _getSDOlineRestBytes
000093bc   _setSDOlineRestBytes
000093d1   _sendSDO
0000943c   _sendSDOabort
00009466   _proceedSDO
0000a695   _GetSDOClientFromNodeId
0000a6d2   _resetClientSDOLineFromNodeId
0000a6e9   __writeNetworkDict
0000a7d1   _writeNetworkDict
0000a7ea   _writeNetworkDictCallBack
0000a803   _writeNetworkDictCallBackAI
0000a88d   __readNetworkDict
0000a924   _readNetworkDict
0000a937   _readNetworkDictCallback
0000a94a   _readNetworkDictCallbackAI
0000a9c7   _getReadResultNetworkDict
0000aa5d   _getWriteResultNetworkDict
0000aa99   _buildPDO
0000ab2c   _sendPDOrequest
0000ab68   _proceedPDO
0000ad10   _CopyBits
0000ad8b   _sendPDOevent
0000ad93   _sendOnePDOevent
0000ae5e   _PDOEventTimerAlarm
0000ae78   _PDOInhibitTimerAlarm
0000ae93   __RxPDO_EventTimers_Handler
0000ae98   __sendPDOevent
0000af77   _TPDO_Communication_Parameter_Callback
0000afc9   _PDOInit
0000b003   _PDOStop
0000b04a   _PDOEnable
0000b065   _PDODisable
0000b080   _INT13_ISR
0000b08a   _INT14_ISR
0000b094   _DATALOG_ISR
0000b09e   _RTOSINT_ISR
0000b0a8   _EMUINT_ISR
0000b0b2   _NMI_ISR
0000b0bc   _ILLEGAL_ISR
0000b0c6   _USER1_ISR
0000b0d0   _USER2_ISR
0000b0da   _USER3_ISR
0000b0e4   _USER4_ISR
0000b0ee   _USER5_ISR
0000b0f8   _USER6_ISR
0000b102   _USER7_ISR
0000b10c   _USER8_ISR
0000b116   _USER9_ISR
0000b120   _USER10_ISR
0000b12a   _USER11_ISR
0000b134   _USER12_ISR
0000b13e   _SEQ1INT_ISR
0000b148   _SEQ2INT_ISR
0000b152   _XINT1_ISR
0000b15c   _XINT2_ISR
0000b166   _ADCINT_ISR
0000b170   _TINT0_ISR
0000b17a   _WAKEINT_ISR
0000b184   _EPWM1_TZINT_ISR
0000b18e   _EPWM2_TZINT_ISR
0000b198   _EPWM3_TZINT_ISR
0000b1a2   _EPWM4_TZINT_ISR
0000b1ac   _EPWM5_TZINT_ISR
0000b1b6   _EPWM6_TZINT_ISR
0000b1c0   _EPWM1_INT_ISR
0000b1ca   _EPWM2_INT_ISR
0000b1d4   _EPWM3_INT_ISR
0000b1de   _EPWM4_INT_ISR
0000b1e8   _EPWM5_INT_ISR
0000b1f2   _EPWM6_INT_ISR
0000b1fc   _ECAP1_INT_ISR
0000b206   _ECAP2_INT_ISR
0000b210   _ECAP3_INT_ISR
0000b21a   _ECAP4_INT_ISR
0000b224   _ECAP5_INT_ISR
0000b22e   _ECAP6_INT_ISR
0000b238   _EQEP1_INT_ISR
0000b242   _EQEP2_INT_ISR
0000b24c   _SPIRXINTA_ISR
0000b256   _SPITXINTA_ISR
0000b260   _MRINTB_ISR
0000b26a   _MXINTB_ISR
0000b274   _MRINTA_ISR
0000b27e   _MXINTA_ISR
0000b288   _DINTCH1_ISR
0000b292   _DINTCH2_ISR
0000b29c   _DINTCH3_ISR
0000b2a6   _DINTCH4_ISR
0000b2b0   _DINTCH5_ISR
0000b2ba   _DINTCH6_ISR
0000b2c4   _I2CINT1A_ISR
0000b2ce   _I2CINT2A_ISR
0000b2d8   _SCIRXINTC_ISR
0000b2e2   _SCITXINTC_ISR
0000b2ec   _SCIRXINTA_ISR
0000b2f6   _SCITXINTA_ISR
0000b300   _SCIRXINTB_ISR
0000b30a   _SCITXINTB_ISR
0000b314   _ECAN0INTA_ISR
0000b454   _ECAN1INTA_ISR
0000b45e   _ECAN0INTB_ISR
0000b468   _ECAN1INTB_ISR
0000b472   _XINT3_ISR
0000b47c   _XINT4_ISR
0000b486   _XINT5_ISR
0000b490   _XINT6_ISR
0000b49a   _XINT7_ISR
0000b4a4   _LVF_ISR
0000b4ae   _LUF_ISR
0000b4b8   _PIE_RESERVED
0000b4c2   _rsvd_ISR
0000b4cc   _getState
0000b4d3   _canDispatch
0000b522   _switchCommunicationState
0000b5cf   _setState
0000b64a   _getNodeId
0000b651   _setNodeId
0000b760   __initialisation
0000b764   __preOperational
0000b772   __operational
0000b776   __stopped
0000b77a   _getNodeState
0000b78b   _ConsumerHeartbeatAlarm
0000b7ae   _proceedNODE_GUARD
0000b85f   _ProducerHeartbeatAlarm
0000b888   _GuardTimeAlarm
0000b8d6   _OnNodeGuardUpdate
0000b8e3   _OnHeartbeatProducerUpdate
0000b90c   _heartbeatInit
0000b961   _nodeguardInit
0000b9b7   _heartbeatStop
0000b9da   _nodeguardStop
0000b9e6   _lifeGuardInit
0000b9f0   _lifeGuardStop
0000b9fa   __heartbeatError
0000b9ff   __post_SlaveBootup
0000ba04   __post_SlaveStateChange
0000ba0a   __nodeguardError
0000ba0f   _InitECan
0000bbfc   _canReceive
0000bca1   _canSend
0000bcce   _CanFindIdleTxMb
0000bcf8   _CanConfigTxMb
0000bda6   _CanTxMsg
0000bdbf   _OnNumberOfErrorsUpdate
0000bddf   _emergencyInit
0000bdf0   _emergencyStop
0000bdf4   _sendEMCY
0000be21   _EMCY_setError
0000beea   _EMCY_errorRecovered
0000bf4a   _proceedEMCY
0000bf6b   __post_emcy
0000bf72   _accessDictionaryError
0000bf79   __getODentry
0000c011   __setODentry
0000c0dd   _RegisterSetODentryCallBack
0000c0fc   __storeODSubIndex
0000c103   _ObjDict_valueRangeTest
0000c113   _ObjDict_scanIndexOD
0000c25e   _InitSysCtrl
0000c267   _ServiceDog
0000c271   _DisableDog
0000c279   _InitPll
0000c2c9   _InitPeripheralClocks
0000c324   _CsmUnlock
0000c355   _SetAlarm
0000c3af   _DelAlarm
0000c3c5   _TimeDispatch
0000c43e   _CanTest2
0000c44b   _CanTxTest
0000c4a8   _main
0000c50b   _SyncAlarm
0000c513   _OnCOB_ID_SyncUpdate
0000c51d   _startSYNC
0000c564   _stopSYNC
0000c580   _sendSYNCMessage
0000c594   _sendSYNC
0000c5a0   _proceedSYNC
0000c5bc   __post_sync
0000c5c0   __post_TPDO
0000c5c4   _proceedNMTstateChange
0000c648   _slaveSendBootUp
0000c65f   _InitCpuTimers
0000c698   _ConfigCpuTimer
0000c6d3   _masterSendNMTstateChange
0000c6e9   _masterSendNMTnodeguard
0000c6fd   _masterRequestNodeState
0000c71f   _c_int00
0000c765   _cpu_timer0_isr
0000c7a8   _initTimer
0000c7bd   _setTimer
0000c7c5   _getElapsedTime
0000c7d0   _InitPieCtrl
0000c7ef   _EnableInterrupts
0000c7f8   ___memcpy_ff
0000c819   _InitPieVectTable
0000c839   __args_main
0000c852   C$$EXIT
0000c852   _abort
0000c854   _exit
0000c86b   _memcmp
0000c881   __register_unlock
0000c885   __register_lock
0000c889   __nop
0000c892   ___etext__
0000c892   etext
0000d000   _ObjDict_obj1400_Inhibit_Time
0000d001   _ObjDict_obj1400_Compatibility_Entry
0000d002   _ObjDict_highestSubIndex_obj1400
0000d003   _ObjDict_obj1400_Transmission_Type
0000d004   _ObjDict_highestSubIndex_obj1800
0000d005   _ObjDict_obj1800_Transmission_Type
0000d006   _ObjDict_obj1400_Event_Timer
0000d007   _ObjDict_highestSubIndex_obj1600
0000d008   _ObjDict_highestSubIndex_obj1010
0000d009   _ObjDict_highestSubIndex_obj1011
0000d00a   _ObjDict_obj100C
0000d00b   _ObjDict_obj100D
0000d00c   _ObjDict_highestSubIndex_obj1018
0000d00d   _ObjDict_highestSubIndex_obj1200
0000d00e   _ObjDict_highestSubIndex_obj1016
0000d00f   _ObjDict_highestSubIndex_obj6008
0000d010   _ObjDict_highestSubIndex_obj6200
0000d011   _ObjDict_highestSubIndex_obj6006
0000d012   _ObjDict_highestSubIndex_obj6007
0000d013   _ObjDict_highestSubIndex_obj6207
0000d014   _ObjDict_highestSubIndex_obj6202
0000d015   _ObjDict_highestSubIndex_obj6206
0000d016   _ObjDict_obj1800_Compatibility_Entry
0000d017   _ObjDict_obj1800_Event_Timer
0000d018   _ObjDict_obj1017
0000d019   _ObjDict_obj1800_Inhibit_Time
0000d01a   _ObjDict_highestSubIndex_obj6002
0000d01b   _ObjDict_highestSubIndex_obj6003
0000d01c   _ObjDict_highestSubIndex_obj1A00
0000d01d   _ObjDict_highestSubIndex_obj6000
0000d01e   _Error_Mode_Outputs_8_Bit
0000d01f   _Error_Value_Outputs_8_Bit
0000d020   _Write_Outputs_8_Bit
0000d021   _Change_Polarity_Outputs_8_Bit
0000d022   _Interrupt_Mask_High_to_Low_8_Bit
0000d023   _ObjDict_obj1001
0000d024   _ObjDict_highestSubIndex_obj1003
0000d025   _ObjDict_heartBeatTimers
0000d026   _Filter_Constant_Input_8_Bit
0000d027   _Global_Interrupt_Enable_Digital
0000d028   _Read_Inputs_8_Bit
0000d029   _Polarity_Input_8_Bit
0000d02a   _Interrupt_Mask_Low_to_High_8_Bit
0000d02b   _ObjDict_bDeviceNodeId
0000d02c   _Interrupt_Mask_Any_Change_8_Bit
0000d02e   _ObjDict_obj1400_COB_ID_used_by_PDO
0000d030   _ObjDict_obj1200_COB_ID_Server_to_Client_Transmit_SDO
0000d032   _ObjDict_obj1003
0000d034   _ObjDict_obj1800_COB_ID_used_by_PDO
0000d036   _ObjDict_obj1A00
0000d038   _ObjDict_obj1000
0000d03a   _ObjDict_obj1600
0000d03c   _ObjDict_obj1200_COB_ID_Client_to_Server_Receive_SDO
0000d03e   _ObjDict_obj1018_Serial_Number
0000d040   _ObjDict_obj1011_Restore_Application_Default_Parameters
0000d042   _ObjDict_obj1011_Restore_Communication_Default_Parameters
0000d044   _ObjDict_obj1011_Restore_Manufacturer_Defined_Default_Parameters_1
0000d046   _ObjDict_obj1006
0000d048   _ObjDict_obj1014
0000d04a   _ObjDict_obj1010_Save_All_Parameters
0000d04c   _ObjDict_obj1010_Save_Communication_Parameters
0000d04e   _ObjDict_obj1010_Save_Application_Parameters
0000d050   _ObjDict_obj1011_Restore_All_Default_Parameters
0000d052   _ObjDict_obj1010_Save_Manufacturer_Parameters_1
0000d054   _ObjDict_obj1016
0000d056   _ObjDict_obj1018_Product_Code
0000d058   _ObjDict_obj1018_Vendor_ID
0000d05a   _ObjDict_obj1005
0000d05c   _ObjDict_obj1018_Revision_Number
0000d05e   _ObjDict_Index100A
0000d066   _ObjDict_Index1005
0000d06e   _ObjDict_Index1000
0000d076   _ObjDict_Index6005
0000d080   _ObjDict_Index1008
0000d088   _ObjDict_Index1017
0000d090   _ObjDict_Index1001
0000d098   _ObjDict_Index1009
0000d0a0   _ObjDict_Index1014
0000d0a8   _ObjDict_obj100A
0000d0b2   _ObjDict_obj1009
0000d0c0   _ObjDict_obj1008
0000d0ca   _ObjDict_PDO_status
0000d0d8   _ObjDict_Index6207
0000d0e8   _ObjDict_Index6206
0000d100   _ObjDict_Index6008
0000d110   _ObjDict_Index6202
0000d120   _ObjDict_Index6200
0000d130   _ObjDict_Index6007
0000d140   _ObjDict_Index1A00
0000d150   _ObjDict_Index6000
0000d160   _ObjDict_Index1016
0000d170   _ObjDict_Index1600
0000d180   _ObjDict_Index6003
0000d190   _ObjDict_Index6006
0000d1a0   _ObjDict_Index6002
0000d1b0   _ObjDict_Index1003
0000d1c0   _ObjDict_Index1200
0000d1d8   _ObjDict_Index1018
0000d200   _ObjDict_Index1011
0000d240   _ObjDict_Index1010
0000d280   _ObjDict_Index1400
0000d2c0   _ObjDict_Index1800
0000d300   _ObjDict_Data
0000d4c6   _flag
0000d4c7   _msg_received
0000d4c8   _canastate
0000d4ca   _canrxmsg
0000d4d8   _cantxmsg
0000d4e6   _CpuTimer1
0000d4ee   _CpuTimer2
0000d4f6   _CpuTimer0
0000d500   _tdcount
0000d501   _last_timer_raw
0000d502   _total_sleep_time
0000d540   _timers
0000d5a0   _datatmpl
0000d5a2   _datatmph
0000d5a4   _CanId
0000d5a6   _numb
0000d5b6   _Rec_h
0000d5b8   _Rec_l
0000d5ba   __unlock
0000d5bc   __lock
0000d5c0   ___TI_cleanup_ptr
0000d5c2   ___TI_dtors_ptr
0000e000   _PieVectTableInit
0000e100   _ObjDict_objdict
0000e190   _ObjDict_ObjdictSize
0000e191   _ObjDict_iam_a_slave
0000e192   _ObjDict_lastIndex
0000e198   _ObjDict_firstIndex
0033fff8   _CsmPwl
00380080   _ADC_cal
00380090   _PartIdRegs
ffffffff   ___binit__
ffffffff   ___c_args__
ffffffff   ___pinit__
ffffffff   binit
ffffffff   pinit

[416 symbols]
