<?xml version="1.0"?>
<link_info>
   <banner>TMS320C2000 Linker PC v6.2.7</banner>
   <copyright>Copyright (c) 1996-2014 Texas Instruments Incorporated</copyright>
   <link_time>0x5a1bdc91</link_time>
   <link_errors>0x0</link_errors>
   <output_file>28335_Can_TxRx.out</output_file>
   <entry_point>
      <name>_c_int00</name>
      <address>0x33b6ee</address>
   </entry_point>
   <input_file_list>
      <input_file id="fl-2">
         <path>.\</path>
         <kind>object</kind>
         <file>CAN_TEST.obj</file>
         <name>CAN_TEST.obj</name>
      </input_file>
      <input_file id="fl-3">
         <path>.\</path>
         <kind>object</kind>
         <file>DSP2833x_ADC_cal.obj</file>
         <name>DSP2833x_ADC_cal.obj</name>
      </input_file>
      <input_file id="fl-4">
         <path>.\</path>
         <kind>object</kind>
         <file>DSP2833x_CSMPasswords.obj</file>
         <name>DSP2833x_CSMPasswords.obj</name>
      </input_file>
      <input_file id="fl-5">
         <path>.\</path>
         <kind>object</kind>
         <file>DSP2833x_CodeStartBranch.obj</file>
         <name>DSP2833x_CodeStartBranch.obj</name>
      </input_file>
      <input_file id="fl-6">
         <path>.\</path>
         <kind>object</kind>
         <file>DSP2833x_CpuTimers.obj</file>
         <name>DSP2833x_CpuTimers.obj</name>
      </input_file>
      <input_file id="fl-7">
         <path>.\</path>
         <kind>object</kind>
         <file>DSP2833x_DefaultIsr.obj</file>
         <name>DSP2833x_DefaultIsr.obj</name>
      </input_file>
      <input_file id="fl-8">
         <path>.\</path>
         <kind>object</kind>
         <file>DSP2833x_EPwm.obj</file>
         <name>DSP2833x_EPwm.obj</name>
      </input_file>
      <input_file id="fl-9">
         <path>.\</path>
         <kind>object</kind>
         <file>DSP2833x_GlobalVariableDefs.obj</file>
         <name>DSP2833x_GlobalVariableDefs.obj</name>
      </input_file>
      <input_file id="fl-a">
         <path>.\</path>
         <kind>object</kind>
         <file>DSP2833x_MemCopy.obj</file>
         <name>DSP2833x_MemCopy.obj</name>
      </input_file>
      <input_file id="fl-b">
         <path>.\</path>
         <kind>object</kind>
         <file>DSP2833x_PieCtrl.obj</file>
         <name>DSP2833x_PieCtrl.obj</name>
      </input_file>
      <input_file id="fl-c">
         <path>.\</path>
         <kind>object</kind>
         <file>DSP2833x_PieVect.obj</file>
         <name>DSP2833x_PieVect.obj</name>
      </input_file>
      <input_file id="fl-d">
         <path>.\</path>
         <kind>object</kind>
         <file>DSP2833x_SysCtrl.obj</file>
         <name>DSP2833x_SysCtrl.obj</name>
      </input_file>
      <input_file id="fl-e">
         <path>.\</path>
         <kind>object</kind>
         <file>DSP2833x_usDelay.obj</file>
         <name>DSP2833x_usDelay.obj</name>
      </input_file>
      <input_file id="fl-f">
         <path>.\</path>
         <kind>object</kind>
         <file>DSP28_ECan.obj</file>
         <name>DSP28_ECan.obj</name>
      </input_file>
      <input_file id="fl-10">
         <path>.\</path>
         <kind>object</kind>
         <file>main.obj</file>
         <name>main.obj</name>
      </input_file>
      <input_file id="fl-11">
         <path>.\canfestival\src\</path>
         <kind>object</kind>
         <file>28335timerdriver.obj</file>
         <name>28335timerdriver.obj</name>
      </input_file>
      <input_file id="fl-12">
         <path>.\canfestival\src\</path>
         <kind>object</kind>
         <file>ObjDict.obj</file>
         <name>ObjDict.obj</name>
      </input_file>
      <input_file id="fl-13">
         <path>.\canfestival\src\</path>
         <kind>object</kind>
         <file>dcf.obj</file>
         <name>dcf.obj</name>
      </input_file>
      <input_file id="fl-14">
         <path>.\canfestival\src\</path>
         <kind>object</kind>
         <file>emcy.obj</file>
         <name>emcy.obj</name>
      </input_file>
      <input_file id="fl-15">
         <path>.\canfestival\src\</path>
         <kind>object</kind>
         <file>lifegrd.obj</file>
         <name>lifegrd.obj</name>
      </input_file>
      <input_file id="fl-16">
         <path>.\canfestival\src\</path>
         <kind>object</kind>
         <file>lss.obj</file>
         <name>lss.obj</name>
      </input_file>
      <input_file id="fl-17">
         <path>.\canfestival\src\</path>
         <kind>object</kind>
         <file>nmtMaster.obj</file>
         <name>nmtMaster.obj</name>
      </input_file>
      <input_file id="fl-18">
         <path>.\canfestival\src\</path>
         <kind>object</kind>
         <file>nmtSlave.obj</file>
         <name>nmtSlave.obj</name>
      </input_file>
      <input_file id="fl-19">
         <path>.\canfestival\src\</path>
         <kind>object</kind>
         <file>objacces.obj</file>
         <name>objacces.obj</name>
      </input_file>
      <input_file id="fl-1a">
         <path>.\canfestival\src\</path>
         <kind>object</kind>
         <file>pdo.obj</file>
         <name>pdo.obj</name>
      </input_file>
      <input_file id="fl-1b">
         <path>.\canfestival\src\</path>
         <kind>object</kind>
         <file>sdo.obj</file>
         <name>sdo.obj</name>
      </input_file>
      <input_file id="fl-1c">
         <path>.\canfestival\src\</path>
         <kind>object</kind>
         <file>states.obj</file>
         <name>states.obj</name>
      </input_file>
      <input_file id="fl-1d">
         <path>.\canfestival\src\</path>
         <kind>object</kind>
         <file>sync.obj</file>
         <name>sync.obj</name>
      </input_file>
      <input_file id="fl-1e">
         <path>.\canfestival\src\</path>
         <kind>object</kind>
         <file>timer.obj</file>
         <name>timer.obj</name>
      </input_file>
      <input_file id="fl-2e">
         <path>c:\ti\ccsv6\tools\compiler\c2000_6.2.7\lib\</path>
         <kind>archive</kind>
         <file>rts2800_fpu32.lib</file>
         <name>boot.obj</name>
      </input_file>
      <input_file id="fl-2f">
         <path>c:\ti\ccsv6\tools\compiler\c2000_6.2.7\lib\</path>
         <kind>archive</kind>
         <file>rts2800_fpu32.lib</file>
         <name>exit.obj</name>
      </input_file>
      <input_file id="fl-30">
         <path>c:\ti\ccsv6\tools\compiler\c2000_6.2.7\lib\</path>
         <kind>archive</kind>
         <file>rts2800_fpu32.lib</file>
         <name>memcmp.obj</name>
      </input_file>
      <input_file id="fl-31">
         <path>c:\ti\ccsv6\tools\compiler\c2000_6.2.7\lib\</path>
         <kind>archive</kind>
         <file>rts2800_fpu32.lib</file>
         <name>memcpy_ff.obj</name>
      </input_file>
      <input_file id="fl-32">
         <path>c:\ti\ccsv6\tools\compiler\c2000_6.2.7\lib\</path>
         <kind>archive</kind>
         <file>rts2800_fpu32.lib</file>
         <name>_lock.obj</name>
      </input_file>
      <input_file id="fl-33">
         <path>c:\ti\ccsv6\tools\compiler\c2000_6.2.7\lib\</path>
         <kind>archive</kind>
         <file>rts2800_fpu32.lib</file>
         <name>args_main.obj</name>
      </input_file>
   </input_file_list>
   <object_component_list>
      <object_component id="oc-9e">
         <name>PieVectTableFile</name>
         <uninitialized>true</uninitialized>
         <run_address>0xd00</run_address>
         <size>0x100</size>
         <input_file_ref idref="fl-9"/>
      </object_component>
      <object_component id="oc-9a">
         <name>DevEmuRegsFile</name>
         <uninitialized>true</uninitialized>
         <run_address>0x880</run_address>
         <size>0xd0</size>
         <input_file_ref idref="fl-9"/>
      </object_component>
      <object_component id="oc-6e">
         <name>FlashRegsFile</name>
         <uninitialized>true</uninitialized>
         <run_address>0xa80</run_address>
         <size>0x8</size>
         <input_file_ref idref="fl-9"/>
      </object_component>
      <object_component id="oc-79">
         <name>CsmRegsFile</name>
         <uninitialized>true</uninitialized>
         <run_address>0xae0</run_address>
         <size>0x10</size>
         <input_file_ref idref="fl-9"/>
      </object_component>
      <object_component id="oc-7a">
         <name>AdcMirrorFile</name>
         <uninitialized>true</uninitialized>
         <run_address>0xb00</run_address>
         <size>0x10</size>
         <input_file_ref idref="fl-9"/>
      </object_component>
      <object_component id="oc-7c">
         <name>XintfRegsFile</name>
         <uninitialized>true</uninitialized>
         <run_address>0xb20</run_address>
         <size>0x1e</size>
         <input_file_ref idref="fl-9"/>
      </object_component>
      <object_component id="oc-71">
         <name>CpuTimer0RegsFile</name>
         <uninitialized>true</uninitialized>
         <run_address>0xc00</run_address>
         <size>0x8</size>
         <input_file_ref idref="fl-9"/>
      </object_component>
      <object_component id="oc-70">
         <name>CpuTimer1RegsFile</name>
         <uninitialized>true</uninitialized>
         <run_address>0xc08</run_address>
         <size>0x8</size>
         <input_file_ref idref="fl-9"/>
      </object_component>
      <object_component id="oc-72">
         <name>CpuTimer2RegsFile</name>
         <uninitialized>true</uninitialized>
         <run_address>0xc10</run_address>
         <size>0x8</size>
         <input_file_ref idref="fl-9"/>
      </object_component>
      <object_component id="oc-7b">
         <name>PieCtrlRegsFile</name>
         <uninitialized>true</uninitialized>
         <run_address>0xce0</run_address>
         <size>0x1a</size>
         <input_file_ref idref="fl-9"/>
      </object_component>
      <object_component id="oc-9b">
         <name>DmaRegsFile</name>
         <uninitialized>true</uninitialized>
         <run_address>0x1000</run_address>
         <size>0xe0</size>
         <input_file_ref idref="fl-9"/>
      </object_component>
      <object_component id="oc-8e">
         <name>McbspaRegsFile</name>
         <uninitialized>true</uninitialized>
         <run_address>0x5000</run_address>
         <size>0x25</size>
         <input_file_ref idref="fl-9"/>
      </object_component>
      <object_component id="oc-8d">
         <name>McbspbRegsFile</name>
         <uninitialized>true</uninitialized>
         <run_address>0x5040</run_address>
         <size>0x25</size>
         <input_file_ref idref="fl-9"/>
      </object_component>
      <object_component id="oc-91">
         <name>ECanaRegsFile</name>
         <uninitialized>true</uninitialized>
         <run_address>0x6000</run_address>
         <size>0x34</size>
         <input_file_ref idref="fl-9"/>
      </object_component>
      <object_component id="oc-94">
         <name>ECanaLAMRegsFile</name>
         <uninitialized>true</uninitialized>
         <run_address>0x6040</run_address>
         <size>0x40</size>
         <input_file_ref idref="fl-9"/>
      </object_component>
      <object_component id="oc-9d">
         <name>ECanaMboxesFile</name>
         <uninitialized>true</uninitialized>
         <run_address>0x6100</run_address>
         <size>0x100</size>
         <input_file_ref idref="fl-9"/>
      </object_component>
      <object_component id="oc-92">
         <name>ECanaMOTSRegsFile</name>
         <uninitialized>true</uninitialized>
         <run_address>0x6080</run_address>
         <size>0x40</size>
         <input_file_ref idref="fl-9"/>
      </object_component>
      <object_component id="oc-93">
         <name>ECanaMOTORegsFile</name>
         <uninitialized>true</uninitialized>
         <run_address>0x60c0</run_address>
         <size>0x40</size>
         <input_file_ref idref="fl-9"/>
      </object_component>
      <object_component id="oc-90">
         <name>ECanbRegsFile</name>
         <uninitialized>true</uninitialized>
         <run_address>0x6200</run_address>
         <size>0x34</size>
         <input_file_ref idref="fl-9"/>
      </object_component>
      <object_component id="oc-95">
         <name>ECanbLAMRegsFile</name>
         <uninitialized>true</uninitialized>
         <run_address>0x6240</run_address>
         <size>0x40</size>
         <input_file_ref idref="fl-9"/>
      </object_component>
      <object_component id="oc-9c">
         <name>ECanbMboxesFile</name>
         <uninitialized>true</uninitialized>
         <run_address>0x6300</run_address>
         <size>0x100</size>
         <input_file_ref idref="fl-9"/>
      </object_component>
      <object_component id="oc-99">
         <name>ECanbMOTSRegsFile</name>
         <uninitialized>true</uninitialized>
         <run_address>0x6280</run_address>
         <size>0x40</size>
         <input_file_ref idref="fl-9"/>
      </object_component>
      <object_component id="oc-96">
         <name>ECanbMOTORegsFile</name>
         <uninitialized>true</uninitialized>
         <run_address>0x62c0</run_address>
         <size>0x40</size>
         <input_file_ref idref="fl-9"/>
      </object_component>
      <object_component id="oc-8a">
         <name>EPwm1RegsFile</name>
         <uninitialized>true</uninitialized>
         <run_address>0x6800</run_address>
         <size>0x22</size>
         <input_file_ref idref="fl-9"/>
      </object_component>
      <object_component id="oc-88">
         <name>EPwm2RegsFile</name>
         <uninitialized>true</uninitialized>
         <run_address>0x6840</run_address>
         <size>0x22</size>
         <input_file_ref idref="fl-9"/>
      </object_component>
      <object_component id="oc-89">
         <name>EPwm3RegsFile</name>
         <uninitialized>true</uninitialized>
         <run_address>0x6880</run_address>
         <size>0x22</size>
         <input_file_ref idref="fl-9"/>
      </object_component>
      <object_component id="oc-87">
         <name>EPwm4RegsFile</name>
         <uninitialized>true</uninitialized>
         <run_address>0x68c0</run_address>
         <size>0x22</size>
         <input_file_ref idref="fl-9"/>
      </object_component>
      <object_component id="oc-8c">
         <name>EPwm5RegsFile</name>
         <uninitialized>true</uninitialized>
         <run_address>0x6900</run_address>
         <size>0x22</size>
         <input_file_ref idref="fl-9"/>
      </object_component>
      <object_component id="oc-8b">
         <name>EPwm6RegsFile</name>
         <uninitialized>true</uninitialized>
         <run_address>0x6940</run_address>
         <size>0x22</size>
         <input_file_ref idref="fl-9"/>
      </object_component>
      <object_component id="oc-85">
         <name>ECap1RegsFile</name>
         <uninitialized>true</uninitialized>
         <run_address>0x6a00</run_address>
         <size>0x20</size>
         <input_file_ref idref="fl-9"/>
      </object_component>
      <object_component id="oc-83">
         <name>ECap2RegsFile</name>
         <uninitialized>true</uninitialized>
         <run_address>0x6a20</run_address>
         <size>0x20</size>
         <input_file_ref idref="fl-9"/>
      </object_component>
      <object_component id="oc-7f">
         <name>ECap3RegsFile</name>
         <uninitialized>true</uninitialized>
         <run_address>0x6a40</run_address>
         <size>0x20</size>
         <input_file_ref idref="fl-9"/>
      </object_component>
      <object_component id="oc-7e">
         <name>ECap4RegsFile</name>
         <uninitialized>true</uninitialized>
         <run_address>0x6a60</run_address>
         <size>0x20</size>
         <input_file_ref idref="fl-9"/>
      </object_component>
      <object_component id="oc-80">
         <name>ECap5RegsFile</name>
         <uninitialized>true</uninitialized>
         <run_address>0x6a80</run_address>
         <size>0x20</size>
         <input_file_ref idref="fl-9"/>
      </object_component>
      <object_component id="oc-82">
         <name>ECap6RegsFile</name>
         <uninitialized>true</uninitialized>
         <run_address>0x6aa0</run_address>
         <size>0x20</size>
         <input_file_ref idref="fl-9"/>
      </object_component>
      <object_component id="oc-97">
         <name>EQep1RegsFile</name>
         <uninitialized>true</uninitialized>
         <run_address>0x6b00</run_address>
         <size>0x40</size>
         <input_file_ref idref="fl-9"/>
      </object_component>
      <object_component id="oc-98">
         <name>EQep2RegsFile</name>
         <uninitialized>true</uninitialized>
         <run_address>0x6b40</run_address>
         <size>0x40</size>
         <input_file_ref idref="fl-9"/>
      </object_component>
      <object_component id="oc-8f">
         <name>GpioCtrlRegsFile</name>
         <uninitialized>true</uninitialized>
         <run_address>0x6f80</run_address>
         <size>0x2e</size>
         <input_file_ref idref="fl-9"/>
      </object_component>
      <object_component id="oc-81">
         <name>GpioDataRegsFile</name>
         <uninitialized>true</uninitialized>
         <run_address>0x6fc0</run_address>
         <size>0x20</size>
         <input_file_ref idref="fl-9"/>
      </object_component>
      <object_component id="oc-73">
         <name>GpioIntRegsFile</name>
         <uninitialized>true</uninitialized>
         <run_address>0x6fe0</run_address>
         <size>0xa</size>
         <input_file_ref idref="fl-9"/>
      </object_component>
      <object_component id="oc-84">
         <name>SysCtrlRegsFile</name>
         <uninitialized>true</uninitialized>
         <run_address>0x7010</run_address>
         <size>0x20</size>
         <input_file_ref idref="fl-9"/>
      </object_component>
      <object_component id="oc-75">
         <name>SpiaRegsFile</name>
         <uninitialized>true</uninitialized>
         <run_address>0x7040</run_address>
         <size>0x10</size>
         <input_file_ref idref="fl-9"/>
      </object_component>
      <object_component id="oc-76">
         <name>SciaRegsFile</name>
         <uninitialized>true</uninitialized>
         <run_address>0x7050</run_address>
         <size>0x10</size>
         <input_file_ref idref="fl-9"/>
      </object_component>
      <object_component id="oc-78">
         <name>XIntruptRegsFile</name>
         <uninitialized>true</uninitialized>
         <run_address>0x7070</run_address>
         <size>0x10</size>
         <input_file_ref idref="fl-9"/>
      </object_component>
      <object_component id="oc-7d">
         <name>AdcRegsFile</name>
         <uninitialized>true</uninitialized>
         <run_address>0x7100</run_address>
         <size>0x1e</size>
         <input_file_ref idref="fl-9"/>
      </object_component>
      <object_component id="oc-77">
         <name>ScibRegsFile</name>
         <uninitialized>true</uninitialized>
         <run_address>0x7750</run_address>
         <size>0x10</size>
         <input_file_ref idref="fl-9"/>
      </object_component>
      <object_component id="oc-74">
         <name>ScicRegsFile</name>
         <uninitialized>true</uninitialized>
         <run_address>0x7770</run_address>
         <size>0x10</size>
         <input_file_ref idref="fl-9"/>
      </object_component>
      <object_component id="oc-86">
         <name>I2caRegsFile</name>
         <uninitialized>true</uninitialized>
         <run_address>0x7900</run_address>
         <size>0x22</size>
         <input_file_ref idref="fl-9"/>
      </object_component>
      <object_component id="oc-6f">
         <name>CsmPwlFile</name>
         <uninitialized>true</uninitialized>
         <run_address>0x33fff8</run_address>
         <size>0x8</size>
         <input_file_ref idref="fl-9"/>
      </object_component>
      <object_component id="oc-6d">
         <name>PartIdRegsFile</name>
         <uninitialized>true</uninitialized>
         <run_address>0x380090</run_address>
         <size>0x1</size>
         <input_file_ref idref="fl-9"/>
      </object_component>
      <object_component id="oc-c7">
         <name>.cinit</name>
         <load_address>0x33b871</load_address>
         <run_address>0x33b871</run_address>
         <size>0x4bf</size>
         <input_file_ref idref="fl-12"/>
      </object_component>
      <object_component id="oc-f9">
         <name>.cinit</name>
         <load_address>0x33bd30</load_address>
         <run_address>0x33bd30</run_address>
         <size>0x1c</size>
         <input_file_ref idref="fl-1e"/>
      </object_component>
      <object_component id="oc-ba">
         <name>.cinit</name>
         <load_address>0x33bd4c</load_address>
         <run_address>0x33bd4c</run_address>
         <size>0x13</size>
         <input_file_ref idref="fl-10"/>
      </object_component>
      <object_component id="oc-112">
         <name>.cinit</name>
         <load_address>0x33bd5f</load_address>
         <run_address>0x33bd5f</run_address>
         <size>0xa</size>
         <input_file_ref idref="fl-32"/>
      </object_component>
      <object_component id="oc-104">
         <name>.cinit</name>
         <load_address>0x33bd69</load_address>
         <run_address>0x33bd69</run_address>
         <size>0xa</size>
         <input_file_ref idref="fl-2f"/>
      </object_component>
      <object_component id="oc-c0">
         <name>.cinit</name>
         <load_address>0x33bd73</load_address>
         <run_address>0x33bd73</run_address>
         <size>0x5</size>
         <input_file_ref idref="fl-11"/>
      </object_component>
      <object_component id="oc-6b">
         <name>.cinit</name>
         <load_address>0x33bd78</load_address>
         <run_address>0x33bd78</run_address>
         <size>0x4</size>
         <input_file_ref idref="fl-9"/>
      </object_component>
      <object_component id="oc-12b">
         <name>.text</name>
         <load_address>0x338000</load_address>
         <run_address>0x338000</run_address>
         <size>0x1a69</size>
         <input_file_ref idref="fl-1b"/>
      </object_component>
      <object_component id="oc-11f">
         <name>.text</name>
         <load_address>0x339a69</load_address>
         <run_address>0x339a69</run_address>
         <size>0x5e4</size>
         <input_file_ref idref="fl-1a"/>
      </object_component>
      <object_component id="oc-62">
         <name>.text:retain</name>
         <load_address>0x33a04d</load_address>
         <run_address>0x33a04d</run_address>
         <size>0x44c</size>
         <input_file_ref idref="fl-7"/>
      </object_component>
      <object_component id="oc-121">
         <name>.text</name>
         <load_address>0x33a499</load_address>
         <run_address>0x33a499</run_address>
         <size>0x2ae</size>
         <input_file_ref idref="fl-1c"/>
      </object_component>
      <object_component id="oc-122">
         <name>.text</name>
         <load_address>0x33a747</load_address>
         <run_address>0x33a747</run_address>
         <size>0x291</size>
         <input_file_ref idref="fl-15"/>
      </object_component>
      <object_component id="oc-132">
         <name>.text</name>
         <load_address>0x33a9d8</load_address>
         <run_address>0x33a9d8</run_address>
         <size>0x1ed</size>
         <input_file_ref idref="fl-f"/>
      </object_component>
      <object_component id="oc-129">
         <name>.text</name>
         <load_address>0x33abc5</load_address>
         <run_address>0x33abc5</run_address>
         <size>0x1d4</size>
         <input_file_ref idref="fl-2"/>
      </object_component>
      <object_component id="oc-125">
         <name>.text</name>
         <load_address>0x33ad99</load_address>
         <run_address>0x33ad99</run_address>
         <size>0x1b3</size>
         <input_file_ref idref="fl-14"/>
      </object_component>
      <object_component id="oc-124">
         <name>.text</name>
         <load_address>0x33af4c</load_address>
         <run_address>0x33af4c</run_address>
         <size>0x191</size>
         <input_file_ref idref="fl-19"/>
      </object_component>
      <object_component id="oc-120">
         <name>.text</name>
         <load_address>0x33b0dd</load_address>
         <run_address>0x33b0dd</run_address>
         <size>0x15b</size>
         <input_file_ref idref="fl-12"/>
      </object_component>
      <object_component id="oc-133">
         <name>.text</name>
         <load_address>0x33b238</load_address>
         <run_address>0x33b238</run_address>
         <size>0xf7</size>
         <input_file_ref idref="fl-d"/>
      </object_component>
      <object_component id="oc-11d">
         <name>.text</name>
         <load_address>0x33b32f</load_address>
         <run_address>0x33b32f</run_address>
         <size>0xe7</size>
         <input_file_ref idref="fl-1e"/>
      </object_component>
      <object_component id="oc-127">
         <name>.text</name>
         <load_address>0x33b416</load_address>
         <run_address>0x33b416</run_address>
         <size>0xcd</size>
         <input_file_ref idref="fl-10"/>
      </object_component>
      <object_component id="oc-123">
         <name>.text</name>
         <load_address>0x33b4e3</load_address>
         <run_address>0x33b4e3</run_address>
         <size>0xb0</size>
         <input_file_ref idref="fl-1d"/>
      </object_component>
      <object_component id="oc-12c">
         <name>.text</name>
         <load_address>0x33b593</load_address>
         <run_address>0x33b593</run_address>
         <size>0x9b</size>
         <input_file_ref idref="fl-18"/>
      </object_component>
      <object_component id="oc-136">
         <name>.text</name>
         <load_address>0x33b62e</load_address>
         <run_address>0x33b62e</run_address>
         <size>0x74</size>
         <input_file_ref idref="fl-6"/>
      </object_component>
      <object_component id="oc-130">
         <name>.text</name>
         <load_address>0x33b6a2</load_address>
         <run_address>0x33b6a2</run_address>
         <size>0x4c</size>
         <input_file_ref idref="fl-17"/>
      </object_component>
      <object_component id="oc-4b">
         <name>.text</name>
         <load_address>0x33b6ee</load_address>
         <run_address>0x33b6ee</run_address>
         <size>0x46</size>
         <input_file_ref idref="fl-2e"/>
      </object_component>
      <object_component id="oc-c2">
         <name>.text:retain</name>
         <load_address>0x33b734</load_address>
         <run_address>0x33b734</run_address>
         <size>0x42</size>
         <input_file_ref idref="fl-11"/>
      </object_component>
      <object_component id="oc-128">
         <name>.text</name>
         <load_address>0x33b776</load_address>
         <run_address>0x33b776</run_address>
         <size>0x39</size>
         <input_file_ref idref="fl-11"/>
      </object_component>
      <object_component id="oc-134">
         <name>.text</name>
         <load_address>0x33b7af</load_address>
         <run_address>0x33b7af</run_address>
         <size>0x28</size>
         <input_file_ref idref="fl-b"/>
      </object_component>
      <object_component id="oc-131">
         <name>.text</name>
         <load_address>0x33b7d7</load_address>
         <run_address>0x33b7d7</run_address>
         <size>0x21</size>
         <input_file_ref idref="fl-31"/>
      </object_component>
      <object_component id="oc-135">
         <name>.text</name>
         <load_address>0x33b7f8</load_address>
         <run_address>0x33b7f8</run_address>
         <size>0x20</size>
         <input_file_ref idref="fl-c"/>
      </object_component>
      <object_component id="oc-11b">
         <name>.text</name>
         <load_address>0x33b818</load_address>
         <run_address>0x33b818</run_address>
         <size>0x19</size>
         <input_file_ref idref="fl-33"/>
      </object_component>
      <object_component id="oc-11c">
         <name>.text</name>
         <load_address>0x33b831</load_address>
         <run_address>0x33b831</run_address>
         <size>0x19</size>
         <input_file_ref idref="fl-2f"/>
      </object_component>
      <object_component id="oc-12a">
         <name>.text</name>
         <load_address>0x33b84a</load_address>
         <run_address>0x33b84a</run_address>
         <size>0x16</size>
         <input_file_ref idref="fl-30"/>
      </object_component>
      <object_component id="oc-126">
         <name>.text</name>
         <load_address>0x33b860</load_address>
         <run_address>0x33b860</run_address>
         <size>0x9</size>
         <input_file_ref idref="fl-32"/>
      </object_component>
      <object_component id="oc-56">
         <name>.text</name>
         <load_address>0x33b869</load_address>
         <run_address>0x33b869</run_address>
         <size>0x8</size>
         <input_file_ref idref="fl-5"/>
      </object_component>
      <object_component id="oc-57">
         <name>codestart</name>
         <load_address>0x33fff6</load_address>
         <run_address>0x33fff6</run_address>
         <size>0x2</size>
         <input_file_ref idref="fl-5"/>
      </object_component>
      <object_component id="oc-b1">
         <name>ramfuncs</name>
         <load_address>0x320000</load_address>
         <run_address>0x8000</run_address>
         <size>0x4</size>
         <input_file_ref idref="fl-e"/>
      </object_component>
      <object_component id="oc-54">
         <name>csmpasswds</name>
         <load_address>0x33fff8</load_address>
         <run_address>0x33fff8</run_address>
         <size>0x8</size>
         <input_file_ref idref="fl-4"/>
      </object_component>
      <object_component id="oc-55">
         <name>csm_rsvd</name>
         <load_address>0x33ff80</load_address>
         <run_address>0x33ff80</run_address>
         <size>0x76</size>
         <input_file_ref idref="fl-4"/>
      </object_component>
      <object_component id="oc-fe">
         <name>.stack</name>
         <uninitialized>true</uninitialized>
         <run_address>0x400</run_address>
         <size>0x0</size>
         <input_file_ref idref="fl-2e"/>
      </object_component>
      <object_component id="oc-189">
         <name>.stack</name>
         <uninitialized>true</uninitialized>
         <run_address>0x400</run_address>
         <size>0x0</size>
      </object_component>
      <object_component id="oc-5c">
         <name>.ebss</name>
         <uninitialized>true</uninitialized>
         <run_address>0xc4e6</run_address>
         <size>0x18</size>
         <input_file_ref idref="fl-6"/>
      </object_component>
      <object_component id="oc-61">
         <name>.ebss</name>
         <uninitialized>true</uninitialized>
         <run_address>0xc5b6</run_address>
         <size>0x4</size>
         <input_file_ref idref="fl-7"/>
      </object_component>
      <object_component id="oc-6c">
         <name>.ebss</name>
         <uninitialized>true</uninitialized>
         <run_address>0xc4c6</run_address>
         <size>0x20</size>
         <input_file_ref idref="fl-9"/>
      </object_component>
      <object_component id="oc-bb">
         <name>.ebss</name>
         <uninitialized>true</uninitialized>
         <run_address>0xc5a0</run_address>
         <size>0x15</size>
         <input_file_ref idref="fl-10"/>
      </object_component>
      <object_component id="oc-c1">
         <name>.ebss</name>
         <uninitialized>true</uninitialized>
         <run_address>0xc4fe</run_address>
         <size>0x2</size>
         <input_file_ref idref="fl-11"/>
      </object_component>
      <object_component id="oc-c8">
         <name>.ebss</name>
         <uninitialized>true</uninitialized>
         <run_address>0xc000</run_address>
         <size>0x4c6</size>
         <input_file_ref idref="fl-12"/>
      </object_component>
      <object_component id="oc-fa">
         <name>.ebss</name>
         <uninitialized>true</uninitialized>
         <run_address>0xc500</run_address>
         <size>0xa0</size>
         <input_file_ref idref="fl-1e"/>
      </object_component>
      <object_component id="oc-105">
         <name>.ebss</name>
         <uninitialized>true</uninitialized>
         <run_address>0xc5c0</run_address>
         <size>0x4</size>
         <input_file_ref idref="fl-2f"/>
      </object_component>
      <object_component id="oc-113">
         <name>.ebss</name>
         <uninitialized>true</uninitialized>
         <run_address>0xc5ba</run_address>
         <size>0x4</size>
         <input_file_ref idref="fl-32"/>
      </object_component>
      <object_component id="oc-a9">
         <name>.econst</name>
         <load_address>0x33bd7e</load_address>
         <run_address>0x33bd7e</run_address>
         <size>0x100</size>
         <input_file_ref idref="fl-c"/>
      </object_component>
      <object_component id="oc-11e">
         <name>.econst:_ObjDict_objdict</name>
         <load_address>0x33be7e</load_address>
         <run_address>0x33be7e</run_address>
         <size>0x74</size>
         <input_file_ref idref="fl-12"/>
      </object_component>
      <object_component id="oc-f0">
         <name>.econst</name>
         <load_address>0x33bef2</load_address>
         <run_address>0x33bef2</run_address>
         <size>0x1c</size>
         <input_file_ref idref="fl-1c"/>
      </object_component>
      <object_component id="oc-c9">
         <name>.econst</name>
         <load_address>0x33bf0e</load_address>
         <run_address>0x33bf0e</run_address>
         <size>0xe</size>
         <input_file_ref idref="fl-12"/>
      </object_component>
      <object_component id="oc-12e">
         <name>.econst:_$P$T4$5</name>
         <load_address>0x33bf1c</load_address>
         <run_address>0x33bf1c</run_address>
         <size>0x8</size>
         <input_file_ref idref="fl-1c"/>
      </object_component>
      <object_component id="oc-12f">
         <name>.econst:_$P$T5$6</name>
         <load_address>0x33bf24</load_address>
         <run_address>0x33bf24</run_address>
         <size>0x8</size>
         <input_file_ref idref="fl-1c"/>
      </object_component>
      <object_component id="oc-12d">
         <name>.switch:_canDispatch</name>
         <load_address>0x33bf2c</load_address>
         <run_address>0x33bf2c</run_address>
         <size>0x1e</size>
         <input_file_ref idref="fl-1c"/>
      </object_component>
      <object_component id="oc-ff">
         <name>.reset</name>
         <load_address>0x3fffc0</load_address>
         <run_address>0x3fffc0</run_address>
         <size>0x2</size>
         <input_file_ref idref="fl-2e"/>
      </object_component>
      <object_component id="oc-50">
         <name>.adc_cal</name>
         <load_address>0x380080</load_address>
         <run_address>0x380080</run_address>
         <size>0x7</size>
         <input_file_ref idref="fl-3"/>
      </object_component>
      <object_component id="oc-4c">
         <name>.debug_info</name>
         <load_address>0x0</load_address>
         <run_address>0x0</run_address>
         <size>0x4dd5</size>
         <input_file_ref idref="fl-2"/>
      </object_component>
      <object_component id="oc-51">
         <name>.debug_info</name>
         <load_address>0x4dd5</load_address>
         <run_address>0x4dd5</run_address>
         <size>0xeb</size>
         <input_file_ref idref="fl-3"/>
      </object_component>
      <object_component id="oc-58">
         <name>.debug_info</name>
         <load_address>0x4ec0</load_address>
         <run_address>0x4ec0</run_address>
         <size>0x128</size>
         <input_file_ref idref="fl-5"/>
      </object_component>
      <object_component id="oc-5b">
         <name>.debug_info</name>
         <load_address>0x4fe8</load_address>
         <run_address>0x4fe8</run_address>
         <size>0x96d</size>
         <input_file_ref idref="fl-6"/>
      </object_component>
      <object_component id="oc-60">
         <name>.debug_info</name>
         <load_address>0x5955</load_address>
         <run_address>0x5955</run_address>
         <size>0x699e</size>
         <input_file_ref idref="fl-7"/>
      </object_component>
      <object_component id="oc-66">
         <name>.debug_info</name>
         <load_address>0xc2f3</load_address>
         <run_address>0xc2f3</run_address>
         <size>0x1b49</size>
         <input_file_ref idref="fl-8"/>
      </object_component>
      <object_component id="oc-6a">
         <name>.debug_info</name>
         <load_address>0xde3c</load_address>
         <run_address>0xde3c</run_address>
         <size>0x1307f</size>
         <input_file_ref idref="fl-9"/>
      </object_component>
      <object_component id="oc-a0">
         <name>.debug_info</name>
         <load_address>0x20ebb</load_address>
         <run_address>0x20ebb</run_address>
         <size>0x374</size>
         <input_file_ref idref="fl-a"/>
      </object_component>
      <object_component id="oc-a4">
         <name>.debug_info</name>
         <load_address>0x2122f</load_address>
         <run_address>0x2122f</run_address>
         <size>0xb21</size>
         <input_file_ref idref="fl-b"/>
      </object_component>
      <object_component id="oc-a8">
         <name>.debug_info</name>
         <load_address>0x21d50</load_address>
         <run_address>0x21d50</run_address>
         <size>0x2293</size>
         <input_file_ref idref="fl-c"/>
      </object_component>
      <object_component id="oc-ad">
         <name>.debug_info</name>
         <load_address>0x23fe3</load_address>
         <run_address>0x23fe3</run_address>
         <size>0x1f72</size>
         <input_file_ref idref="fl-d"/>
      </object_component>
      <object_component id="oc-b2">
         <name>.debug_info</name>
         <load_address>0x25f55</load_address>
         <run_address>0x25f55</run_address>
         <size>0xeb</size>
         <input_file_ref idref="fl-e"/>
      </object_component>
      <object_component id="oc-b5">
         <name>.debug_info</name>
         <load_address>0x26040</load_address>
         <run_address>0x26040</run_address>
         <size>0x5fee</size>
         <input_file_ref idref="fl-f"/>
      </object_component>
      <object_component id="oc-b9">
         <name>.debug_info</name>
         <load_address>0x2c02e</load_address>
         <run_address>0x2c02e</run_address>
         <size>0x3639</size>
         <input_file_ref idref="fl-10"/>
      </object_component>
      <object_component id="oc-bf">
         <name>.debug_info</name>
         <load_address>0x2f667</load_address>
         <run_address>0x2f667</run_address>
         <size>0x118f</size>
         <input_file_ref idref="fl-11"/>
      </object_component>
      <object_component id="oc-c6">
         <name>.debug_info</name>
         <load_address>0x307f6</load_address>
         <run_address>0x307f6</run_address>
         <size>0x3789</size>
         <input_file_ref idref="fl-12"/>
      </object_component>
      <object_component id="oc-cd">
         <name>.debug_info</name>
         <load_address>0x33f7f</load_address>
         <run_address>0x33f7f</run_address>
         <size>0x1a08</size>
         <input_file_ref idref="fl-13"/>
      </object_component>
      <object_component id="oc-d1">
         <name>.debug_info</name>
         <load_address>0x35987</load_address>
         <run_address>0x35987</run_address>
         <size>0x20a7</size>
         <input_file_ref idref="fl-14"/>
      </object_component>
      <object_component id="oc-d5">
         <name>.debug_info</name>
         <load_address>0x37a2e</load_address>
         <run_address>0x37a2e</run_address>
         <size>0x2903</size>
         <input_file_ref idref="fl-15"/>
      </object_component>
      <object_component id="oc-d9">
         <name>.debug_info</name>
         <load_address>0x3a331</load_address>
         <run_address>0x3a331</run_address>
         <size>0x36a</size>
         <input_file_ref idref="fl-16"/>
      </object_component>
      <object_component id="oc-db">
         <name>.debug_info</name>
         <load_address>0x3a69b</load_address>
         <run_address>0x3a69b</run_address>
         <size>0x1a88</size>
         <input_file_ref idref="fl-17"/>
      </object_component>
      <object_component id="oc-df">
         <name>.debug_info</name>
         <load_address>0x3c123</load_address>
         <run_address>0x3c123</run_address>
         <size>0x1a12</size>
         <input_file_ref idref="fl-18"/>
      </object_component>
      <object_component id="oc-e3">
         <name>.debug_info</name>
         <load_address>0x3db35</load_address>
         <run_address>0x3db35</run_address>
         <size>0x2067</size>
         <input_file_ref idref="fl-19"/>
      </object_component>
      <object_component id="oc-e7">
         <name>.debug_info</name>
         <load_address>0x3fb9c</load_address>
         <run_address>0x3fb9c</run_address>
         <size>0x2ea8</size>
         <input_file_ref idref="fl-1a"/>
      </object_component>
      <object_component id="oc-eb">
         <name>.debug_info</name>
         <load_address>0x42a44</load_address>
         <run_address>0x42a44</run_address>
         <size>0x4e90</size>
         <input_file_ref idref="fl-1b"/>
      </object_component>
      <object_component id="oc-ef">
         <name>.debug_info</name>
         <load_address>0x478d4</load_address>
         <run_address>0x478d4</run_address>
         <size>0x24c4</size>
         <input_file_ref idref="fl-1c"/>
      </object_component>
      <object_component id="oc-f4">
         <name>.debug_info</name>
         <load_address>0x49d98</load_address>
         <run_address>0x49d98</run_address>
         <size>0x1f0c</size>
         <input_file_ref idref="fl-1d"/>
      </object_component>
      <object_component id="oc-f8">
         <name>.debug_info</name>
         <load_address>0x4bca4</load_address>
         <run_address>0x4bca4</run_address>
         <size>0x1c52</size>
         <input_file_ref idref="fl-1e"/>
      </object_component>
      <object_component id="oc-100">
         <name>.debug_info</name>
         <load_address>0x4d8f6</load_address>
         <run_address>0x4d8f6</run_address>
         <size>0xde</size>
         <input_file_ref idref="fl-2e"/>
      </object_component>
      <object_component id="oc-103">
         <name>.debug_info</name>
         <load_address>0x4d9d4</load_address>
         <run_address>0x4d9d4</run_address>
         <size>0x488</size>
         <input_file_ref idref="fl-2f"/>
      </object_component>
      <object_component id="oc-109">
         <name>.debug_info</name>
         <load_address>0x4de5c</load_address>
         <run_address>0x4de5c</run_address>
         <size>0x47c</size>
         <input_file_ref idref="fl-30"/>
      </object_component>
      <object_component id="oc-10d">
         <name>.debug_info</name>
         <load_address>0x4e2d8</load_address>
         <run_address>0x4e2d8</run_address>
         <size>0x455</size>
         <input_file_ref idref="fl-31"/>
      </object_component>
      <object_component id="oc-111">
         <name>.debug_info</name>
         <load_address>0x4e72d</load_address>
         <run_address>0x4e72d</run_address>
         <size>0x4ae</size>
         <input_file_ref idref="fl-32"/>
      </object_component>
      <object_component id="oc-117">
         <name>.debug_info</name>
         <load_address>0x4ebdb</load_address>
         <run_address>0x4ebdb</run_address>
         <size>0x46f</size>
         <input_file_ref idref="fl-33"/>
      </object_component>
      <object_component id="oc-18a">
         <name>.debug_info</name>
         <load_address>0x4f04a</load_address>
         <run_address>0x4f04a</run_address>
         <size>0x6f</size>
      </object_component>
      <object_component id="oc-4d">
         <name>.debug_frame</name>
         <load_address>0x0</load_address>
         <run_address>0x0</run_address>
         <size>0x139</size>
         <input_file_ref idref="fl-2"/>
      </object_component>
      <object_component id="oc-5d">
         <name>.debug_frame</name>
         <load_address>0x139</load_address>
         <run_address>0x139</run_address>
         <size>0xc4</size>
         <input_file_ref idref="fl-6"/>
      </object_component>
      <object_component id="oc-63">
         <name>.debug_frame</name>
         <load_address>0x1fd</load_address>
         <run_address>0x1fd</run_address>
         <size>0xd32</size>
         <input_file_ref idref="fl-7"/>
      </object_component>
      <object_component id="oc-67">
         <name>.debug_frame</name>
         <load_address>0xf2f</load_address>
         <run_address>0xf2f</run_address>
         <size>0x8e</size>
         <input_file_ref idref="fl-8"/>
      </object_component>
      <object_component id="oc-a1">
         <name>.debug_frame</name>
         <load_address>0xfbd</load_address>
         <run_address>0xfbd</run_address>
         <size>0x8e</size>
         <input_file_ref idref="fl-a"/>
      </object_component>
      <object_component id="oc-a5">
         <name>.debug_frame</name>
         <load_address>0x104b</load_address>
         <run_address>0x104b</run_address>
         <size>0xbe</size>
         <input_file_ref idref="fl-b"/>
      </object_component>
      <object_component id="oc-aa">
         <name>.debug_frame</name>
         <load_address>0x1109</load_address>
         <run_address>0x1109</run_address>
         <size>0xac</size>
         <input_file_ref idref="fl-c"/>
      </object_component>
      <object_component id="oc-ae">
         <name>.debug_frame</name>
         <load_address>0x11b5</load_address>
         <run_address>0x11b5</run_address>
         <size>0x12c</size>
         <input_file_ref idref="fl-d"/>
      </object_component>
      <object_component id="oc-b6">
         <name>.debug_frame</name>
         <load_address>0x12e1</load_address>
         <run_address>0x12e1</run_address>
         <size>0xae</size>
         <input_file_ref idref="fl-f"/>
      </object_component>
      <object_component id="oc-bc">
         <name>.debug_frame</name>
         <load_address>0x138f</load_address>
         <run_address>0x138f</run_address>
         <size>0xde</size>
         <input_file_ref idref="fl-10"/>
      </object_component>
      <object_component id="oc-c3">
         <name>.debug_frame</name>
         <load_address>0x146d</load_address>
         <run_address>0x146d</run_address>
         <size>0x15a</size>
         <input_file_ref idref="fl-11"/>
      </object_component>
      <object_component id="oc-ca">
         <name>.debug_frame</name>
         <load_address>0x15c7</load_address>
         <run_address>0x15c7</run_address>
         <size>0xcc</size>
         <input_file_ref idref="fl-12"/>
      </object_component>
      <object_component id="oc-ce">
         <name>.debug_frame</name>
         <load_address>0x1693</load_address>
         <run_address>0x1693</run_address>
         <size>0x8e</size>
         <input_file_ref idref="fl-13"/>
      </object_component>
      <object_component id="oc-d2">
         <name>.debug_frame</name>
         <load_address>0x1721</load_address>
         <run_address>0x1721</run_address>
         <size>0x180</size>
         <input_file_ref idref="fl-14"/>
      </object_component>
      <object_component id="oc-d6">
         <name>.debug_frame</name>
         <load_address>0x18a1</load_address>
         <run_address>0x18a1</run_address>
         <size>0x2ab</size>
         <input_file_ref idref="fl-15"/>
      </object_component>
      <object_component id="oc-dc">
         <name>.debug_frame</name>
         <load_address>0x1b4c</load_address>
         <run_address>0x1b4c</run_address>
         <size>0xe8</size>
         <input_file_ref idref="fl-17"/>
      </object_component>
      <object_component id="oc-e0">
         <name>.debug_frame</name>
         <load_address>0x1c34</load_address>
         <run_address>0x1c34</run_address>
         <size>0xcb</size>
         <input_file_ref idref="fl-18"/>
      </object_component>
      <object_component id="oc-e4">
         <name>.debug_frame</name>
         <load_address>0x1cff</load_address>
         <run_address>0x1cff</run_address>
         <size>0x126</size>
         <input_file_ref idref="fl-19"/>
      </object_component>
      <object_component id="oc-e8">
         <name>.debug_frame</name>
         <load_address>0x1e25</load_address>
         <run_address>0x1e25</run_address>
         <size>0x27f</size>
         <input_file_ref idref="fl-1a"/>
      </object_component>
      <object_component id="oc-ec">
         <name>.debug_frame</name>
         <load_address>0x20a4</load_address>
         <run_address>0x20a4</run_address>
         <size>0x44c</size>
         <input_file_ref idref="fl-1b"/>
      </object_component>
      <object_component id="oc-f1">
         <name>.debug_frame</name>
         <load_address>0x24f0</load_address>
         <run_address>0x24f0</run_address>
         <size>0x1bf</size>
         <input_file_ref idref="fl-1c"/>
      </object_component>
      <object_component id="oc-f5">
         <name>.debug_frame</name>
         <load_address>0x26af</load_address>
         <run_address>0x26af</run_address>
         <size>0x19c</size>
         <input_file_ref idref="fl-1d"/>
      </object_component>
      <object_component id="oc-fb">
         <name>.debug_frame</name>
         <load_address>0x284b</load_address>
         <run_address>0x284b</run_address>
         <size>0xf3</size>
         <input_file_ref idref="fl-1e"/>
      </object_component>
      <object_component id="oc-106">
         <name>.debug_frame</name>
         <load_address>0x293e</load_address>
         <run_address>0x293e</run_address>
         <size>0xc7</size>
         <input_file_ref idref="fl-2f"/>
      </object_component>
      <object_component id="oc-10a">
         <name>.debug_frame</name>
         <load_address>0x2a05</load_address>
         <run_address>0x2a05</run_address>
         <size>0xa6</size>
         <input_file_ref idref="fl-30"/>
      </object_component>
      <object_component id="oc-10e">
         <name>.debug_frame</name>
         <load_address>0x2aab</load_address>
         <run_address>0x2aab</run_address>
         <size>0xa6</size>
         <input_file_ref idref="fl-31"/>
      </object_component>
      <object_component id="oc-114">
         <name>.debug_frame</name>
         <load_address>0x2b51</load_address>
         <run_address>0x2b51</run_address>
         <size>0xd6</size>
         <input_file_ref idref="fl-32"/>
      </object_component>
      <object_component id="oc-118">
         <name>.debug_frame</name>
         <load_address>0x2c27</load_address>
         <run_address>0x2c27</run_address>
         <size>0xa6</size>
         <input_file_ref idref="fl-33"/>
      </object_component>
      <object_component id="oc-4e">
         <name>.debug_line</name>
         <load_address>0x0</load_address>
         <run_address>0x0</run_address>
         <size>0x16f</size>
         <input_file_ref idref="fl-2"/>
      </object_component>
      <object_component id="oc-52">
         <name>.debug_line</name>
         <load_address>0x16f</load_address>
         <run_address>0x16f</run_address>
         <size>0x46</size>
         <input_file_ref idref="fl-3"/>
      </object_component>
      <object_component id="oc-59">
         <name>.debug_line</name>
         <load_address>0x1b5</load_address>
         <run_address>0x1b5</run_address>
         <size>0x5e</size>
         <input_file_ref idref="fl-5"/>
      </object_component>
      <object_component id="oc-5e">
         <name>.debug_line</name>
         <load_address>0x213</load_address>
         <run_address>0x213</run_address>
         <size>0x81</size>
         <input_file_ref idref="fl-6"/>
      </object_component>
      <object_component id="oc-64">
         <name>.debug_line</name>
         <load_address>0x294</load_address>
         <run_address>0x294</run_address>
         <size>0x8e9</size>
         <input_file_ref idref="fl-7"/>
      </object_component>
      <object_component id="oc-68">
         <name>.debug_line</name>
         <load_address>0xb7d</load_address>
         <run_address>0xb7d</run_address>
         <size>0x30</size>
         <input_file_ref idref="fl-8"/>
      </object_component>
      <object_component id="oc-a2">
         <name>.debug_line</name>
         <load_address>0xbad</load_address>
         <run_address>0xbad</run_address>
         <size>0x33</size>
         <input_file_ref idref="fl-a"/>
      </object_component>
      <object_component id="oc-a6">
         <name>.debug_line</name>
         <load_address>0xbe0</load_address>
         <run_address>0xbe0</run_address>
         <size>0x83</size>
         <input_file_ref idref="fl-b"/>
      </object_component>
      <object_component id="oc-ab">
         <name>.debug_line</name>
         <load_address>0xc63</load_address>
         <run_address>0xc63</run_address>
         <size>0x65</size>
         <input_file_ref idref="fl-c"/>
      </object_component>
      <object_component id="oc-af">
         <name>.debug_line</name>
         <load_address>0xcc8</load_address>
         <run_address>0xcc8</run_address>
         <size>0x142</size>
         <input_file_ref idref="fl-d"/>
      </object_component>
      <object_component id="oc-b3">
         <name>.debug_line</name>
         <load_address>0xe0a</load_address>
         <run_address>0xe0a</run_address>
         <size>0x45</size>
         <input_file_ref idref="fl-e"/>
      </object_component>
      <object_component id="oc-b7">
         <name>.debug_line</name>
         <load_address>0xe4f</load_address>
         <run_address>0xe4f</run_address>
         <size>0x134</size>
         <input_file_ref idref="fl-f"/>
      </object_component>
      <object_component id="oc-bd">
         <name>.debug_line</name>
         <load_address>0xf83</load_address>
         <run_address>0xf83</run_address>
         <size>0xbe</size>
         <input_file_ref idref="fl-10"/>
      </object_component>
      <object_component id="oc-c4">
         <name>.debug_line</name>
         <load_address>0x1041</load_address>
         <run_address>0x1041</run_address>
         <size>0xbd</size>
         <input_file_ref idref="fl-11"/>
      </object_component>
      <object_component id="oc-cb">
         <name>.debug_line</name>
         <load_address>0x10fe</load_address>
         <run_address>0x10fe</run_address>
         <size>0x135</size>
         <input_file_ref idref="fl-12"/>
      </object_component>
      <object_component id="oc-cf">
         <name>.debug_line</name>
         <load_address>0x1233</load_address>
         <run_address>0x1233</run_address>
         <size>0x36</size>
         <input_file_ref idref="fl-13"/>
      </object_component>
      <object_component id="oc-d3">
         <name>.debug_line</name>
         <load_address>0x1269</load_address>
         <run_address>0x1269</run_address>
         <size>0x1d1</size>
         <input_file_ref idref="fl-14"/>
      </object_component>
      <object_component id="oc-d7">
         <name>.debug_line</name>
         <load_address>0x143a</load_address>
         <run_address>0x143a</run_address>
         <size>0x2f7</size>
         <input_file_ref idref="fl-15"/>
      </object_component>
      <object_component id="oc-dd">
         <name>.debug_line</name>
         <load_address>0x1731</load_address>
         <run_address>0x1731</run_address>
         <size>0xa7</size>
         <input_file_ref idref="fl-17"/>
      </object_component>
      <object_component id="oc-e1">
         <name>.debug_line</name>
         <load_address>0x17d8</load_address>
         <run_address>0x17d8</run_address>
         <size>0xb8</size>
         <input_file_ref idref="fl-18"/>
      </object_component>
      <object_component id="oc-e5">
         <name>.debug_line</name>
         <load_address>0x1890</load_address>
         <run_address>0x1890</run_address>
         <size>0x150</size>
         <input_file_ref idref="fl-19"/>
      </object_component>
      <object_component id="oc-e9">
         <name>.debug_line</name>
         <load_address>0x19e0</load_address>
         <run_address>0x19e0</run_address>
         <size>0x558</size>
         <input_file_ref idref="fl-1a"/>
      </object_component>
      <object_component id="oc-ed">
         <name>.debug_line</name>
         <load_address>0x1f38</load_address>
         <run_address>0x1f38</run_address>
         <size>0xee7</size>
         <input_file_ref idref="fl-1b"/>
      </object_component>
      <object_component id="oc-f2">
         <name>.debug_line</name>
         <load_address>0x2e1f</load_address>
         <run_address>0x2e1f</run_address>
         <size>0x25e</size>
         <input_file_ref idref="fl-1c"/>
      </object_component>
      <object_component id="oc-f6">
         <name>.debug_line</name>
         <load_address>0x307d</load_address>
         <run_address>0x307d</run_address>
         <size>0x12f</size>
         <input_file_ref idref="fl-1d"/>
      </object_component>
      <object_component id="oc-fc">
         <name>.debug_line</name>
         <load_address>0x31ac</load_address>
         <run_address>0x31ac</run_address>
         <size>0x10c</size>
         <input_file_ref idref="fl-1e"/>
      </object_component>
      <object_component id="oc-101">
         <name>.debug_line</name>
         <load_address>0x32b8</load_address>
         <run_address>0x32b8</run_address>
         <size>0x71</size>
         <input_file_ref idref="fl-2e"/>
      </object_component>
      <object_component id="oc-107">
         <name>.debug_line</name>
         <load_address>0x3329</load_address>
         <run_address>0x3329</run_address>
         <size>0x62</size>
         <input_file_ref idref="fl-2f"/>
      </object_component>
      <object_component id="oc-10b">
         <name>.debug_line</name>
         <load_address>0x338b</load_address>
         <run_address>0x338b</run_address>
         <size>0x5b</size>
         <input_file_ref idref="fl-30"/>
      </object_component>
      <object_component id="oc-10f">
         <name>.debug_line</name>
         <load_address>0x33e6</load_address>
         <run_address>0x33e6</run_address>
         <size>0x5c</size>
         <input_file_ref idref="fl-31"/>
      </object_component>
      <object_component id="oc-115">
         <name>.debug_line</name>
         <load_address>0x3442</load_address>
         <run_address>0x3442</run_address>
         <size>0x5b</size>
         <input_file_ref idref="fl-32"/>
      </object_component>
      <object_component id="oc-119">
         <name>.debug_line</name>
         <load_address>0x349d</load_address>
         <run_address>0x349d</run_address>
         <size>0x50</size>
         <input_file_ref idref="fl-33"/>
      </object_component>
      <object_component id="oc-4f">
         <name>.debug_abbrev</name>
         <load_address>0x0</load_address>
         <run_address>0x0</run_address>
         <size>0x163</size>
         <input_file_ref idref="fl-2"/>
      </object_component>
      <object_component id="oc-53">
         <name>.debug_abbrev</name>
         <load_address>0x163</load_address>
         <run_address>0x163</run_address>
         <size>0x2c</size>
         <input_file_ref idref="fl-3"/>
      </object_component>
      <object_component id="oc-5a">
         <name>.debug_abbrev</name>
         <load_address>0x18f</load_address>
         <run_address>0x18f</run_address>
         <size>0x20</size>
         <input_file_ref idref="fl-5"/>
      </object_component>
      <object_component id="oc-5f">
         <name>.debug_abbrev</name>
         <load_address>0x1af</load_address>
         <run_address>0x1af</run_address>
         <size>0xf0</size>
         <input_file_ref idref="fl-6"/>
      </object_component>
      <object_component id="oc-65">
         <name>.debug_abbrev</name>
         <load_address>0x29f</load_address>
         <run_address>0x29f</run_address>
         <size>0x178</size>
         <input_file_ref idref="fl-7"/>
      </object_component>
      <object_component id="oc-69">
         <name>.debug_abbrev</name>
         <load_address>0x417</load_address>
         <run_address>0x417</run_address>
         <size>0x100</size>
         <input_file_ref idref="fl-8"/>
      </object_component>
      <object_component id="oc-9f">
         <name>.debug_abbrev</name>
         <load_address>0x517</load_address>
         <run_address>0x517</run_address>
         <size>0xcc</size>
         <input_file_ref idref="fl-9"/>
      </object_component>
      <object_component id="oc-a3">
         <name>.debug_abbrev</name>
         <load_address>0x5e3</load_address>
         <run_address>0x5e3</run_address>
         <size>0x8a</size>
         <input_file_ref idref="fl-a"/>
      </object_component>
      <object_component id="oc-a7">
         <name>.debug_abbrev</name>
         <load_address>0x66d</load_address>
         <run_address>0x66d</run_address>
         <size>0xbb</size>
         <input_file_ref idref="fl-b"/>
      </object_component>
      <object_component id="oc-ac">
         <name>.debug_abbrev</name>
         <load_address>0x728</load_address>
         <run_address>0x728</run_address>
         <size>0x107</size>
         <input_file_ref idref="fl-c"/>
      </object_component>
      <object_component id="oc-b0">
         <name>.debug_abbrev</name>
         <load_address>0x82f</load_address>
         <run_address>0x82f</run_address>
         <size>0x166</size>
         <input_file_ref idref="fl-d"/>
      </object_component>
      <object_component id="oc-b4">
         <name>.debug_abbrev</name>
         <load_address>0x995</load_address>
         <run_address>0x995</run_address>
         <size>0x2c</size>
         <input_file_ref idref="fl-e"/>
      </object_component>
      <object_component id="oc-b8">
         <name>.debug_abbrev</name>
         <load_address>0x9c1</load_address>
         <run_address>0x9c1</run_address>
         <size>0xe4</size>
         <input_file_ref idref="fl-f"/>
      </object_component>
      <object_component id="oc-be">
         <name>.debug_abbrev</name>
         <load_address>0xaa5</load_address>
         <run_address>0xaa5</run_address>
         <size>0x183</size>
         <input_file_ref idref="fl-10"/>
      </object_component>
      <object_component id="oc-c5">
         <name>.debug_abbrev</name>
         <load_address>0xc28</load_address>
         <run_address>0xc28</run_address>
         <size>0x160</size>
         <input_file_ref idref="fl-11"/>
      </object_component>
      <object_component id="oc-cc">
         <name>.debug_abbrev</name>
         <load_address>0xd88</load_address>
         <run_address>0xd88</run_address>
         <size>0x163</size>
         <input_file_ref idref="fl-12"/>
      </object_component>
      <object_component id="oc-d0">
         <name>.debug_abbrev</name>
         <load_address>0xeeb</load_address>
         <run_address>0xeeb</run_address>
         <size>0x1ee</size>
         <input_file_ref idref="fl-13"/>
      </object_component>
      <object_component id="oc-d4">
         <name>.debug_abbrev</name>
         <load_address>0x10d9</load_address>
         <run_address>0x10d9</run_address>
         <size>0x167</size>
         <input_file_ref idref="fl-14"/>
      </object_component>
      <object_component id="oc-d8">
         <name>.debug_abbrev</name>
         <load_address>0x1240</load_address>
         <run_address>0x1240</run_address>
         <size>0x1b5</size>
         <input_file_ref idref="fl-15"/>
      </object_component>
      <object_component id="oc-da">
         <name>.debug_abbrev</name>
         <load_address>0x13f5</load_address>
         <run_address>0x13f5</run_address>
         <size>0x25</size>
         <input_file_ref idref="fl-16"/>
      </object_component>
      <object_component id="oc-de">
         <name>.debug_abbrev</name>
         <load_address>0x141a</load_address>
         <run_address>0x141a</run_address>
         <size>0x135</size>
         <input_file_ref idref="fl-17"/>
      </object_component>
      <object_component id="oc-e2">
         <name>.debug_abbrev</name>
         <load_address>0x154f</load_address>
         <run_address>0x154f</run_address>
         <size>0x177</size>
         <input_file_ref idref="fl-18"/>
      </object_component>
      <object_component id="oc-e6">
         <name>.debug_abbrev</name>
         <load_address>0x16c6</load_address>
         <run_address>0x16c6</run_address>
         <size>0x190</size>
         <input_file_ref idref="fl-19"/>
      </object_component>
      <object_component id="oc-ea">
         <name>.debug_abbrev</name>
         <load_address>0x1856</load_address>
         <run_address>0x1856</run_address>
         <size>0x1e1</size>
         <input_file_ref idref="fl-1a"/>
      </object_component>
      <object_component id="oc-ee">
         <name>.debug_abbrev</name>
         <load_address>0x1a37</load_address>
         <run_address>0x1a37</run_address>
         <size>0x1da</size>
         <input_file_ref idref="fl-1b"/>
      </object_component>
      <object_component id="oc-f3">
         <name>.debug_abbrev</name>
         <load_address>0x1c11</load_address>
         <run_address>0x1c11</run_address>
         <size>0x1c1</size>
         <input_file_ref idref="fl-1c"/>
      </object_component>
      <object_component id="oc-f7">
         <name>.debug_abbrev</name>
         <load_address>0x1dd2</load_address>
         <run_address>0x1dd2</run_address>
         <size>0x160</size>
         <input_file_ref idref="fl-1d"/>
      </object_component>
      <object_component id="oc-fd">
         <name>.debug_abbrev</name>
         <load_address>0x1f32</load_address>
         <run_address>0x1f32</run_address>
         <size>0x187</size>
         <input_file_ref idref="fl-1e"/>
      </object_component>
      <object_component id="oc-102">
         <name>.debug_abbrev</name>
         <load_address>0x20b9</load_address>
         <run_address>0x20b9</run_address>
         <size>0x43</size>
         <input_file_ref idref="fl-2e"/>
      </object_component>
      <object_component id="oc-108">
         <name>.debug_abbrev</name>
         <load_address>0x20fc</load_address>
         <run_address>0x20fc</run_address>
         <size>0x10c</size>
         <input_file_ref idref="fl-2f"/>
      </object_component>
      <object_component id="oc-10c">
         <name>.debug_abbrev</name>
         <load_address>0x2208</load_address>
         <run_address>0x2208</run_address>
         <size>0xa6</size>
         <input_file_ref idref="fl-30"/>
      </object_component>
      <object_component id="oc-110">
         <name>.debug_abbrev</name>
         <load_address>0x22ae</load_address>
         <run_address>0x22ae</run_address>
         <size>0xa6</size>
         <input_file_ref idref="fl-31"/>
      </object_component>
      <object_component id="oc-116">
         <name>.debug_abbrev</name>
         <load_address>0x2354</load_address>
         <run_address>0x2354</run_address>
         <size>0xa9</size>
         <input_file_ref idref="fl-32"/>
      </object_component>
      <object_component id="oc-11a">
         <name>.debug_abbrev</name>
         <load_address>0x23fd</load_address>
         <run_address>0x23fd</run_address>
         <size>0xed</size>
         <input_file_ref idref="fl-33"/>
      </object_component>
      <object_component id="oc-18b">
         <name>.debug_abbrev</name>
         <load_address>0x24ea</load_address>
         <run_address>0x24ea</run_address>
         <size>0xd</size>
      </object_component>
   </object_component_list>
   <logical_group_list>
      <logical_group id="lg-2" display="no" color="cyan">
         <name>PieVectTableFile</name>
         <run_address>0xd00</run_address>
         <size>0x100</size>
         <contents>
            <object_component_ref idref="oc-9e"/>
         </contents>
      </logical_group>
      <logical_group id="lg-3" display="no" color="cyan">
         <name>DevEmuRegsFile</name>
         <run_address>0x880</run_address>
         <size>0xd0</size>
         <contents>
            <object_component_ref idref="oc-9a"/>
         </contents>
      </logical_group>
      <logical_group id="lg-4" display="no" color="cyan">
         <name>FlashRegsFile</name>
         <run_address>0xa80</run_address>
         <size>0x8</size>
         <contents>
            <object_component_ref idref="oc-6e"/>
         </contents>
      </logical_group>
      <logical_group id="lg-5" display="no" color="cyan">
         <name>CsmRegsFile</name>
         <run_address>0xae0</run_address>
         <size>0x10</size>
         <contents>
            <object_component_ref idref="oc-79"/>
         </contents>
      </logical_group>
      <logical_group id="lg-6" display="no" color="cyan">
         <name>AdcMirrorFile</name>
         <run_address>0xb00</run_address>
         <size>0x10</size>
         <contents>
            <object_component_ref idref="oc-7a"/>
         </contents>
      </logical_group>
      <logical_group id="lg-7" display="no" color="cyan">
         <name>XintfRegsFile</name>
         <run_address>0xb20</run_address>
         <size>0x1e</size>
         <contents>
            <object_component_ref idref="oc-7c"/>
         </contents>
      </logical_group>
      <logical_group id="lg-8" display="no" color="cyan">
         <name>CpuTimer0RegsFile</name>
         <run_address>0xc00</run_address>
         <size>0x8</size>
         <contents>
            <object_component_ref idref="oc-71"/>
         </contents>
      </logical_group>
      <logical_group id="lg-9" display="no" color="cyan">
         <name>CpuTimer1RegsFile</name>
         <run_address>0xc08</run_address>
         <size>0x8</size>
         <contents>
            <object_component_ref idref="oc-70"/>
         </contents>
      </logical_group>
      <logical_group id="lg-a" display="no" color="cyan">
         <name>CpuTimer2RegsFile</name>
         <run_address>0xc10</run_address>
         <size>0x8</size>
         <contents>
            <object_component_ref idref="oc-72"/>
         </contents>
      </logical_group>
      <logical_group id="lg-b" display="no" color="cyan">
         <name>PieCtrlRegsFile</name>
         <run_address>0xce0</run_address>
         <size>0x1a</size>
         <contents>
            <object_component_ref idref="oc-7b"/>
         </contents>
      </logical_group>
      <logical_group id="lg-c" display="no" color="cyan">
         <name>DmaRegsFile</name>
         <run_address>0x1000</run_address>
         <size>0xe0</size>
         <contents>
            <object_component_ref idref="oc-9b"/>
         </contents>
      </logical_group>
      <logical_group id="lg-d" display="no" color="cyan">
         <name>McbspaRegsFile</name>
         <run_address>0x5000</run_address>
         <size>0x25</size>
         <contents>
            <object_component_ref idref="oc-8e"/>
         </contents>
      </logical_group>
      <logical_group id="lg-e" display="no" color="cyan">
         <name>McbspbRegsFile</name>
         <run_address>0x5040</run_address>
         <size>0x25</size>
         <contents>
            <object_component_ref idref="oc-8d"/>
         </contents>
      </logical_group>
      <logical_group id="lg-f" display="no" color="cyan">
         <name>ECanaRegsFile</name>
         <run_address>0x6000</run_address>
         <size>0x34</size>
         <contents>
            <object_component_ref idref="oc-91"/>
         </contents>
      </logical_group>
      <logical_group id="lg-10" display="no" color="cyan">
         <name>ECanaLAMRegsFile</name>
         <run_address>0x6040</run_address>
         <size>0x40</size>
         <contents>
            <object_component_ref idref="oc-94"/>
         </contents>
      </logical_group>
      <logical_group id="lg-11" display="no" color="cyan">
         <name>ECanaMboxesFile</name>
         <run_address>0x6100</run_address>
         <size>0x100</size>
         <contents>
            <object_component_ref idref="oc-9d"/>
         </contents>
      </logical_group>
      <logical_group id="lg-12" display="no" color="cyan">
         <name>ECanaMOTSRegsFile</name>
         <run_address>0x6080</run_address>
         <size>0x40</size>
         <contents>
            <object_component_ref idref="oc-92"/>
         </contents>
      </logical_group>
      <logical_group id="lg-13" display="no" color="cyan">
         <name>ECanaMOTORegsFile</name>
         <run_address>0x60c0</run_address>
         <size>0x40</size>
         <contents>
            <object_component_ref idref="oc-93"/>
         </contents>
      </logical_group>
      <logical_group id="lg-14" display="no" color="cyan">
         <name>ECanbRegsFile</name>
         <run_address>0x6200</run_address>
         <size>0x34</size>
         <contents>
            <object_component_ref idref="oc-90"/>
         </contents>
      </logical_group>
      <logical_group id="lg-15" display="no" color="cyan">
         <name>ECanbLAMRegsFile</name>
         <run_address>0x6240</run_address>
         <size>0x40</size>
         <contents>
            <object_component_ref idref="oc-95"/>
         </contents>
      </logical_group>
      <logical_group id="lg-16" display="no" color="cyan">
         <name>ECanbMboxesFile</name>
         <run_address>0x6300</run_address>
         <size>0x100</size>
         <contents>
            <object_component_ref idref="oc-9c"/>
         </contents>
      </logical_group>
      <logical_group id="lg-17" display="no" color="cyan">
         <name>ECanbMOTSRegsFile</name>
         <run_address>0x6280</run_address>
         <size>0x40</size>
         <contents>
            <object_component_ref idref="oc-99"/>
         </contents>
      </logical_group>
      <logical_group id="lg-18" display="no" color="cyan">
         <name>ECanbMOTORegsFile</name>
         <run_address>0x62c0</run_address>
         <size>0x40</size>
         <contents>
            <object_component_ref idref="oc-96"/>
         </contents>
      </logical_group>
      <logical_group id="lg-19" display="no" color="cyan">
         <name>EPwm1RegsFile</name>
         <run_address>0x6800</run_address>
         <size>0x22</size>
         <contents>
            <object_component_ref idref="oc-8a"/>
         </contents>
      </logical_group>
      <logical_group id="lg-1a" display="no" color="cyan">
         <name>EPwm2RegsFile</name>
         <run_address>0x6840</run_address>
         <size>0x22</size>
         <contents>
            <object_component_ref idref="oc-88"/>
         </contents>
      </logical_group>
      <logical_group id="lg-1b" display="no" color="cyan">
         <name>EPwm3RegsFile</name>
         <run_address>0x6880</run_address>
         <size>0x22</size>
         <contents>
            <object_component_ref idref="oc-89"/>
         </contents>
      </logical_group>
      <logical_group id="lg-1c" display="no" color="cyan">
         <name>EPwm4RegsFile</name>
         <run_address>0x68c0</run_address>
         <size>0x22</size>
         <contents>
            <object_component_ref idref="oc-87"/>
         </contents>
      </logical_group>
      <logical_group id="lg-1d" display="no" color="cyan">
         <name>EPwm5RegsFile</name>
         <run_address>0x6900</run_address>
         <size>0x22</size>
         <contents>
            <object_component_ref idref="oc-8c"/>
         </contents>
      </logical_group>
      <logical_group id="lg-1e" display="no" color="cyan">
         <name>EPwm6RegsFile</name>
         <run_address>0x6940</run_address>
         <size>0x22</size>
         <contents>
            <object_component_ref idref="oc-8b"/>
         </contents>
      </logical_group>
      <logical_group id="lg-1f" display="no" color="cyan">
         <name>ECap1RegsFile</name>
         <run_address>0x6a00</run_address>
         <size>0x20</size>
         <contents>
            <object_component_ref idref="oc-85"/>
         </contents>
      </logical_group>
      <logical_group id="lg-20" display="no" color="cyan">
         <name>ECap2RegsFile</name>
         <run_address>0x6a20</run_address>
         <size>0x20</size>
         <contents>
            <object_component_ref idref="oc-83"/>
         </contents>
      </logical_group>
      <logical_group id="lg-21" display="no" color="cyan">
         <name>ECap3RegsFile</name>
         <run_address>0x6a40</run_address>
         <size>0x20</size>
         <contents>
            <object_component_ref idref="oc-7f"/>
         </contents>
      </logical_group>
      <logical_group id="lg-22" display="no" color="cyan">
         <name>ECap4RegsFile</name>
         <run_address>0x6a60</run_address>
         <size>0x20</size>
         <contents>
            <object_component_ref idref="oc-7e"/>
         </contents>
      </logical_group>
      <logical_group id="lg-23" display="no" color="cyan">
         <name>ECap5RegsFile</name>
         <run_address>0x6a80</run_address>
         <size>0x20</size>
         <contents>
            <object_component_ref idref="oc-80"/>
         </contents>
      </logical_group>
      <logical_group id="lg-24" display="no" color="cyan">
         <name>ECap6RegsFile</name>
         <run_address>0x6aa0</run_address>
         <size>0x20</size>
         <contents>
            <object_component_ref idref="oc-82"/>
         </contents>
      </logical_group>
      <logical_group id="lg-25" display="no" color="cyan">
         <name>EQep1RegsFile</name>
         <run_address>0x6b00</run_address>
         <size>0x40</size>
         <contents>
            <object_component_ref idref="oc-97"/>
         </contents>
      </logical_group>
      <logical_group id="lg-26" display="no" color="cyan">
         <name>EQep2RegsFile</name>
         <run_address>0x6b40</run_address>
         <size>0x40</size>
         <contents>
            <object_component_ref idref="oc-98"/>
         </contents>
      </logical_group>
      <logical_group id="lg-27" display="no" color="cyan">
         <name>GpioCtrlRegsFile</name>
         <run_address>0x6f80</run_address>
         <size>0x2e</size>
         <contents>
            <object_component_ref idref="oc-8f"/>
         </contents>
      </logical_group>
      <logical_group id="lg-28" display="no" color="cyan">
         <name>GpioDataRegsFile</name>
         <run_address>0x6fc0</run_address>
         <size>0x20</size>
         <contents>
            <object_component_ref idref="oc-81"/>
         </contents>
      </logical_group>
      <logical_group id="lg-29" display="no" color="cyan">
         <name>GpioIntRegsFile</name>
         <run_address>0x6fe0</run_address>
         <size>0xa</size>
         <contents>
            <object_component_ref idref="oc-73"/>
         </contents>
      </logical_group>
      <logical_group id="lg-2a" display="no" color="cyan">
         <name>SysCtrlRegsFile</name>
         <run_address>0x7010</run_address>
         <size>0x20</size>
         <contents>
            <object_component_ref idref="oc-84"/>
         </contents>
      </logical_group>
      <logical_group id="lg-2b" display="no" color="cyan">
         <name>SpiaRegsFile</name>
         <run_address>0x7040</run_address>
         <size>0x10</size>
         <contents>
            <object_component_ref idref="oc-75"/>
         </contents>
      </logical_group>
      <logical_group id="lg-2c" display="no" color="cyan">
         <name>SciaRegsFile</name>
         <run_address>0x7050</run_address>
         <size>0x10</size>
         <contents>
            <object_component_ref idref="oc-76"/>
         </contents>
      </logical_group>
      <logical_group id="lg-2d" display="no" color="cyan">
         <name>XIntruptRegsFile</name>
         <run_address>0x7070</run_address>
         <size>0x10</size>
         <contents>
            <object_component_ref idref="oc-78"/>
         </contents>
      </logical_group>
      <logical_group id="lg-2e" display="no" color="cyan">
         <name>AdcRegsFile</name>
         <run_address>0x7100</run_address>
[...]
         <object_component_ref idref="oc-c8"/>
      </symbol>
      <symbol id="sm-387">
         <name>_ObjDict_Index6008</name>
         <value>0xc100</value>
         <object_component_ref idref="oc-c8"/>
      </symbol>
      <symbol id="sm-3b4">
         <name>_EMCY_errorRecovered</name>
         <value>0x33aec4</value>
         <object_component_ref idref="oc-125"/>
      </symbol>
      <symbol id="sm-3b5">
         <name>_proceedEMCY</name>
         <value>0x33af24</value>
         <object_component_ref idref="oc-125"/>
      </symbol>
      <symbol id="sm-3b6">
         <name>_sendEMCY</name>
         <value>0x33adce</value>
         <object_component_ref idref="oc-125"/>
      </symbol>
      <symbol id="sm-3b7">
         <name>_OnNumberOfErrorsUpdate</name>
         <value>0x33ad99</value>
         <object_component_ref idref="oc-125"/>
      </symbol>
      <symbol id="sm-3b8">
         <name>__post_emcy</name>
         <value>0x33af45</value>
         <object_component_ref idref="oc-125"/>
      </symbol>
      <symbol id="sm-3b9">
         <name>_EMCY_setError</name>
         <value>0x33adfb</value>
         <object_component_ref idref="oc-125"/>
      </symbol>
      <symbol id="sm-3ba">
         <name>_emergencyInit</name>
         <value>0x33adb9</value>
         <object_component_ref idref="oc-125"/>
      </symbol>
      <symbol id="sm-3bb">
         <name>_emergencyStop</name>
         <value>0x33adca</value>
         <object_component_ref idref="oc-125"/>
      </symbol>
      <symbol id="sm-3e3">
         <name>_heartbeatInit</name>
         <value>0x33a8d8</value>
         <object_component_ref idref="oc-122"/>
      </symbol>
      <symbol id="sm-3e4">
         <name>_proceedNODE_GUARD</name>
         <value>0x33a77b</value>
         <object_component_ref idref="oc-122"/>
      </symbol>
      <symbol id="sm-3e5">
         <name>_heartbeatStop</name>
         <value>0x33a980</value>
         <object_component_ref idref="oc-122"/>
      </symbol>
      <symbol id="sm-3e6">
         <name>_OnNodeGuardUpdate</name>
         <value>0x33a8a2</value>
         <object_component_ref idref="oc-122"/>
      </symbol>
      <symbol id="sm-3e7">
         <name>_ConsumerHeartbeatAlarm</name>
         <value>0x33a758</value>
         <object_component_ref idref="oc-122"/>
      </symbol>
      <symbol id="sm-3e8">
         <name>__post_SlaveStateChange</name>
         <value>0x33a9cd</value>
         <object_component_ref idref="oc-122"/>
      </symbol>
      <symbol id="sm-3e9">
         <name>__heartbeatError</name>
         <value>0x33a9c3</value>
         <object_component_ref idref="oc-122"/>
      </symbol>
      <symbol id="sm-3ea">
         <name>_nodeguardInit</name>
         <value>0x33a92b</value>
         <object_component_ref idref="oc-122"/>
      </symbol>
      <symbol id="sm-3eb">
         <name>_OnHeartbeatProducerUpdate</name>
         <value>0x33a8af</value>
         <object_component_ref idref="oc-122"/>
      </symbol>
      <symbol id="sm-3ec">
         <name>_getNodeState</name>
         <value>0x33a747</value>
         <object_component_ref idref="oc-122"/>
      </symbol>
      <symbol id="sm-3ed">
         <name>__nodeguardError</name>
         <value>0x33a9d3</value>
         <object_component_ref idref="oc-122"/>
      </symbol>
      <symbol id="sm-3ee">
         <name>_nodeguardStop</name>
         <value>0x33a9a3</value>
         <object_component_ref idref="oc-122"/>
      </symbol>
      <symbol id="sm-3ef">
         <name>_lifeGuardInit</name>
         <value>0x33a9af</value>
         <object_component_ref idref="oc-122"/>
      </symbol>
      <symbol id="sm-3f0">
         <name>_lifeGuardStop</name>
         <value>0x33a9b9</value>
         <object_component_ref idref="oc-122"/>
      </symbol>
      <symbol id="sm-3f1">
         <name>_GuardTimeAlarm</name>
         <value>0x33a854</value>
         <object_component_ref idref="oc-122"/>
      </symbol>
      <symbol id="sm-3f2">
         <name>__post_SlaveBootup</name>
         <value>0x33a9c8</value>
         <object_component_ref idref="oc-122"/>
      </symbol>
      <symbol id="sm-3f3">
         <name>_ProducerHeartbeatAlarm</name>
         <value>0x33a82b</value>
         <object_component_ref idref="oc-122"/>
      </symbol>
      <symbol id="sm-403">
         <name>_masterSendNMTstateChange</name>
         <value>0x33b6a2</value>
         <object_component_ref idref="oc-130"/>
      </symbol>
      <symbol id="sm-404">
         <name>_masterRequestNodeState</name>
         <value>0x33b6cc</value>
         <object_component_ref idref="oc-130"/>
      </symbol>
      <symbol id="sm-405">
         <name>_masterSendNMTnodeguard</name>
         <value>0x33b6b8</value>
         <object_component_ref idref="oc-130"/>
      </symbol>
      <symbol id="sm-41d">
         <name>_proceedNMTstateChange</name>
         <value>0x33b593</value>
         <object_component_ref idref="oc-12c"/>
      </symbol>
      <symbol id="sm-41e">
         <name>_slaveSendBootUp</name>
         <value>0x33b617</value>
         <object_component_ref idref="oc-12c"/>
      </symbol>
      <symbol id="sm-43c">
         <name>__storeODSubIndex</name>
         <value>0x33b0d6</value>
         <object_component_ref idref="oc-124"/>
      </symbol>
      <symbol id="sm-43d">
         <name>_RegisterSetODentryCallBack</name>
         <value>0x33b0b7</value>
         <object_component_ref idref="oc-124"/>
      </symbol>
      <symbol id="sm-43e">
         <name>__getODentry</name>
         <value>0x33af53</value>
         <object_component_ref idref="oc-124"/>
      </symbol>
      <symbol id="sm-43f">
         <name>__setODentry</name>
         <value>0x33afeb</value>
         <object_component_ref idref="oc-124"/>
      </symbol>
      <symbol id="sm-440">
         <name>_accessDictionaryError</name>
         <value>0x33af4c</value>
         <object_component_ref idref="oc-124"/>
      </symbol>
      <symbol id="sm-4a2">
         <name>_TPDO_Communication_Parameter_Callback</name>
         <value>0x339f44</value>
         <object_component_ref idref="oc-11f"/>
      </symbol>
      <symbol id="sm-4a3">
         <name>_sendPDOrequest</name>
         <value>0x339afc</value>
         <object_component_ref idref="oc-11f"/>
      </symbol>
      <symbol id="sm-4a4">
         <name>_PDOInhibitTimerAlarm</name>
         <value>0x339e45</value>
         <object_component_ref idref="oc-11f"/>
      </symbol>
      <symbol id="sm-4a5">
         <name>_PDOInit</name>
         <value>0x339f96</value>
         <object_component_ref idref="oc-11f"/>
      </symbol>
      <symbol id="sm-4a6">
         <name>_PDOStop</name>
         <value>0x339fd0</value>
         <object_component_ref idref="oc-11f"/>
      </symbol>
      <symbol id="sm-4a7">
         <name>_buildPDO</name>
         <value>0x339a69</value>
         <object_component_ref idref="oc-11f"/>
      </symbol>
      <symbol id="sm-4a8">
         <name>_sendPDOevent</name>
         <value>0x339d5a</value>
         <object_component_ref idref="oc-11f"/>
      </symbol>
      <symbol id="sm-4a9">
         <name>__RxPDO_EventTimers_Handler</name>
         <value>0x339e60</value>
         <object_component_ref idref="oc-11f"/>
      </symbol>
      <symbol id="sm-4aa">
         <name>_PDOEventTimerAlarm</name>
         <value>0x339e2b</value>
         <object_component_ref idref="oc-11f"/>
      </symbol>
      <symbol id="sm-4ab">
         <name>_CopyBits</name>
         <value>0x339cdf</value>
         <object_component_ref idref="oc-11f"/>
      </symbol>
      <symbol id="sm-4ac">
         <name>_proceedPDO</name>
         <value>0x339b38</value>
         <object_component_ref idref="oc-11f"/>
      </symbol>
      <symbol id="sm-4ad">
         <name>__sendPDOevent</name>
         <value>0x339e65</value>
         <object_component_ref idref="oc-11f"/>
      </symbol>
      <symbol id="sm-4ae">
         <name>_sendOnePDOevent</name>
         <value>0x339d62</value>
         <object_component_ref idref="oc-11f"/>
      </symbol>
      <symbol id="sm-4af">
         <name>_PDODisable</name>
         <value>0x33a032</value>
         <object_component_ref idref="oc-11f"/>
      </symbol>
      <symbol id="sm-4b0">
         <name>_PDOEnable</name>
         <value>0x33a017</value>
         <object_component_ref idref="oc-11f"/>
      </symbol>
      <symbol id="sm-5fe">
         <name>_failedSDO</name>
         <value>0x3381b7</value>
         <object_component_ref idref="oc-12b"/>
      </symbol>
      <symbol id="sm-5ff">
         <name>_getWriteResultNetworkDict</name>
         <value>0x339a2d</value>
         <object_component_ref idref="oc-12b"/>
      </symbol>
      <symbol id="sm-600">
         <name>_sendSDO</name>
         <value>0x3383b8</value>
         <object_component_ref idref="oc-12b"/>
      </symbol>
      <symbol id="sm-601">
         <name>_getReadResultNetworkDict</name>
         <value>0x339997</value>
         <object_component_ref idref="oc-12b"/>
      </symbol>
      <symbol id="sm-602">
         <name>__writeNetworkDict</name>
         <value>0x3396b9</value>
         <object_component_ref idref="oc-12b"/>
      </symbol>
      <symbol id="sm-603">
         <name>_getSDOfreeLine</name>
         <value>0x3382d9</value>
         <object_component_ref idref="oc-12b"/>
      </symbol>
      <symbol id="sm-604">
         <name>_readNetworkDict</name>
         <value>0x3398f4</value>
         <object_component_ref idref="oc-12b"/>
      </symbol>
      <symbol id="sm-605">
         <name>_writeNetworkDictCallBack</name>
         <value>0x3397ba</value>
         <object_component_ref idref="oc-12b"/>
      </symbol>
      <symbol id="sm-606">
         <name>__readNetworkDict</name>
         <value>0x33985d</value>
         <object_component_ref idref="oc-12b"/>
      </symbol>
      <symbol id="sm-607">
         <name>_GetSDOClientFromNodeId</name>
         <value>0x339665</value>
         <object_component_ref idref="oc-12b"/>
      </symbol>
      <symbol id="sm-608">
         <name>_writeNetworkDictCallBackAI</name>
         <value>0x3397d3</value>
         <object_component_ref idref="oc-12b"/>
      </symbol>
      <symbol id="sm-609">
         <name>_readNetworkDictCallbackAI</name>
         <value>0x33991a</value>
         <object_component_ref idref="oc-12b"/>
      </symbol>
      <symbol id="sm-60a">
         <name>_objdictToSDOline</name>
         <value>0x3380e1</value>
         <object_component_ref idref="oc-12b"/>
      </symbol>
      <symbol id="sm-60b">
         <name>_getSDOlineOnUse</name>
         <value>0x3382fb</value>
         <object_component_ref idref="oc-12b"/>
      </symbol>
      <symbol id="sm-60c">
         <name>_writeNetworkDict</name>
         <value>0x3397a1</value>
         <object_component_ref idref="oc-12b"/>
      </symbol>
      <symbol id="sm-60d">
         <name>_lineToSDO</name>
         <value>0x338120</value>
         <object_component_ref idref="oc-12b"/>
      </symbol>
      <symbol id="sm-60e">
         <name>_SDOTimeoutAlarm</name>
         <value>0x338000</value>
         <object_component_ref idref="oc-12b"/>
      </symbol>
      <symbol id="sm-60f">
         <name>_resetClientSDOLineFromNodeId</name>
         <value>0x3396a2</value>
         <object_component_ref idref="oc-12b"/>
      </symbol>
      <symbol id="sm-610">
         <name>_SDOtoLine</name>
         <value>0x338175</value>
         <object_component_ref idref="oc-12b"/>
      </symbol>
      <symbol id="sm-611">
         <name>_initSDOline</name>
         <value>0x338235</value>
         <object_component_ref idref="oc-12b"/>
      </symbol>
      <symbol id="sm-612">
         <name>_getSDOlineRestBytes</name>
         <value>0x338381</value>
         <object_component_ref idref="oc-12b"/>
      </symbol>
      <symbol id="sm-613">
         <name>_setSDOlineRestBytes</name>
         <value>0x3383a3</value>
         <object_component_ref idref="oc-12b"/>
      </symbol>
      <symbol id="sm-614">
         <name>_SDOlineToObjdict</name>
         <value>0x33809d</value>
         <object_component_ref idref="oc-12b"/>
      </symbol>
      <symbol id="sm-615">
         <name>_resetSDO</name>
         <value>0x338090</value>
         <object_component_ref idref="oc-12b"/>
      </symbol>
      <symbol id="sm-616">
         <name>_readNetworkDictCallback</name>
         <value>0x339907</value>
         <object_component_ref idref="oc-12b"/>
      </symbol>
      <symbol id="sm-617">
         <name>_sendSDOabort</name>
         <value>0x338423</value>
         <object_component_ref idref="oc-12b"/>
      </symbol>
      <symbol id="sm-618">
         <name>_proceedSDO</name>
         <value>0x33844d</value>
         <object_component_ref idref="oc-12b"/>
      </symbol>
      <symbol id="sm-619">
         <name>_getSDOlineToClose</name>
         <value>0x338333</value>
         <object_component_ref idref="oc-12b"/>
      </symbol>
      <symbol id="sm-61a">
         <name>_resetSDOline</name>
         <value>0x338205</value>
         <object_component_ref idref="oc-12b"/>
      </symbol>
      <symbol id="sm-61b">
         <name>_closeSDOtransfer</name>
         <value>0x338363</value>
         <object_component_ref idref="oc-12b"/>
      </symbol>
      <symbol id="sm-664">
         <name>__operational</name>
         <value>0x33a73f</value>
         <object_component_ref idref="oc-121"/>
      </symbol>
      <symbol id="sm-665">
         <name>_getNodeId</name>
         <value>0x33a617</value>
         <object_component_ref idref="oc-121"/>
      </symbol>
      <symbol id="sm-666">
         <name>_canDispatch</name>
         <value>0x33a4a0</value>
         <object_component_ref idref="oc-121"/>
      </symbol>
      <symbol id="sm-667">
         <name>_setNodeId</name>
         <value>0x33a61e</value>
         <object_component_ref idref="oc-121"/>
      </symbol>
      <symbol id="sm-668">
         <name>__initialisation</name>
         <value>0x33a72d</value>
         <object_component_ref idref="oc-121"/>
      </symbol>
      <symbol id="sm-669">
         <name>__preOperational</name>
         <value>0x33a731</value>
         <object_component_ref idref="oc-121"/>
      </symbol>
      <symbol id="sm-66a">
         <name>_switchCommunicationState</name>
         <value>0x33a4ef</value>
         <object_component_ref idref="oc-121"/>
      </symbol>
      <symbol id="sm-66b">
         <name>_getState</name>
         <value>0x33a499</value>
         <object_component_ref idref="oc-121"/>
      </symbol>
      <symbol id="sm-66c">
         <name>_setState</name>
         <value>0x33a59c</value>
         <object_component_ref idref="oc-121"/>
      </symbol>
      <symbol id="sm-66d">
         <name>__stopped</name>
         <value>0x33a743</value>
         <object_component_ref idref="oc-121"/>
      </symbol>
      <symbol id="sm-67b">
         <name>_sendSYNCMessage</name>
         <value>0x33b54f</value>
         <object_component_ref idref="oc-123"/>
      </symbol>
      <symbol id="sm-67c">
         <name>_stopSYNC</name>
         <value>0x33b533</value>
         <object_component_ref idref="oc-123"/>
      </symbol>
      <symbol id="sm-67d">
         <name>_startSYNC</name>
         <value>0x33b4f5</value>
         <object_component_ref idref="oc-123"/>
      </symbol>
      <symbol id="sm-67e">
         <name>_proceedSYNC</name>
         <value>0x33b56f</value>
         <object_component_ref idref="oc-123"/>
      </symbol>
      <symbol id="sm-67f">
         <name>__post_sync</name>
         <value>0x33b58b</value>
         <object_component_ref idref="oc-123"/>
      </symbol>
      <symbol id="sm-680">
         <name>_OnCOB_ID_SyncUpdate</name>
         <value>0x33b4eb</value>
         <object_component_ref idref="oc-123"/>
      </symbol>
      <symbol id="sm-681">
         <name>_sendSYNC</name>
         <value>0x33b563</value>
         <object_component_ref idref="oc-123"/>
      </symbol>
      <symbol id="sm-682">
         <name>__post_TPDO</name>
         <value>0x33b58f</value>
         <object_component_ref idref="oc-123"/>
      </symbol>
      <symbol id="sm-683">
         <name>_SyncAlarm</name>
         <value>0x33b4e3</value>
         <object_component_ref idref="oc-123"/>
      </symbol>
      <symbol id="sm-6a3">
         <name>_DelAlarm</name>
         <value>0x33b387</value>
         <object_component_ref idref="oc-11d"/>
      </symbol>
      <symbol id="sm-6a4">
         <name>_timers</name>
         <value>0xc540</value>
         <object_component_ref idref="oc-fa"/>
      </symbol>
      <symbol id="sm-6a5">
         <name>_tdcount</name>
         <value>0xc500</value>
         <object_component_ref idref="oc-fa"/>
      </symbol>
      <symbol id="sm-6a6">
         <name>_TimeDispatch</name>
         <value>0x33b39d</value>
         <object_component_ref idref="oc-11d"/>
      </symbol>
      <symbol id="sm-6a7">
         <name>_last_timer_raw</name>
         <value>0xc501</value>
         <object_component_ref idref="oc-fa"/>
      </symbol>
      <symbol id="sm-6a8">
         <name>_SetAlarm</name>
         <value>0x33b32f</value>
         <object_component_ref idref="oc-11d"/>
      </symbol>
      <symbol id="sm-6a9">
         <name>_total_sleep_time</name>
         <value>0xc502</value>
         <object_component_ref idref="oc-fa"/>
      </symbol>
      <symbol id="sm-6bd">
         <name>_c_int00</name>
         <value>0x33b6ee</value>
         <object_component_ref idref="oc-4b"/>
      </symbol>
      <symbol id="sm-6be">
         <name>__stack</name>
         <value>0x400</value>
         <object_component_ref idref="oc-fe"/>
      </symbol>
      <symbol id="sm-6cf">
         <name>C$$EXIT</name>
         <value>0x33b831</value>
         <object_component_ref idref="oc-11c"/>
      </symbol>
      <symbol id="sm-6d0">
         <name>_exit</name>
         <value>0x33b833</value>
         <object_component_ref idref="oc-11c"/>
      </symbol>
      <symbol id="sm-6d1">
         <name>___TI_cleanup_ptr</name>
         <value>0xc5c0</value>
         <object_component_ref idref="oc-105"/>
      </symbol>
      <symbol id="sm-6d2">
         <name>_abort</name>
         <value>0x33b831</value>
         <object_component_ref idref="oc-11c"/>
      </symbol>
      <symbol id="sm-6d3">
         <name>___TI_dtors_ptr</name>
         <value>0xc5c2</value>
         <object_component_ref idref="oc-105"/>
      </symbol>
      <symbol id="sm-6e0">
         <name>_memcmp</name>
         <value>0x33b84a</value>
         <object_component_ref idref="oc-12a"/>
      </symbol>
      <symbol id="sm-6ef">
         <name>___memcpy_ff</name>
         <value>0x33b7d7</value>
         <object_component_ref idref="oc-131"/>
      </symbol>
      <symbol id="sm-6fd">
         <name>__unlock</name>
         <value>0xc5ba</value>
         <object_component_ref idref="oc-113"/>
      </symbol>
      <symbol id="sm-6fe">
         <name>__lock</name>
         <value>0xc5bc</value>
         <object_component_ref idref="oc-113"/>
      </symbol>
      <symbol id="sm-6ff">
         <name>__register_lock</name>
         <value>0x33b864</value>
         <object_component_ref idref="oc-126"/>
      </symbol>
      <symbol id="sm-700">
         <name>__nop</name>
         <value>0x33b868</value>
         <object_component_ref idref="oc-126"/>
      </symbol>
      <symbol id="sm-701">
         <name>__register_unlock</name>
         <value>0x33b860</value>
         <object_component_ref idref="oc-126"/>
      </symbol>
      <symbol id="sm-70d">
         <name>__args_main</name>
         <value>0x33b818</value>
         <object_component_ref idref="oc-11b"/>
      </symbol>
      <symbol id="sm-70e">
         <name>__TI_args_main</name>
         <value>0x1</value>
      </symbol>
   </symbol_table>
   <title>Link successful</title>
</link_info>
