<?xml version="1.0"?>
<link_info>
   <banner>TMS320C2000 Linker PC v6.2.7</banner>
   <copyright>Copyright (c) 1996-2014 Texas Instruments Incorporated</copyright>
   <link_time>0x5a1e80e0</link_time>
   <link_errors>0x0</link_errors>
   <output_file>28335_Can_TxRx.out</output_file>
   <entry_point>
      <name>_c_int00</name>
      <address>0xc71f</address>
   </entry_point>
   <input_file_list>
      <input_file id="fl-2">
         <path>.\</path>
         <kind>object</kind>
         <file>CAN_TEST.obj</file>
         <name>CAN_TEST.obj</name>
      </input_file>
      <input_file id="fl-3">
         <path>.\</path>
         <kind>object</kind>
         <file>DSP2833x_ADC_cal.obj</file>
         <name>DSP2833x_ADC_cal.obj</name>
      </input_file>
      <input_file id="fl-4">
         <path>.\</path>
         <kind>object</kind>
         <file>DSP2833x_CSMPasswords.obj</file>
         <name>DSP2833x_CSMPasswords.obj</name>
      </input_file>
      <input_file id="fl-5">
         <path>.\</path>
         <kind>object</kind>
         <file>DSP2833x_CodeStartBranch.obj</file>
         <name>DSP2833x_CodeStartBranch.obj</name>
      </input_file>
      <input_file id="fl-6">
         <path>.\</path>
         <kind>object</kind>
         <file>DSP2833x_CpuTimers.obj</file>
         <name>DSP2833x_CpuTimers.obj</name>
      </input_file>
      <input_file id="fl-7">
         <path>.\</path>
         <kind>object</kind>
         <file>DSP2833x_DefaultIsr.obj</file>
         <name>DSP2833x_DefaultIsr.obj</name>
      </input_file>
      <input_file id="fl-8">
         <path>.\</path>
         <kind>object</kind>
         <file>DSP2833x_EPwm.obj</file>
         <name>DSP2833x_EPwm.obj</name>
      </input_file>
      <input_file id="fl-9">
         <path>.\</path>
         <kind>object</kind>
         <file>DSP2833x_GlobalVariableDefs.obj</file>
         <name>DSP2833x_GlobalVariableDefs.obj</name>
      </input_file>
      <input_file id="fl-a">
         <path>.\</path>
         <kind>object</kind>
         <file>DSP2833x_MemCopy.obj</file>
         <name>DSP2833x_MemCopy.obj</name>
      </input_file>
      <input_file id="fl-b">
         <path>.\</path>
         <kind>object</kind>
         <file>DSP2833x_PieCtrl.obj</file>
         <name>DSP2833x_PieCtrl.obj</name>
      </input_file>
      <input_file id="fl-c">
         <path>.\</path>
         <kind>object</kind>
         <file>DSP2833x_PieVect.obj</file>
         <name>DSP2833x_PieVect.obj</name>
      </input_file>
      <input_file id="fl-d">
         <path>.\</path>
         <kind>object</kind>
         <file>DSP2833x_SysCtrl.obj</file>
         <name>DSP2833x_SysCtrl.obj</name>
      </input_file>
      <input_file id="fl-e">
         <path>.\</path>
         <kind>object</kind>
         <file>DSP2833x_usDelay.obj</file>
         <name>DSP2833x_usDelay.obj</name>
      </input_file>
      <input_file id="fl-f">
         <path>.\</path>
         <kind>object</kind>
         <file>DSP28_ECan.obj</file>
         <name>DSP28_ECan.obj</name>
      </input_file>
      <input_file id="fl-10">
         <path>.\</path>
         <kind>object</kind>
         <file>main.obj</file>
         <name>main.obj</name>
      </input_file>
      <input_file id="fl-11">
         <path>.\canfestival\src\</path>
         <kind>object</kind>
         <file>28335timerdriver.obj</file>
         <name>28335timerdriver.obj</name>
      </input_file>
      <input_file id="fl-12">
         <path>.\canfestival\src\</path>
         <kind>object</kind>
         <file>ObjDict.obj</file>
         <name>ObjDict.obj</name>
      </input_file>
      <input_file id="fl-13">
         <path>.\canfestival\src\</path>
         <kind>object</kind>
         <file>dcf.obj</file>
         <name>dcf.obj</name>
      </input_file>
      <input_file id="fl-14">
         <path>.\canfestival\src\</path>
         <kind>object</kind>
         <file>emcy.obj</file>
         <name>emcy.obj</name>
      </input_file>
      <input_file id="fl-15">
         <path>.\canfestival\src\</path>
         <kind>object</kind>
         <file>lifegrd.obj</file>
         <name>lifegrd.obj</name>
      </input_file>
      <input_file id="fl-16">
         <path>.\canfestival\src\</path>
         <kind>object</kind>
         <file>lss.obj</file>
         <name>lss.obj</name>
      </input_file>
      <input_file id="fl-17">
         <path>.\canfestival\src\</path>
         <kind>object</kind>
         <file>nmtMaster.obj</file>
         <name>nmtMaster.obj</name>
      </input_file>
      <input_file id="fl-18">
         <path>.\canfestival\src\</path>
         <kind>object</kind>
         <file>nmtSlave.obj</file>
         <name>nmtSlave.obj</name>
      </input_file>
      <input_file id="fl-19">
         <path>.\canfestival\src\</path>
         <kind>object</kind>
         <file>objacces.obj</file>
         <name>objacces.obj</name>
      </input_file>
      <input_file id="fl-1a">
         <path>.\canfestival\src\</path>
         <kind>object</kind>
         <file>pdo.obj</file>
         <name>pdo.obj</name>
      </input_file>
      <input_file id="fl-1b">
         <path>.\canfestival\src\</path>
         <kind>object</kind>
         <file>sdo.obj</file>
         <name>sdo.obj</name>
      </input_file>
      <input_file id="fl-1c">
         <path>.\canfestival\src\</path>
         <kind>object</kind>
         <file>states.obj</file>
         <name>states.obj</name>
      </input_file>
      <input_file id="fl-1d">
         <path>.\canfestival\src\</path>
         <kind>object</kind>
         <file>sync.obj</file>
         <name>sync.obj</name>
      </input_file>
      <input_file id="fl-1e">
         <path>.\canfestival\src\</path>
         <kind>object</kind>
         <file>timer.obj</file>
         <name>timer.obj</name>
      </input_file>
      <input_file id="fl-2e">
         <path>c:\ti\ccsv6\tools\compiler\c2000_6.2.7\lib\</path>
         <kind>archive</kind>
         <file>rts2800_fpu32.lib</file>
         <name>boot.obj</name>
      </input_file>
      <input_file id="fl-2f">
         <path>c:\ti\ccsv6\tools\compiler\c2000_6.2.7\lib\</path>
         <kind>archive</kind>
         <file>rts2800_fpu32.lib</file>
         <name>exit.obj</name>
      </input_file>
      <input_file id="fl-30">
         <path>c:\ti\ccsv6\tools\compiler\c2000_6.2.7\lib\</path>
         <kind>archive</kind>
         <file>rts2800_fpu32.lib</file>
         <name>memcmp.obj</name>
      </input_file>
      <input_file id="fl-31">
         <path>c:\ti\ccsv6\tools\compiler\c2000_6.2.7\lib\</path>
         <kind>archive</kind>
         <file>rts2800_fpu32.lib</file>
         <name>memcpy_ff.obj</name>
      </input_file>
      <input_file id="fl-32">
         <path>c:\ti\ccsv6\tools\compiler\c2000_6.2.7\lib\</path>
         <kind>archive</kind>
         <file>rts2800_fpu32.lib</file>
         <name>_lock.obj</name>
      </input_file>
      <input_file id="fl-33">
         <path>c:\ti\ccsv6\tools\compiler\c2000_6.2.7\lib\</path>
         <kind>archive</kind>
         <file>rts2800_fpu32.lib</file>
         <name>args_main.obj</name>
      </input_file>
   </input_file_list>
   <object_component_list>
      <object_component id="oc-55">
         <name>codestart</name>
         <load_address>0x0</load_address>
         <run_address>0x0</run_address>
         <size>0x2</size>
         <input_file_ref idref="fl-5"/>
      </object_component>
      <object_component id="oc-af">
         <name>ramfuncs</name>
         <load_address>0x852c</load_address>
         <run_address>0x852c</run_address>
         <size>0x4</size>
         <input_file_ref idref="fl-e"/>
      </object_component>
      <object_component id="oc-129">
         <name>.text</name>
         <load_address>0x9000</load_address>
         <run_address>0x9000</run_address>
         <size>0x1a99</size>
         <input_file_ref idref="fl-1b"/>
      </object_component>
      <object_component id="oc-11d">
         <name>.text</name>
         <load_address>0xaa99</load_address>
         <run_address>0xaa99</run_address>
         <size>0x5e7</size>
         <input_file_ref idref="fl-1a"/>
      </object_component>
      <object_component id="oc-60">
         <name>.text:retain</name>
         <load_address>0xb080</load_address>
         <run_address>0xb080</run_address>
         <size>0x44c</size>
         <input_file_ref idref="fl-7"/>
      </object_component>
      <object_component id="oc-11f">
         <name>.text</name>
         <load_address>0xb4cc</load_address>
         <run_address>0xb4cc</run_address>
         <size>0x2ae</size>
         <input_file_ref idref="fl-1c"/>
      </object_component>
      <object_component id="oc-120">
         <name>.text</name>
         <load_address>0xb77a</load_address>
         <run_address>0xb77a</run_address>
         <size>0x295</size>
         <input_file_ref idref="fl-15"/>
      </object_component>
      <object_component id="oc-130">
         <name>.text</name>
         <load_address>0xba0f</load_address>
         <run_address>0xba0f</run_address>
         <size>0x1ed</size>
         <input_file_ref idref="fl-f"/>
      </object_component>
      <object_component id="oc-127">
         <name>.text</name>
         <load_address>0xbbfc</load_address>
         <run_address>0xbbfc</run_address>
         <size>0x1c3</size>
         <input_file_ref idref="fl-2"/>
      </object_component>
      <object_component id="oc-123">
         <name>.text</name>
         <load_address>0xbdbf</load_address>
         <run_address>0xbdbf</run_address>
         <size>0x1b3</size>
         <input_file_ref idref="fl-14"/>
      </object_component>
      <object_component id="oc-122">
         <name>.text</name>
         <load_address>0xbf72</load_address>
         <run_address>0xbf72</run_address>
         <size>0x191</size>
         <input_file_ref idref="fl-19"/>
      </object_component>
      <object_component id="oc-11e">
         <name>.text</name>
         <load_address>0xc103</load_address>
         <run_address>0xc103</run_address>
         <size>0x15b</size>
         <input_file_ref idref="fl-12"/>
      </object_component>
      <object_component id="oc-131">
         <name>.text</name>
         <load_address>0xc25e</load_address>
         <run_address>0xc25e</run_address>
         <size>0xf7</size>
         <input_file_ref idref="fl-d"/>
      </object_component>
      <object_component id="oc-11b">
         <name>.text</name>
         <load_address>0xc355</load_address>
         <run_address>0xc355</run_address>
         <size>0xe9</size>
         <input_file_ref idref="fl-1e"/>
      </object_component>
      <object_component id="oc-125">
         <name>.text</name>
         <load_address>0xc43e</load_address>
         <run_address>0xc43e</run_address>
         <size>0xcd</size>
         <input_file_ref idref="fl-10"/>
      </object_component>
      <object_component id="oc-121">
         <name>.text</name>
         <load_address>0xc50b</load_address>
         <run_address>0xc50b</run_address>
         <size>0xb9</size>
         <input_file_ref idref="fl-1d"/>
      </object_component>
      <object_component id="oc-12a">
         <name>.text</name>
         <load_address>0xc5c4</load_address>
         <run_address>0xc5c4</run_address>
         <size>0x9b</size>
         <input_file_ref idref="fl-18"/>
      </object_component>
      <object_component id="oc-134">
         <name>.text</name>
         <load_address>0xc65f</load_address>
         <run_address>0xc65f</run_address>
         <size>0x74</size>
         <input_file_ref idref="fl-6"/>
      </object_component>
      <object_component id="oc-12e">
         <name>.text</name>
         <load_address>0xc6d3</load_address>
         <run_address>0xc6d3</run_address>
         <size>0x4c</size>
         <input_file_ref idref="fl-17"/>
      </object_component>
      <object_component id="oc-49">
         <name>.text</name>
         <load_address>0xc71f</load_address>
         <run_address>0xc71f</run_address>
         <size>0x46</size>
         <input_file_ref idref="fl-2e"/>
      </object_component>
      <object_component id="oc-c0">
         <name>.text:retain</name>
         <load_address>0xc765</load_address>
         <run_address>0xc765</run_address>
         <size>0x43</size>
         <input_file_ref idref="fl-11"/>
      </object_component>
      <object_component id="oc-126">
         <name>.text</name>
         <load_address>0xc7a8</load_address>
         <run_address>0xc7a8</run_address>
         <size>0x28</size>
         <input_file_ref idref="fl-11"/>
      </object_component>
      <object_component id="oc-132">
         <name>.text</name>
         <load_address>0xc7d0</load_address>
         <run_address>0xc7d0</run_address>
         <size>0x28</size>
         <input_file_ref idref="fl-b"/>
      </object_component>
      <object_component id="oc-12f">
         <name>.text</name>
         <load_address>0xc7f8</load_address>
         <run_address>0xc7f8</run_address>
         <size>0x21</size>
         <input_file_ref idref="fl-31"/>
      </object_component>
      <object_component id="oc-133">
         <name>.text</name>
         <load_address>0xc819</load_address>
         <run_address>0xc819</run_address>
         <size>0x20</size>
         <input_file_ref idref="fl-c"/>
      </object_component>
      <object_component id="oc-119">
         <name>.text</name>
         <load_address>0xc839</load_address>
         <run_address>0xc839</run_address>
         <size>0x19</size>
         <input_file_ref idref="fl-33"/>
      </object_component>
      <object_component id="oc-11a">
         <name>.text</name>
         <load_address>0xc852</load_address>
         <run_address>0xc852</run_address>
         <size>0x19</size>
         <input_file_ref idref="fl-2f"/>
      </object_component>
      <object_component id="oc-128">
         <name>.text</name>
         <load_address>0xc86b</load_address>
         <run_address>0xc86b</run_address>
         <size>0x16</size>
         <input_file_ref idref="fl-30"/>
      </object_component>
      <object_component id="oc-124">
         <name>.text</name>
         <load_address>0xc881</load_address>
         <run_address>0xc881</run_address>
         <size>0x9</size>
         <input_file_ref idref="fl-32"/>
      </object_component>
      <object_component id="oc-54">
         <name>.text</name>
         <load_address>0xc88a</load_address>
         <run_address>0xc88a</run_address>
         <size>0x8</size>
         <input_file_ref idref="fl-5"/>
      </object_component>
      <object_component id="oc-c5">
         <name>.cinit</name>
         <load_address>0x8000</load_address>
         <run_address>0x8000</run_address>
         <size>0x4bf</size>
         <input_file_ref idref="fl-12"/>
      </object_component>
      <object_component id="oc-f7">
         <name>.cinit</name>
         <load_address>0x84bf</load_address>
         <run_address>0x84bf</run_address>
         <size>0x1c</size>
         <input_file_ref idref="fl-1e"/>
      </object_component>
      <object_component id="oc-b8">
         <name>.cinit</name>
         <load_address>0x84db</load_address>
         <run_address>0x84db</run_address>
         <size>0x13</size>
         <input_file_ref idref="fl-10"/>
      </object_component>
      <object_component id="oc-110">
         <name>.cinit</name>
         <load_address>0x84ee</load_address>
         <run_address>0x84ee</run_address>
         <size>0xa</size>
         <input_file_ref idref="fl-32"/>
      </object_component>
      <object_component id="oc-102">
         <name>.cinit</name>
         <load_address>0x84f8</load_address>
         <run_address>0x84f8</run_address>
         <size>0xa</size>
         <input_file_ref idref="fl-2f"/>
      </object_component>
      <object_component id="oc-be">
         <name>.cinit</name>
         <load_address>0x8502</load_address>
         <run_address>0x8502</run_address>
         <size>0x5</size>
         <input_file_ref idref="fl-11"/>
      </object_component>
      <object_component id="oc-69">
         <name>.cinit</name>
         <load_address>0x8507</load_address>
         <run_address>0x8507</run_address>
         <size>0x4</size>
         <input_file_ref idref="fl-9"/>
      </object_component>
      <object_component id="oc-12b">
         <name>.switch:_canDispatch</name>
         <load_address>0x850e</load_address>
         <run_address>0x850e</run_address>
         <size>0x1e</size>
         <input_file_ref idref="fl-1c"/>
      </object_component>
      <object_component id="oc-fc">
         <name>.stack</name>
         <uninitialized>true</uninitialized>
         <run_address>0x400</run_address>
         <size>0x0</size>
         <input_file_ref idref="fl-2e"/>
      </object_component>
      <object_component id="oc-185">
         <name>.stack</name>
         <uninitialized>true</uninitialized>
         <run_address>0x400</run_address>
         <size>0x0</size>
      </object_component>
      <object_component id="oc-5a">
         <name>.ebss</name>
         <uninitialized>true</uninitialized>
         <run_address>0xd4e6</run_address>
         <size>0x18</size>
         <input_file_ref idref="fl-6"/>
      </object_component>
      <object_component id="oc-5f">
         <name>.ebss</name>
         <uninitialized>true</uninitialized>
         <run_address>0xd5b6</run_address>
         <size>0x4</size>
         <input_file_ref idref="fl-7"/>
      </object_component>
      <object_component id="oc-6a">
         <name>.ebss</name>
         <uninitialized>true</uninitialized>
         <run_address>0xd4c6</run_address>
         <size>0x20</size>
         <input_file_ref idref="fl-9"/>
      </object_component>
      <object_component id="oc-b9">
         <name>.ebss</name>
         <uninitialized>true</uninitialized>
         <run_address>0xd5a0</run_address>
         <size>0x15</size>
         <input_file_ref idref="fl-10"/>
      </object_component>
      <object_component id="oc-bf">
         <name>.ebss</name>
         <uninitialized>true</uninitialized>
         <run_address>0xd4fe</run_address>
         <size>0x2</size>
         <input_file_ref idref="fl-11"/>
      </object_component>
      <object_component id="oc-c6">
         <name>.ebss</name>
         <uninitialized>true</uninitialized>
         <run_address>0xd000</run_address>
         <size>0x4c6</size>
         <input_file_ref idref="fl-12"/>
      </object_component>
      <object_component id="oc-f8">
         <name>.ebss</name>
         <uninitialized>true</uninitialized>
         <run_address>0xd500</run_address>
         <size>0xa0</size>
         <input_file_ref idref="fl-1e"/>
      </object_component>
      <object_component id="oc-103">
         <name>.ebss</name>
         <uninitialized>true</uninitialized>
         <run_address>0xd5c0</run_address>
         <size>0x4</size>
         <input_file_ref idref="fl-2f"/>
      </object_component>
      <object_component id="oc-111">
         <name>.ebss</name>
         <uninitialized>true</uninitialized>
         <run_address>0xd5ba</run_address>
         <size>0x4</size>
         <input_file_ref idref="fl-32"/>
      </object_component>
      <object_component id="oc-a7">
         <name>.econst</name>
         <load_address>0xe000</load_address>
         <run_address>0xe000</run_address>
         <size>0x100</size>
         <input_file_ref idref="fl-c"/>
      </object_component>
      <object_component id="oc-11c">
         <name>.econst:_ObjDict_objdict</name>
         <load_address>0xe100</load_address>
         <run_address>0xe100</run_address>
         <size>0x74</size>
         <input_file_ref idref="fl-12"/>
      </object_component>
      <object_component id="oc-ee">
         <name>.econst</name>
         <load_address>0xe174</load_address>
         <run_address>0xe174</run_address>
         <size>0x1c</size>
         <input_file_ref idref="fl-1c"/>
      </object_component>
      <object_component id="oc-c7">
         <name>.econst</name>
         <load_address>0xe190</load_address>
         <run_address>0xe190</run_address>
         <size>0xe</size>
         <input_file_ref idref="fl-12"/>
      </object_component>
      <object_component id="oc-12c">
         <name>.econst:_$P$T4$5</name>
         <load_address>0xe19e</load_address>
         <run_address>0xe19e</run_address>
         <size>0x8</size>
         <input_file_ref idref="fl-1c"/>
      </object_component>
      <object_component id="oc-12d">
         <name>.econst:_$P$T5$6</name>
         <load_address>0xe1a6</load_address>
         <run_address>0xe1a6</run_address>
         <size>0x8</size>
         <input_file_ref idref="fl-1c"/>
      </object_component>
      <object_component id="oc-fd">
         <name>.reset</name>
         <load_address>0x3fffc0</load_address>
         <run_address>0x3fffc0</run_address>
         <size>0x2</size>
         <input_file_ref idref="fl-2e"/>
      </object_component>
      <object_component id="oc-53">
         <name>csm_rsvd</name>
         <load_address>0x33ff80</load_address>
         <run_address>0x33ff80</run_address>
         <size>0x76</size>
         <input_file_ref idref="fl-4"/>
      </object_component>
      <object_component id="oc-52">
         <name>csmpasswds</name>
         <load_address>0x33fff8</load_address>
         <run_address>0x33fff8</run_address>
         <size>0x8</size>
         <input_file_ref idref="fl-4"/>
      </object_component>
      <object_component id="oc-4e">
         <name>.adc_cal</name>
         <load_address>0x380080</load_address>
         <run_address>0x380080</run_address>
         <size>0x7</size>
         <input_file_ref idref="fl-3"/>
      </object_component>
      <object_component id="oc-9c">
         <name>PieVectTableFile</name>
         <uninitialized>true</uninitialized>
         <run_address>0xd00</run_address>
         <size>0x100</size>
         <input_file_ref idref="fl-9"/>
      </object_component>
      <object_component id="oc-98">
         <name>DevEmuRegsFile</name>
         <uninitialized>true</uninitialized>
         <run_address>0x880</run_address>
         <size>0xd0</size>
         <input_file_ref idref="fl-9"/>
      </object_component>
      <object_component id="oc-6c">
         <name>FlashRegsFile</name>
         <uninitialized>true</uninitialized>
         <run_address>0xa80</run_address>
         <size>0x8</size>
         <input_file_ref idref="fl-9"/>
      </object_component>
      <object_component id="oc-77">
         <name>CsmRegsFile</name>
         <uninitialized>true</uninitialized>
         <run_address>0xae0</run_address>
         <size>0x10</size>
         <input_file_ref idref="fl-9"/>
      </object_component>
      <object_component id="oc-78">
         <name>AdcMirrorFile</name>
         <uninitialized>true</uninitialized>
         <run_address>0xb00</run_address>
         <size>0x10</size>
         <input_file_ref idref="fl-9"/>
      </object_component>
      <object_component id="oc-7a">
         <name>XintfRegsFile</name>
         <uninitialized>true</uninitialized>
         <run_address>0xb20</run_address>
         <size>0x1e</size>
         <input_file_ref idref="fl-9"/>
      </object_component>
      <object_component id="oc-6f">
         <name>CpuTimer0RegsFile</name>
         <uninitialized>true</uninitialized>
         <run_address>0xc00</run_address>
         <size>0x8</size>
         <input_file_ref idref="fl-9"/>
      </object_component>
      <object_component id="oc-6e">
         <name>CpuTimer1RegsFile</name>
         <uninitialized>true</uninitialized>
         <run_address>0xc08</run_address>
         <size>0x8</size>
         <input_file_ref idref="fl-9"/>
      </object_component>
      <object_component id="oc-70">
         <name>CpuTimer2RegsFile</name>
         <uninitialized>true</uninitialized>
         <run_address>0xc10</run_address>
         <size>0x8</size>
         <input_file_ref idref="fl-9"/>
      </object_component>
      <object_component id="oc-79">
         <name>PieCtrlRegsFile</name>
         <uninitialized>true</uninitialized>
         <run_address>0xce0</run_address>
         <size>0x1a</size>
         <input_file_ref idref="fl-9"/>
      </object_component>
      <object_component id="oc-99">
         <name>DmaRegsFile</name>
         <uninitialized>true</uninitialized>
         <run_address>0x1000</run_address>
         <size>0xe0</size>
         <input_file_ref idref="fl-9"/>
      </object_component>
      <object_component id="oc-8c">
         <name>McbspaRegsFile</name>
         <uninitialized>true</uninitialized>
         <run_address>0x5000</run_address>
         <size>0x25</size>
         <input_file_ref idref="fl-9"/>
      </object_component>
      <object_component id="oc-8b">
         <name>McbspbRegsFile</name>
         <uninitialized>true</uninitialized>
         <run_address>0x5040</run_address>
         <size>0x25</size>
         <input_file_ref idref="fl-9"/>
      </object_component>
      <object_component id="oc-8f">
         <name>ECanaRegsFile</name>
         <uninitialized>true</uninitialized>
         <run_address>0x6000</run_address>
         <size>0x34</size>
         <input_file_ref idref="fl-9"/>
      </object_component>
      <object_component id="oc-92">
         <name>ECanaLAMRegsFile</name>
         <uninitialized>true</uninitialized>
         <run_address>0x6040</run_address>
         <size>0x40</size>
         <input_file_ref idref="fl-9"/>
      </object_component>
      <object_component id="oc-9b">
         <name>ECanaMboxesFile</name>
         <uninitialized>true</uninitialized>
         <run_address>0x6100</run_address>
         <size>0x100</size>
         <input_file_ref idref="fl-9"/>
      </object_component>
      <object_component id="oc-90">
         <name>ECanaMOTSRegsFile</name>
         <uninitialized>true</uninitialized>
         <run_address>0x6080</run_address>
         <size>0x40</size>
         <input_file_ref idref="fl-9"/>
      </object_component>
      <object_component id="oc-91">
         <name>ECanaMOTORegsFile</name>
         <uninitialized>true</uninitialized>
         <run_address>0x60c0</run_address>
         <size>0x40</size>
         <input_file_ref idref="fl-9"/>
      </object_component>
      <object_component id="oc-8e">
         <name>ECanbRegsFile</name>
         <uninitialized>true</uninitialized>
         <run_address>0x6200</run_address>
         <size>0x34</size>
         <input_file_ref idref="fl-9"/>
      </object_component>
      <object_component id="oc-93">
         <name>ECanbLAMRegsFile</name>
         <uninitialized>true</uninitialized>
         <run_address>0x6240</run_address>
         <size>0x40</size>
         <input_file_ref idref="fl-9"/>
      </object_component>
      <object_component id="oc-9a">
         <name>ECanbMboxesFile</name>
         <uninitialized>true</uninitialized>
         <run_address>0x6300</run_address>
         <size>0x100</size>
         <input_file_ref idref="fl-9"/>
      </object_component>
      <object_component id="oc-97">
         <name>ECanbMOTSRegsFile</name>
         <uninitialized>true</uninitialized>
         <run_address>0x6280</run_address>
         <size>0x40</size>
         <input_file_ref idref="fl-9"/>
      </object_component>
      <object_component id="oc-94">
         <name>ECanbMOTORegsFile</name>
         <uninitialized>true</uninitialized>
         <run_address>0x62c0</run_address>
         <size>0x40</size>
         <input_file_ref idref="fl-9"/>
      </object_component>
      <object_component id="oc-88">
         <name>EPwm1RegsFile</name>
         <uninitialized>true</uninitialized>
         <run_address>0x6800</run_address>
         <size>0x22</size>
         <input_file_ref idref="fl-9"/>
      </object_component>
      <object_component id="oc-86">
         <name>EPwm2RegsFile</name>
         <uninitialized>true</uninitialized>
         <run_address>0x6840</run_address>
         <size>0x22</size>
         <input_file_ref idref="fl-9"/>
      </object_component>
      <object_component id="oc-87">
         <name>EPwm3RegsFile</name>
         <uninitialized>true</uninitialized>
         <run_address>0x6880</run_address>
         <size>0x22</size>
         <input_file_ref idref="fl-9"/>
      </object_component>
      <object_component id="oc-85">
         <name>EPwm4RegsFile</name>
         <uninitialized>true</uninitialized>
         <run_address>0x68c0</run_address>
         <size>0x22</size>
         <input_file_ref idref="fl-9"/>
      </object_component>
      <object_component id="oc-8a">
         <name>EPwm5RegsFile</name>
         <uninitialized>true</uninitialized>
         <run_address>0x6900</run_address>
         <size>0x22</size>
         <input_file_ref idref="fl-9"/>
      </object_component>
      <object_component id="oc-89">
         <name>EPwm6RegsFile</name>
         <uninitialized>true</uninitialized>
         <run_address>0x6940</run_address>
         <size>0x22</size>
         <input_file_ref idref="fl-9"/>
      </object_component>
      <object_component id="oc-83">
         <name>ECap1RegsFile</name>
         <uninitialized>true</uninitialized>
         <run_address>0x6a00</run_address>
         <size>0x20</size>
         <input_file_ref idref="fl-9"/>
      </object_component>
      <object_component id="oc-81">
         <name>ECap2RegsFile</name>
         <uninitialized>true</uninitialized>
         <run_address>0x6a20</run_address>
         <size>0x20</size>
         <input_file_ref idref="fl-9"/>
      </object_component>
      <object_component id="oc-7d">
         <name>ECap3RegsFile</name>
         <uninitialized>true</uninitialized>
         <run_address>0x6a40</run_address>
         <size>0x20</size>
         <input_file_ref idref="fl-9"/>
      </object_component>
      <object_component id="oc-7c">
         <name>ECap4RegsFile</name>
         <uninitialized>true</uninitialized>
         <run_address>0x6a60</run_address>
         <size>0x20</size>
         <input_file_ref idref="fl-9"/>
      </object_component>
      <object_component id="oc-7e">
         <name>ECap5RegsFile</name>
         <uninitialized>true</uninitialized>
         <run_address>0x6a80</run_address>
         <size>0x20</size>
         <input_file_ref idref="fl-9"/>
      </object_component>
      <object_component id="oc-80">
         <name>ECap6RegsFile</name>
         <uninitialized>true</uninitialized>
         <run_address>0x6aa0</run_address>
         <size>0x20</size>
         <input_file_ref idref="fl-9"/>
      </object_component>
      <object_component id="oc-95">
         <name>EQep1RegsFile</name>
         <uninitialized>true</uninitialized>
         <run_address>0x6b00</run_address>
         <size>0x40</size>
         <input_file_ref idref="fl-9"/>
      </object_component>
      <object_component id="oc-96">
         <name>EQep2RegsFile</name>
         <uninitialized>true</uninitialized>
         <run_address>0x6b40</run_address>
         <size>0x40</size>
         <input_file_ref idref="fl-9"/>
      </object_component>
      <object_component id="oc-8d">
         <name>GpioCtrlRegsFile</name>
         <uninitialized>true</uninitialized>
         <run_address>0x6f80</run_address>
         <size>0x2e</size>
         <input_file_ref idref="fl-9"/>
      </object_component>
      <object_component id="oc-7f">
         <name>GpioDataRegsFile</name>
         <uninitialized>true</uninitialized>
         <run_address>0x6fc0</run_address>
         <size>0x20</size>
         <input_file_ref idref="fl-9"/>
      </object_component>
      <object_component id="oc-71">
         <name>GpioIntRegsFile</name>
         <uninitialized>true</uninitialized>
         <run_address>0x6fe0</run_address>
         <size>0xa</size>
         <input_file_ref idref="fl-9"/>
      </object_component>
      <object_component id="oc-82">
         <name>SysCtrlRegsFile</name>
         <uninitialized>true</uninitialized>
         <run_address>0x7010</run_address>
         <size>0x20</size>
         <input_file_ref idref="fl-9"/>
      </object_component>
      <object_component id="oc-73">
         <name>SpiaRegsFile</name>
         <uninitialized>true</uninitialized>
         <run_address>0x7040</run_address>
         <size>0x10</size>
         <input_file_ref idref="fl-9"/>
      </object_component>
      <object_component id="oc-74">
         <name>SciaRegsFile</name>
         <uninitialized>true</uninitialized>
         <run_address>0x7050</run_address>
         <size>0x10</size>
         <input_file_ref idref="fl-9"/>
      </object_component>
      <object_component id="oc-76">
         <name>XIntruptRegsFile</name>
         <uninitialized>true</uninitialized>
         <run_address>0x7070</run_address>
         <size>0x10</size>
         <input_file_ref idref="fl-9"/>
      </object_component>
      <object_component id="oc-7b">
         <name>AdcRegsFile</name>
         <uninitialized>true</uninitialized>
         <run_address>0x7100</run_address>
         <size>0x1e</size>
         <input_file_ref idref="fl-9"/>
      </object_component>
      <object_component id="oc-75">
         <name>ScibRegsFile</name>
         <uninitialized>true</uninitialized>
         <run_address>0x7750</run_address>
         <size>0x10</size>
         <input_file_ref idref="fl-9"/>
      </object_component>
      <object_component id="oc-72">
         <name>ScicRegsFile</name>
         <uninitialized>true</uninitialized>
         <run_address>0x7770</run_address>
         <size>0x10</size>
         <input_file_ref idref="fl-9"/>
      </object_component>
      <object_component id="oc-84">
         <name>I2caRegsFile</name>
         <uninitialized>true</uninitialized>
         <run_address>0x7900</run_address>
         <size>0x22</size>
         <input_file_ref idref="fl-9"/>
      </object_component>
      <object_component id="oc-6d">
         <name>CsmPwlFile</name>
         <uninitialized>true</uninitialized>
         <run_address>0x33fff8</run_address>
         <size>0x8</size>
         <input_file_ref idref="fl-9"/>
      </object_component>
      <object_component id="oc-6b">
         <name>PartIdRegsFile</name>
         <uninitialized>true</uninitialized>
         <run_address>0x380090</run_address>
         <size>0x1</size>
         <input_file_ref idref="fl-9"/>
      </object_component>
      <object_component id="oc-4a">
         <name>.debug_info</name>
         <load_address>0x0</load_address>
         <run_address>0x0</run_address>
         <size>0x4dcf</size>
         <input_file_ref idref="fl-2"/>
      </object_component>
      <object_component id="oc-4f">
         <name>.debug_info</name>
         <load_address>0x4dcf</load_address>
         <run_address>0x4dcf</run_address>
         <size>0xeb</size>
         <input_file_ref idref="fl-3"/>
      </object_component>
      <object_component id="oc-56">
         <name>.debug_info</name>
         <load_address>0x4eba</load_address>
         <run_address>0x4eba</run_address>
         <size>0x128</size>
         <input_file_ref idref="fl-5"/>
      </object_component>
      <object_component id="oc-59">
         <name>.debug_info</name>
         <load_address>0x4fe2</load_address>
         <run_address>0x4fe2</run_address>
         <size>0x96d</size>
         <input_file_ref idref="fl-6"/>
      </object_component>
      <object_component id="oc-5e">
         <name>.debug_info</name>
         <load_address>0x594f</load_address>
         <run_address>0x594f</run_address>
         <size>0x699e</size>
         <input_file_ref idref="fl-7"/>
      </object_component>
      <object_component id="oc-64">
         <name>.debug_info</name>
         <load_address>0xc2ed</load_address>
         <run_address>0xc2ed</run_address>
         <size>0x1b49</size>
         <input_file_ref idref="fl-8"/>
      </object_component>
      <object_component id="oc-68">
         <name>.debug_info</name>
         <load_address>0xde36</load_address>
         <run_address>0xde36</run_address>
         <size>0x1307f</size>
         <input_file_ref idref="fl-9"/>
      </object_component>
      <object_component id="oc-9e">
         <name>.debug_info</name>
         <load_address>0x20eb5</load_address>
         <run_address>0x20eb5</run_address>
         <size>0x374</size>
         <input_file_ref idref="fl-a"/>
      </object_component>
      <object_component id="oc-a2">
         <name>.debug_info</name>
         <load_address>0x21229</load_address>
         <run_address>0x21229</run_address>
         <size>0xb21</size>
         <input_file_ref idref="fl-b"/>
      </object_component>
      <object_component id="oc-a6">
         <name>.debug_info</name>
         <load_address>0x21d4a</load_address>
         <run_address>0x21d4a</run_address>
         <size>0x2293</size>
         <input_file_ref idref="fl-c"/>
      </object_component>
      <object_component id="oc-ab">
         <name>.debug_info</name>
         <load_address>0x23fdd</load_address>
         <run_address>0x23fdd</run_address>
         <size>0x1f72</size>
         <input_file_ref idref="fl-d"/>
      </object_component>
      <object_component id="oc-b0">
         <name>.debug_info</name>
         <load_address>0x25f4f</load_address>
         <run_address>0x25f4f</run_address>
         <size>0xeb</size>
         <input_file_ref idref="fl-e"/>
      </object_component>
      <object_component id="oc-b3">
         <name>.debug_info</name>
         <load_address>0x2603a</load_address>
         <run_address>0x2603a</run_address>
         <size>0x5fee</size>
         <input_file_ref idref="fl-f"/>
      </object_component>
      <object_component id="oc-b7">
         <name>.debug_info</name>
         <load_address>0x2c028</load_address>
         <run_address>0x2c028</run_address>
         <size>0x3639</size>
         <input_file_ref idref="fl-10"/>
      </object_component>
      <object_component id="oc-bd">
         <name>.debug_info</name>
         <load_address>0x2f661</load_address>
         <run_address>0x2f661</run_address>
         <size>0x118f</size>
         <input_file_ref idref="fl-11"/>
      </object_component>
      <object_component id="oc-c4">
         <name>.debug_info</name>
         <load_address>0x307f0</load_address>
         <run_address>0x307f0</run_address>
         <size>0x3789</size>
         <input_file_ref idref="fl-12"/>
      </object_component>
      <object_component id="oc-cb">
         <name>.debug_info</name>
         <load_address>0x33f79</load_address>
         <run_address>0x33f79</run_address>
         <size>0x1a08</size>
         <input_file_ref idref="fl-13"/>
      </object_component>
      <object_component id="oc-cf">
         <name>.debug_info</name>
         <load_address>0x35981</load_address>
         <run_address>0x35981</run_address>
         <size>0x20a7</size>
         <input_file_ref idref="fl-14"/>
      </object_component>
      <object_component id="oc-d3">
         <name>.debug_info</name>
         <load_address>0x37a28</load_address>
         <run_address>0x37a28</run_address>
         <size>0x2903</size>
         <input_file_ref idref="fl-15"/>
      </object_component>
      <object_component id="oc-d7">
         <name>.debug_info</name>
         <load_address>0x3a32b</load_address>
         <run_address>0x3a32b</run_address>
         <size>0x36a</size>
         <input_file_ref idref="fl-16"/>
      </object_component>
      <object_component id="oc-d9">
         <name>.debug_info</name>
         <load_address>0x3a695</load_address>
         <run_address>0x3a695</run_address>
         <size>0x1a88</size>
         <input_file_ref idref="fl-17"/>
      </object_component>
      <object_component id="oc-dd">
         <name>.debug_info</name>
         <load_address>0x3c11d</load_address>
         <run_address>0x3c11d</run_address>
         <size>0x1a12</size>
         <input_file_ref idref="fl-18"/>
      </object_component>
      <object_component id="oc-e1">
         <name>.debug_info</name>
         <load_address>0x3db2f</load_address>
         <run_address>0x3db2f</run_address>
         <size>0x2067</size>
         <input_file_ref idref="fl-19"/>
      </object_component>
      <object_component id="oc-e5">
         <name>.debug_info</name>
         <load_address>0x3fb96</load_address>
         <run_address>0x3fb96</run_address>
         <size>0x2ea8</size>
         <input_file_ref idref="fl-1a"/>
      </object_component>
      <object_component id="oc-e9">
         <name>.debug_info</name>
         <load_address>0x42a3e</load_address>
         <run_address>0x42a3e</run_address>
         <size>0x4e9d</size>
         <input_file_ref idref="fl-1b"/>
      </object_component>
      <object_component id="oc-ed">
         <name>.debug_info</name>
         <load_address>0x478db</load_address>
         <run_address>0x478db</run_address>
         <size>0x24c4</size>
         <input_file_ref idref="fl-1c"/>
      </object_component>
      <object_component id="oc-f2">
         <name>.debug_info</name>
         <load_address>0x49d9f</load_address>
         <run_address>0x49d9f</run_address>
         <size>0x1f0c</size>
         <input_file_ref idref="fl-1d"/>
      </object_component>
      <object_component id="oc-f6">
         <name>.debug_info</name>
         <load_address>0x4bcab</load_address>
         <run_address>0x4bcab</run_address>
         <size>0x1c52</size>
         <input_file_ref idref="fl-1e"/>
      </object_component>
      <object_component id="oc-fe">
         <name>.debug_info</name>
         <load_address>0x4d8fd</load_address>
         <run_address>0x4d8fd</run_address>
         <size>0xde</size>
         <input_file_ref idref="fl-2e"/>
      </object_component>
      <object_component id="oc-101">
         <name>.debug_info</name>
         <load_address>0x4d9db</load_address>
         <run_address>0x4d9db</run_address>
         <size>0x488</size>
         <input_file_ref idref="fl-2f"/>
      </object_component>
      <object_component id="oc-107">
         <name>.debug_info</name>
         <load_address>0x4de63</load_address>
         <run_address>0x4de63</run_address>
         <size>0x47c</size>
         <input_file_ref idref="fl-30"/>
      </object_component>
      <object_component id="oc-10b">
         <name>.debug_info</name>
         <load_address>0x4e2df</load_address>
         <run_address>0x4e2df</run_address>
         <size>0x455</size>
         <input_file_ref idref="fl-31"/>
      </object_component>
      <object_component id="oc-10f">
         <name>.debug_info</name>
         <load_address>0x4e734</load_address>
         <run_address>0x4e734</run_address>
         <size>0x4ae</size>
         <input_file_ref idref="fl-32"/>
      </object_component>
      <object_component id="oc-115">
         <name>.debug_info</name>
         <load_address>0x4ebe2</load_address>
         <run_address>0x4ebe2</run_address>
         <size>0x46f</size>
         <input_file_ref idref="fl-33"/>
      </object_component>
      <object_component id="oc-186">
         <name>.debug_info</name>
         <load_address>0x4f051</load_address>
         <run_address>0x4f051</run_address>
         <size>0x6f</size>
      </object_component>
      <object_component id="oc-4b">
         <name>.debug_frame</name>
         <load_address>0x0</load_address>
         <run_address>0x0</run_address>
         <size>0x130</size>
         <input_file_ref idref="fl-2"/>
      </object_component>
      <object_component id="oc-5b">
         <name>.debug_frame</name>
         <load_address>0x130</load_address>
         <run_address>0x130</run_address>
         <size>0xc4</size>
         <input_file_ref idref="fl-6"/>
      </object_component>
      <object_component id="oc-61">
         <name>.debug_frame</name>
         <load_address>0x1f4</load_address>
         <run_address>0x1f4</run_address>
         <size>0xd32</size>
         <input_file_ref idref="fl-7"/>
      </object_component>
      <object_component id="oc-65">
         <name>.debug_frame</name>
         <load_address>0xf26</load_address>
         <run_address>0xf26</run_address>
         <size>0x8e</size>
         <input_file_ref idref="fl-8"/>
      </object_component>
      <object_component id="oc-9f">
         <name>.debug_frame</name>
         <load_address>0xfb4</load_address>
         <run_address>0xfb4</run_address>
         <size>0x8e</size>
         <input_file_ref idref="fl-a"/>
      </object_component>
      <object_component id="oc-a3">
         <name>.debug_frame</name>
         <load_address>0x1042</load_address>
         <run_address>0x1042</run_address>
         <size>0xbe</size>
         <input_file_ref idref="fl-b"/>
      </object_component>
      <object_component id="oc-a8">
         <name>.debug_frame</name>
         <load_address>0x1100</load_address>
         <run_address>0x1100</run_address>
         <size>0xac</size>
         <input_file_ref idref="fl-c"/>
      </object_component>
      <object_component id="oc-ac">
         <name>.debug_frame</name>
         <load_address>0x11ac</load_address>
         <run_address>0x11ac</run_address>
         <size>0x12c</size>
         <input_file_ref idref="fl-d"/>
      </object_component>
      <object_component id="oc-b4">
         <name>.debug_frame</name>
         <load_address>0x12d8</load_address>
         <run_address>0x12d8</run_address>
         <size>0xae</size>
         <input_file_ref idref="fl-f"/>
      </object_component>
      <object_component id="oc-ba">
         <name>.debug_frame</name>
         <load_address>0x1386</load_address>
         <run_address>0x1386</run_address>
         <size>0xde</size>
         <input_file_ref idref="fl-10"/>
      </object_component>
      <object_component id="oc-c1">
         <name>.debug_frame</name>
         <load_address>0x1464</load_address>
         <run_address>0x1464</run_address>
         <size>0x15a</size>
         <input_file_ref idref="fl-11"/>
      </object_component>
      <object_component id="oc-c8">
         <name>.debug_frame</name>
         <load_address>0x15be</load_address>
         <run_address>0x15be</run_address>
         <size>0xcc</size>
         <input_file_ref idref="fl-12"/>
      </object_component>
      <object_component id="oc-cc">
         <name>.debug_frame</name>
         <load_address>0x168a</load_address>
         <run_address>0x168a</run_address>
         <size>0x8e</size>
         <input_file_ref idref="fl-13"/>
      </object_component>
      <object_component id="oc-d0">
         <name>.debug_frame</name>
         <load_address>0x1718</load_address>
         <run_address>0x1718</run_address>
         <size>0x180</size>
         <input_file_ref idref="fl-14"/>
      </object_component>
      <object_component id="oc-d4">
         <name>.debug_frame</name>
         <load_address>0x1898</load_address>
         <run_address>0x1898</run_address>
         <size>0x2ab</size>
         <input_file_ref idref="fl-15"/>
      </object_component>
      <object_component id="oc-da">
         <name>.debug_frame</name>
         <load_address>0x1b43</load_address>
         <run_address>0x1b43</run_address>
         <size>0xe8</size>
         <input_file_ref idref="fl-17"/>
      </object_component>
      <object_component id="oc-de">
         <name>.debug_frame</name>
         <load_address>0x1c2b</load_address>
         <run_address>0x1c2b</run_address>
         <size>0xcb</size>
         <input_file_ref idref="fl-18"/>
      </object_component>
      <object_component id="oc-e2">
         <name>.debug_frame</name>
         <load_address>0x1cf6</load_address>
         <run_address>0x1cf6</run_address>
         <size>0x126</size>
         <input_file_ref idref="fl-19"/>
      </object_component>
      <object_component id="oc-e6">
         <name>.debug_frame</name>
         <load_address>0x1e1c</load_address>
         <run_address>0x1e1c</run_address>
         <size>0x27f</size>
         <input_file_ref idref="fl-1a"/>
      </object_component>
      <object_component id="oc-ea">
         <name>.debug_frame</name>
         <load_address>0x209b</load_address>
         <run_address>0x209b</run_address>
         <size>0x44c</size>
         <input_file_ref idref="fl-1b"/>
      </object_component>
      <object_component id="oc-ef">
         <name>.debug_frame</name>
         <load_address>0x24e7</load_address>
         <run_address>0x24e7</run_address>
         <size>0x1bf</size>
         <input_file_ref idref="fl-1c"/>
      </object_component>
      <object_component id="oc-f3">
         <name>.debug_frame</name>
         <load_address>0x26a6</load_address>
         <run_address>0x26a6</run_address>
         <size>0x19d</size>
         <input_file_ref idref="fl-1d"/>
      </object_component>
      <object_component id="oc-f9">
         <name>.debug_frame</name>
         <load_address>0x2843</load_address>
         <run_address>0x2843</run_address>
         <size>0xf3</size>
         <input_file_ref idref="fl-1e"/>
      </object_component>
      <object_component id="oc-104">
         <name>.debug_frame</name>
         <load_address>0x2936</load_address>
         <run_address>0x2936</run_address>
         <size>0xc7</size>
         <input_file_ref idref="fl-2f"/>
      </object_component>
      <object_component id="oc-108">
         <name>.debug_frame</name>
         <load_address>0x29fd</load_address>
         <run_address>0x29fd</run_address>
         <size>0xa6</size>
         <input_file_ref idref="fl-30"/>
      </object_component>
      <object_component id="oc-10c">
         <name>.debug_frame</name>
         <load_address>0x2aa3</load_address>
         <run_address>0x2aa3</run_address>
         <size>0xa6</size>
         <input_file_ref idref="fl-31"/>
      </object_component>
      <object_component id="oc-112">
         <name>.debug_frame</name>
         <load_address>0x2b49</load_address>
         <run_address>0x2b49</run_address>
         <size>0xd6</size>
         <input_file_ref idref="fl-32"/>
      </object_component>
      <object_component id="oc-116">
         <name>.debug_frame</name>
         <load_address>0x2c1f</load_address>
         <run_address>0x2c1f</run_address>
         <size>0xa6</size>
         <input_file_ref idref="fl-33"/>
      </object_component>
      <object_component id="oc-4c">
         <name>.debug_line</name>
         <load_address>0x0</load_address>
         <run_address>0x0</run_address>
         <size>0x188</size>
         <input_file_ref idref="fl-2"/>
      </object_component>
      <object_component id="oc-50">
         <name>.debug_line</name>
         <load_address>0x188</load_address>
         <run_address>0x188</run_address>
         <size>0x46</size>
         <input_file_ref idref="fl-3"/>
      </object_component>
      <object_component id="oc-57">
         <name>.debug_line</name>
         <load_address>0x1ce</load_address>
         <run_address>0x1ce</run_address>
         <size>0x5e</size>
         <input_file_ref idref="fl-5"/>
      </object_component>
      <object_component id="oc-5c">
         <name>.debug_line</name>
         <load_address>0x22c</load_address>
         <run_address>0x22c</run_address>
         <size>0x81</size>
         <input_file_ref idref="fl-6"/>
      </object_component>
      <object_component id="oc-62">
         <name>.debug_line</name>
         <load_address>0x2ad</load_address>
         <run_address>0x2ad</run_address>
         <size>0x8e9</size>
         <input_file_ref idref="fl-7"/>
      </object_component>
      <object_component id="oc-66">
         <name>.debug_line</name>
         <load_address>0xb96</load_address>
         <run_address>0xb96</run_address>
         <size>0x30</size>
         <input_file_ref idref="fl-8"/>
      </object_component>
      <object_component id="oc-a0">
         <name>.debug_line</name>
         <load_address>0xbc6</load_address>
         <run_address>0xbc6</run_address>
         <size>0x33</size>
         <input_file_ref idref="fl-a"/>
      </object_component>
      <object_component id="oc-a4">
         <name>.debug_line</name>
         <load_address>0xbf9</load_address>
         <run_address>0xbf9</run_address>
         <size>0x83</size>
         <input_file_ref idref="fl-b"/>
      </object_component>
      <object_component id="oc-a9">
         <name>.debug_line</name>
         <load_address>0xc7c</load_address>
         <run_address>0xc7c</run_address>
         <size>0x65</size>
         <input_file_ref idref="fl-c"/>
      </object_component>
      <object_component id="oc-ad">
         <name>.debug_line</name>
         <load_address>0xce1</load_address>
         <run_address>0xce1</run_address>
         <size>0x142</size>
         <input_file_ref idref="fl-d"/>
      </object_component>
      <object_component id="oc-b1">
         <name>.debug_line</name>
         <load_address>0xe23</load_address>
         <run_address>0xe23</run_address>
         <size>0x45</size>
         <input_file_ref idref="fl-e"/>
      </object_component>
      <object_component id="oc-b5">
         <name>.debug_line</name>
         <load_address>0xe68</load_address>
         <run_address>0xe68</run_address>
         <size>0x134</size>
         <input_file_ref idref="fl-f"/>
      </object_component>
      <object_component id="oc-bb">
         <name>.debug_line</name>
         <load_address>0xf9c</load_address>
         <run_address>0xf9c</run_address>
         <size>0xbe</size>
         <input_file_ref idref="fl-10"/>
      </object_component>
      <object_component id="oc-c2">
         <name>.debug_line</name>
         <load_address>0x105a</load_address>
         <run_address>0x105a</run_address>
         <size>0xb4</size>
         <input_file_ref idref="fl-11"/>
      </object_component>
      <object_component id="oc-c9">
         <name>.debug_line</name>
         <load_address>0x110e</load_address>
         <run_address>0x110e</run_address>
         <size>0x135</size>
         <input_file_ref idref="fl-12"/>
      </object_component>
      <object_component id="oc-cd">
         <name>.debug_line</name>
         <load_address>0x1243</load_address>
         <run_address>0x1243</run_address>
         <size>0x36</size>
         <input_file_ref idref="fl-13"/>
      </object_component>
      <object_component id="oc-d1">
         <name>.debug_line</name>
         <load_address>0x1279</load_address>
         <run_address>0x1279</run_address>
         <size>0x1d1</size>
         <input_file_ref idref="fl-14"/>
      </object_component>
      <object_component id="oc-d5">
         <name>.debug_line</name>
         <load_address>0x144a</load_address>
         <run_address>0x144a</run_address>
         <size>0x2f7</size>
         <input_file_ref idref="fl-15"/>
      </object_component>
      <object_component id="oc-db">
         <name>.debug_line</name>
         <load_address>0x1741</load_address>
         <run_address>0x1741</run_address>
         <size>0xa7</size>
         <input_file_ref idref="fl-17"/>
      </object_component>
      <object_component id="oc-df">
         <name>.debug_line</name>
         <load_address>0x17e8</load_address>
         <run_address>0x17e8</run_address>
         <size>0xb8</size>
         <input_file_ref idref="fl-18"/>
      </object_component>
      <object_component id="oc-e3">
         <name>.debug_line</name>
         <load_address>0x18a0</load_address>
         <run_address>0x18a0</run_address>
         <size>0x150</size>
         <input_file_ref idref="fl-19"/>
      </object_component>
      <object_component id="oc-e7">
         <name>.debug_line</name>
         <load_address>0x19f0</load_address>
         <run_address>0x19f0</run_address>
         <size>0x558</size>
         <input_file_ref idref="fl-1a"/>
      </object_component>
      <object_component id="oc-eb">
         <name>.debug_line</name>
         <load_address>0x1f48</load_address>
         <run_address>0x1f48</run_address>
         <size>0xef5</size>
         <input_file_ref idref="fl-1b"/>
      </object_component>
      <object_component id="oc-f0">
         <name>.debug_line</name>
         <load_address>0x2e3d</load_address>
         <run_address>0x2e3d</run_address>
         <size>0x258</size>
         <input_file_ref idref="fl-1c"/>
      </object_component>
      <object_component id="oc-f4">
         <name>.debug_line</name>
         <load_address>0x3095</load_address>
         <run_address>0x3095</run_address>
         <size>0x131</size>
         <input_file_ref idref="fl-1d"/>
      </object_component>
      <object_component id="oc-fa">
         <name>.debug_line</name>
         <load_address>0x31c6</load_address>
         <run_address>0x31c6</run_address>
         <size>0x10c</size>
         <input_file_ref idref="fl-1e"/>
      </object_component>
      <object_component id="oc-ff">
         <name>.debug_line</name>
         <load_address>0x32d2</load_address>
         <run_address>0x32d2</run_address>
         <size>0x71</size>
         <input_file_ref idref="fl-2e"/>
      </object_component>
      <object_component id="oc-105">
         <name>.debug_line</name>
         <load_address>0x3343</load_address>
         <run_address>0x3343</run_address>
         <size>0x62</size>
         <input_file_ref idref="fl-2f"/>
      </object_component>
      <object_component id="oc-109">
         <name>.debug_line</name>
         <load_address>0x33a5</load_address>
         <run_address>0x33a5</run_address>
         <size>0x5b</size>
         <input_file_ref idref="fl-30"/>
      </object_component>
      <object_component id="oc-10d">
         <name>.debug_line</name>
         <load_address>0x3400</load_address>
         <run_address>0x3400</run_address>
         <size>0x5c</size>
         <input_file_ref idref="fl-31"/>
      </object_component>
      <object_component id="oc-113">
         <name>.debug_line</name>
         <load_address>0x345c</load_address>
         <run_address>0x345c</run_address>
         <size>0x5b</size>
         <input_file_ref idref="fl-32"/>
      </object_component>
      <object_component id="oc-117">
         <name>.debug_line</name>
         <load_address>0x34b7</load_address>
         <run_address>0x34b7</run_address>
         <size>0x50</size>
         <input_file_ref idref="fl-33"/>
      </object_component>
      <object_component id="oc-4d">
         <name>.debug_abbrev</name>
         <load_address>0x0</load_address>
         <run_address>0x0</run_address>
         <size>0x163</size>
         <input_file_ref idref="fl-2"/>
      </object_component>
      <object_component id="oc-51">
         <name>.debug_abbrev</name>
         <load_address>0x163</load_address>
         <run_address>0x163</run_address>
         <size>0x2c</size>
         <input_file_ref idref="fl-3"/>
      </object_component>
      <object_component id="oc-58">
         <name>.debug_abbrev</name>
         <load_address>0x18f</load_address>
         <run_address>0x18f</run_address>
         <size>0x20</size>
         <input_file_ref idref="fl-5"/>
      </object_component>
      <object_component id="oc-5d">
         <name>.debug_abbrev</name>
         <load_address>0x1af</load_address>
         <run_address>0x1af</run_address>
         <size>0xf0</size>
         <input_file_ref idref="fl-6"/>
      </object_component>
      <object_component id="oc-63">
         <name>.debug_abbrev</name>
         <load_address>0x29f</load_address>
         <run_address>0x29f</run_address>
         <size>0x178</size>
         <input_file_ref idref="fl-7"/>
      </object_component>
      <object_component id="oc-67">
         <name>.debug_abbrev</name>
         <load_address>0x417</load_address>
         <run_address>0x417</run_address>
         <size>0x100</size>
         <input_file_ref idref="fl-8"/>
      </object_component>
      <object_component id="oc-9d">
         <name>.debug_abbrev</name>
         <load_address>0x517</load_address>
         <run_address>0x517</run_address>
         <size>0xcc</size>
         <input_file_ref idref="fl-9"/>
      </object_component>
      <object_component id="oc-a1">
         <name>.debug_abbrev</name>
         <load_address>0x5e3</load_address>
         <run_address>0x5e3</run_address>
         <size>0x8a</size>
         <input_file_ref idref="fl-a"/>
      </object_component>
      <object_component id="oc-a5">
         <name>.debug_abbrev</name>
         <load_address>0x66d</load_address>
         <run_address>0x66d</run_address>
         <size>0xbb</size>
         <input_file_ref idref="fl-b"/>
      </object_component>
      <object_component id="oc-aa">
         <name>.debug_abbrev</name>
         <load_address>0x728</load_address>
         <run_address>0x728</run_address>
         <size>0x107</size>
         <input_file_ref idref="fl-c"/>
      </object_component>
      <object_component id="oc-ae">
         <name>.debug_abbrev</name>
         <load_address>0x82f</load_address>
         <run_address>0x82f</run_address>
         <size>0x166</size>
         <input_file_ref idref="fl-d"/>
      </object_component>
      <object_component id="oc-b2">
         <name>.debug_abbrev</name>
         <load_address>0x995</load_address>
         <run_address>0x995</run_address>
         <size>0x2c</size>
         <input_file_ref idref="fl-e"/>
      </object_component>
      <object_component id="oc-b6">
         <name>.debug_abbrev</name>
         <load_address>0x9c1</load_address>
         <run_address>0x9c1</run_address>
         <size>0xe4</size>
         <input_file_ref idref="fl-f"/>
      </object_component>
      <object_component id="oc-bc">
         <name>.debug_abbrev</name>
         <load_address>0xaa5</load_address>
         <run_address>0xaa5</run_address>
         <size>0x183</size>
         <input_file_ref idref="fl-10"/>
      </object_component>
      <object_component id="oc-c3">
         <name>.debug_abbrev</name>
         <load_address>0xc28</load_address>
         <run_address>0xc28</run_address>
         <size>0x160</size>
         <input_file_ref idref="fl-11"/>
      </object_component>
      <object_component id="oc-ca">
         <name>.debug_abbrev</name>
         <load_address>0xd88</load_address>
         <run_address>0xd88</run_address>
         <size>0x163</size>
         <input_file_ref idref="fl-12"/>
      </object_component>
      <object_component id="oc-ce">
         <name>.debug_abbrev</name>
         <load_address>0xeeb</load_address>
         <run_address>0xeeb</run_address>
         <size>0x1ee</size>
         <input_file_ref idref="fl-13"/>
      </object_component>
      <object_component id="oc-d2">
         <name>.debug_abbrev</name>
         <load_address>0x10d9</load_address>
         <run_address>0x10d9</run_address>
         <size>0x167</size>
         <input_file_ref idref="fl-14"/>
      </object_component>
      <object_component id="oc-d6">
         <name>.debug_abbrev</name>
         <load_address>0x1240</load_address>
         <run_address>0x1240</run_address>
         <size>0x1b5</size>
         <input_file_ref idref="fl-15"/>
      </object_component>
      <object_component id="oc-d8">
         <name>.debug_abbrev</name>
         <load_address>0x13f5</load_address>
         <run_address>0x13f5</run_address>
         <size>0x25</size>
         <input_file_ref idref="fl-16"/>
      </object_component>
      <object_component id="oc-dc">
         <name>.debug_abbrev</name>
         <load_address>0x141a</load_address>
         <run_address>0x141a</run_address>
         <size>0x135</size>
         <input_file_ref idref="fl-17"/>
      </object_component>
      <object_component id="oc-e0">
         <name>.debug_abbrev</name>
         <load_address>0x154f</load_address>
         <run_address>0x154f</run_address>
         <size>0x177</size>
         <input_file_ref idref="fl-18"/>
      </object_component>
      <object_component id="oc-e4">
         <name>.debug_abbrev</name>
         <load_address>0x16c6</load_address>
         <run_address>0x16c6</run_address>
         <size>0x190</size>
         <input_file_ref idref="fl-19"/>
      </object_component>
      <object_component id="oc-e8">
         <name>.debug_abbrev</name>
         <load_address>0x1856</load_address>
         <run_address>0x1856</run_address>
         <size>0x1e1</size>
         <input_file_ref idref="fl-1a"/>
      </object_component>
      <object_component id="oc-ec">
         <name>.debug_abbrev</name>
         <load_address>0x1a37</load_address>
         <run_address>0x1a37</run_address>
         <size>0x1da</size>
         <input_file_ref idref="fl-1b"/>
      </object_component>
      <object_component id="oc-f1">
         <name>.debug_abbrev</name>
         <load_address>0x1c11</load_address>
         <run_address>0x1c11</run_address>
         <size>0x1c1</size>
         <input_file_ref idref="fl-1c"/>
      </object_component>
      <object_component id="oc-f5">
         <name>.debug_abbrev</name>
         <load_address>0x1dd2</load_address>
         <run_address>0x1dd2</run_address>
         <size>0x160</size>
         <input_file_ref idref="fl-1d"/>
      </object_component>
      <object_component id="oc-fb">
         <name>.debug_abbrev</name>
         <load_address>0x1f32</load_address>
         <run_address>0x1f32</run_address>
         <size>0x187</size>
         <input_file_ref idref="fl-1e"/>
      </object_component>
      <object_component id="oc-100">
         <name>.debug_abbrev</name>
         <load_address>0x20b9</load_address>
         <run_address>0x20b9</run_address>
         <size>0x43</size>
         <input_file_ref idref="fl-2e"/>
      </object_component>
      <object_component id="oc-106">
         <name>.debug_abbrev</name>
         <load_address>0x20fc</load_address>
         <run_address>0x20fc</run_address>
         <size>0x10c</size>
         <input_file_ref idref="fl-2f"/>
      </object_component>
      <object_component id="oc-10a">
         <name>.debug_abbrev</name>
         <load_address>0x2208</load_address>
         <run_address>0x2208</run_address>
         <size>0xa6</size>
         <input_file_ref idref="fl-30"/>
      </object_component>
      <object_component id="oc-10e">
         <name>.debug_abbrev</name>
         <load_address>0x22ae</load_address>
         <run_address>0x22ae</run_address>
         <size>0xa6</size>
         <input_file_ref idref="fl-31"/>
      </object_component>
      <object_component id="oc-114">
         <name>.debug_abbrev</name>
         <load_address>0x2354</load_address>
         <run_address>0x2354</run_address>
         <size>0xa9</size>
         <input_file_ref idref="fl-32"/>
      </object_component>
      <object_component id="oc-118">
         <name>.debug_abbrev</name>
         <load_address>0x23fd</load_address>
         <run_address>0x23fd</run_address>
         <size>0xed</size>
         <input_file_ref idref="fl-33"/>
      </object_component>
      <object_component id="oc-187">
         <name>.debug_abbrev</name>
         <load_address>0x24ea</load_address>
         <run_address>0x24ea</run_address>
         <size>0xd</size>
      </object_component>
   </object_component_list>
   <logical_group_list>
      <logical_group id="lg-2" display="no" color="cyan">
         <name>codestart</name>
         <load_address>0x0</load_address>
         <run_address>0x0</run_address>
         <size>0x2</size>
         <contents>
            <object_component_ref idref="oc-55"/>
         </contents>
      </logical_group>
      <logical_group id="lg-3" display="no" color="cyan">
         <name>ramfuncs</name>
         <load_address>0x852c</load_address>
         <run_address>0x852c</run_address>
         <size>0x4</size>
         <contents>
            <object_component_ref idref="oc-af"/>
         </contents>
      </logical_group>
      <logical_group id="lg-4" display="no" color="cyan">
         <name>.text</name>
         <load_address>0x9000</load_address>
         <run_address>0x9000</run_address>
         <size>0x3892</size>
         <contents>
            <object_component_ref idref="oc-129"/>
            <object_component_ref idref="oc-11d"/>
            <object_component_ref idref="oc-60"/>
            <object_component_ref idref="oc-11f"/>
            <object_component_ref idref="oc-120"/>
            <object_component_ref idref="oc-130"/>
            <object_component_ref idref="oc-127"/>
            <object_component_ref idref="oc-123"/>
            <object_component_ref idref="oc-122"/>
            <object_component_ref idref="oc-11e"/>
            <object_component_ref idref="oc-131"/>
            <object_component_ref idref="oc-11b"/>
            <object_component_ref idref="oc-125"/>
            <object_component_ref idref="oc-121"/>
            <object_component_ref idref="oc-12a"/>
            <object_component_ref idref="oc-134"/>
            <object_component_ref idref="oc-12e"/>
            <object_component_ref idref="oc-49"/>
            <object_component_ref idref="oc-c0"/>
            <object_component_ref idref="oc-126"/>
            <object_component_ref idref="oc-132"/>
            <object_component_ref idref="oc-12f"/>
            <object_component_ref idref="oc-133"/>
            <object_component_ref idref="oc-119"/>
            <object_component_ref idref="oc-11a"/>
            <object_component_ref idref="oc-128"/>
            <object_component_ref idref="oc-124"/>
            <object_component_ref idref="oc-54"/>
         </contents>
      </logical_group>
      <logical_group id="lg-5" display="no" color="cyan">
         <name>.cinit</name>
         <load_address>0x8000</load_address>
         <run_address>0x8000</run_address>
         <size>0x50d</size>
         <contents>
            <object_component_ref idref="oc-c5"/>
            <object_component_ref idref="oc-f7"/>
            <object_component_ref idref="oc-b8"/>
            <object_component_ref idref="oc-110"/>
            <object_component_ref idref="oc-102"/>
            <object_component_ref idref="oc-be"/>
            <object_component_ref idref="oc-69"/>
         </contents>
      </logical_group>
      <logical_group id="lg-6" display="no" color="cyan">
         <name>.pinit</name>
         <run_address>0x0</run_address>
         <size>0x0</size>
         <contents>
         </contents>
      </logical_group>
      <logical_group id="lg-7" display="no" color="cyan">
         <name>.switch</name>
         <load_address>0x850e</load_address>
         <run_address>0x850e</run_address>
         <size>0x1e</size>
         <contents>
            <object_component_ref idref="oc-12b"/>
         </contents>
      </logical_group>
      <logical_group id="lg-8" display="no" color="cyan">
         <name>.stack</name>
         <run_address>0x400</run_address>
         <size>0x300</size>
         <contents>
            <object_component_ref idref="oc-fc"/>
            <object_component_ref idref="oc-185"/>
         </contents>
      </logical_group>
      <logical_group id="lg-9" display="no" color="cyan">
         <name>.ebss</name>
         <run_address>0xd000</run_address>
         <size>0x5c4</size>
         <contents>
            <object_component_ref idref="oc-5a"/>
            <object_component_ref idref="oc-5f"/>
            <object_component_ref idref="oc-6a"/>
            <object_component_ref idref="oc-b9"/>
            <object_component_ref idref="oc-bf"/>
            <object_component_ref idref="oc-c6"/>
            <object_component_ref idref="oc-f8"/>
            <object_component_ref idref="oc-103"/>
            <object_component_ref idref="oc-111"/>
         </contents>
      </logical_group>
      <logical_group id="lg-a" display="no" color="cyan">
         <name>.econst</name>
         <load_address>0xe000</load_address>
         <run_address>0xe000</run_address>
         <size>0x1ae</size>
         <contents>
            <object_component_ref idref="oc-a7"/>
            <object_component_ref idref="oc-11c"/>
            <object_component_ref idref="oc-ee"/>
            <object_component_ref idref="oc-c7"/>
            <object_component_ref idref="oc-12c"/>
            <object_component_ref idref="oc-12d"/>
         </contents>
      </logical_group>
      <logical_group id="lg-b" display="no" color="cyan">
         <name>.esysmem</name>
         <run_address>0x0</run_address>
         <size>0x0</size>
         <contents>
         </contents>
      </logical_group>
      <logical_group id="lg-c" display="no" color="cyan">
         <name>IQmath</name>
         <run_address>0x0</run_address>
         <size>0x0</size>
         <contents>
         </contents>
      </logical_group>
      <logical_group id="lg-d" display="no" color="cyan">
         <name>IQmathTables</name>
         <run_address>0x0</run_address>
         <size>0x0</size>
         <contents>
         </contents>
      </logical_group>
      <logical_group id="lg-e" display="no" color="cyan">
         <name>FPUmathTables</name>
         <run_address>0x0</run_address>
         <size>0x0</size>
         <contents>
         </contents>
      </logical_group>
      <logical_group id="lg-f" display="no" color="cyan">
         <name>DMARAML5</name>
         <run_address>0x0</run_address>
         <size>0x0</size>
         <contents>
         </contents>
      </logical_group>
      <logical_group id="lg-10" display="no" color="cyan">
         <name>DMARAML6</name>
         <run_address>0x0</run_address>
         <size>0x0</size>
         <contents>
         </contents>
      </logical_group>
      <logical_group id="lg-11" display="no" color="cyan">
         <name>DMARAML7</name>
         <run_address>0x0</run_address>
         <size>0x0</size>
         <contents>
         </contents>
      </logical_group>
      <logical_group id="lg-12" display="no" color="cyan">
         <name>ZONE7DATA</name>
         <run_address>0x0</run_address>
         <size>0x0</size>
         <contents>
         </contents>
      </logical_group>
      <logical_group id="lg-13" display="no" color="cyan">
         <name>.reset</name>
         <load_address>0x3fffc0</load_address>
         <run_address>0x3fffc0</run_address>
         <size>0x2</size>
         <contents>
            <object_component_ref idref="oc-fd"/>
         </contents>
      </logical_group>
      <logical_group id="lg-14" display="no" color="cyan">
         <name>csm_rsvd</name>
         <load_address>0x33ff80</load_address>
         <run_address>0x33ff80</run_address>
         <size>0x76</size>
         <contents>
            <object_component_ref idref="oc-53"/>
         </contents>
      </logical_group>
      <logical_group id="lg-15" display="no" color="cyan">
         <name>csmpasswds</name>
         <load_address>0x33fff8</load_address>
         <run_address>0x33fff8</run_address>
         <size>0x8</size>
         <contents>
            <object_component_ref idref="oc-52"/>
         </contents>
      </logical_group>
      <logical_group id="lg-16" display="no" color="cyan">
         <name>.adc_cal</name>
         <load_address>0x380080</load_address>
         <run_address>0x380080</run_address>
         <size>0x7</size>
         <contents>
            <object_component_ref idref="oc-4e"/>
         </contents>
      </logical_group>
      <logical_group id="lg-17" display="no" color="cyan">
         <name>PieVectTableFile</name>
         <run_address>0xd00</run_address>
         <size>0x100</size>
         <contents>
            <object_component_ref idref="oc-9c"/>
         </contents>
      </logical_group>
      <logical_group id="lg-18" display="no" color="cyan">
         <name>DevEmuRegsFile</name>
         <run_address>0x880</run_address>
         <size>0xd0</size>
         <contents>
            <object_component_ref idref="oc-98"/>
         </contents>
      </logical_group>
      <logical_group id="lg-19" display="no" color="cyan">
         <name>FlashRegsFile</name>
         <run_address>0xa80</run_address>
         <size>0x8</size>
         <contents>
            <object_component_ref idref="oc-6c"/>
         </contents>
      </logical_group>
      <logical_group id="lg-1a" display="no" color="cyan">
         <name>CsmRegsFile</name>
         <run_address>0xae0</run_address>
         <size>0x10</size>
         <contents>
            <object_component_ref idref="oc-77"/>
         </contents>
      </logical_group>
      <logical_group id="lg-1b" display="no" color="cyan">
         <name>AdcMirrorFile</name>
         <run_address>0xb00</run_address>
         <size>0x10</size>
         <contents>
            <object_component_ref idref="oc-78"/>
         </contents>
      </logical_group>
      <logical_group id="lg-1c" display="no" color="cyan">
         <name>XintfRegsFile</name>
         <run_address>0xb20</run_address>
         <size>0x1e</size>
         <contents>
            <object_component_ref idref="oc-7a"/>
         </contents>
      </logical_group>
      <logical_group id="lg-1d" display="no" color="cyan">
         <name>CpuTimer0RegsFile</name>
         <run_address>0xc00</run_address>
         <size>0x8</size>
         <contents>
            <object_component_ref idref="oc-6f"/>
         </contents>
      </logical_group>
      <logical_group id="lg-1e" display="no" color="cyan">
         <name>CpuTimer1RegsFile</name>
         <run_address>0xc08</run_address>
         <size>0x8</size>
         <contents>
            <object_component_ref idref="oc-6e"/>
         </contents>
      </logical_group>
      <logical_group id="lg-1f" display="no" color="cyan">
         <name>CpuTimer2RegsFile</name>
         <run_address>0xc10</run_address>
         <size>0x8</size>
         <contents>
            <object_component_ref idref="oc-70"/>
         </contents>
      </logical_group>
      <logical_group id="lg-20" display="no" color="cyan">
         <name>PieCtrlRegsFile</name>
         <run_address>0xce0</run_address>
         <size>0x1a</size>
         <contents>
            <object_component_ref idref="oc-79"/>
         </contents>
      </logical_group>
      <logical_group id="lg-21" display="no" color="cyan">
         <name>DmaRegsFile</name>
         <run_address>0x1000</run_address>
         <size>0xe0</size>
         <contents>
            <object_component_ref idref="oc-99"/>
         </contents>
      </logical_group>
      <logical_group id="lg-22" display="no" color="cyan">
         <name>McbspaRegsFile</name>
         <run_address>0x5000</run_address>
         <size>0x25</size>
         <contents>
            <object_component_ref idref="oc-8c"/>
         </contents>
      </logical_group>
      <logical_group id="lg-23" display="no" color="cyan">
         <name>McbspbRegsFile</name>
         <run_address>0x5040</run_address>
         <size>0x25</size>
         <contents>
            <object_component_ref idref="oc-8b"/>
         </contents>
      </logical_group>
      <logical_group id="lg-24" display="no" color="cyan">
         <name>ECanaRegsFile</name>
         <run_address>0x6000</run_address>
         <size>0x34</size>
         <contents>
            <object_component_ref idref="oc-8f"/>
         </contents>
      </logical_group>
      <logical_group id="lg-25" display="no" color="cyan">
         <name>ECanaLAMRegsFile</name>
         <run_address>0x6040</run_address>
         <size>0x40</size>
         <contents>
            <object_component_ref idref="oc-92"/>
         </contents>
      </logical_group>
      <logical_group id="lg-26" display="no" color="cyan">
         <name>ECanaMboxesFile</name>
         <run_address>0x6100</run_address>
         <size>0x100</size>
         <contents>
            <object_component_ref idref="oc-9b"/>
         </contents>
      </logical_group>
      <logical_group id="lg-27" display="no" color="cyan">
[...]
         <name>_ObjDict_Index6003</name>
         <value>0xd180</value>
         <object_component_ref idref="oc-c6"/>
      </symbol>
      <symbol id="sm-37d">
         <name>_ObjDict_Index6002</name>
         <value>0xd1a0</value>
         <object_component_ref idref="oc-c6"/>
      </symbol>
      <symbol id="sm-37e">
         <name>_ObjDict_Index6008</name>
         <value>0xd100</value>
         <object_component_ref idref="oc-c6"/>
      </symbol>
      <symbol id="sm-3ab">
         <name>_EMCY_errorRecovered</name>
         <value>0xbeea</value>
         <object_component_ref idref="oc-123"/>
      </symbol>
      <symbol id="sm-3ac">
         <name>_proceedEMCY</name>
         <value>0xbf4a</value>
         <object_component_ref idref="oc-123"/>
      </symbol>
      <symbol id="sm-3ad">
         <name>_sendEMCY</name>
         <value>0xbdf4</value>
         <object_component_ref idref="oc-123"/>
      </symbol>
      <symbol id="sm-3ae">
         <name>_OnNumberOfErrorsUpdate</name>
         <value>0xbdbf</value>
         <object_component_ref idref="oc-123"/>
      </symbol>
      <symbol id="sm-3af">
         <name>__post_emcy</name>
         <value>0xbf6b</value>
         <object_component_ref idref="oc-123"/>
      </symbol>
      <symbol id="sm-3b0">
         <name>_EMCY_setError</name>
         <value>0xbe21</value>
         <object_component_ref idref="oc-123"/>
      </symbol>
      <symbol id="sm-3b1">
         <name>_emergencyInit</name>
         <value>0xbddf</value>
         <object_component_ref idref="oc-123"/>
      </symbol>
      <symbol id="sm-3b2">
         <name>_emergencyStop</name>
         <value>0xbdf0</value>
         <object_component_ref idref="oc-123"/>
      </symbol>
      <symbol id="sm-3da">
         <name>_heartbeatInit</name>
         <value>0xb90c</value>
         <object_component_ref idref="oc-120"/>
      </symbol>
      <symbol id="sm-3db">
         <name>_proceedNODE_GUARD</name>
         <value>0xb7ae</value>
         <object_component_ref idref="oc-120"/>
      </symbol>
      <symbol id="sm-3dc">
         <name>_heartbeatStop</name>
         <value>0xb9b7</value>
         <object_component_ref idref="oc-120"/>
      </symbol>
      <symbol id="sm-3dd">
         <name>_OnNodeGuardUpdate</name>
         <value>0xb8d6</value>
         <object_component_ref idref="oc-120"/>
      </symbol>
      <symbol id="sm-3de">
         <name>_ConsumerHeartbeatAlarm</name>
         <value>0xb78b</value>
         <object_component_ref idref="oc-120"/>
      </symbol>
      <symbol id="sm-3df">
         <name>__post_SlaveStateChange</name>
         <value>0xba04</value>
         <object_component_ref idref="oc-120"/>
      </symbol>
      <symbol id="sm-3e0">
         <name>__heartbeatError</name>
         <value>0xb9fa</value>
         <object_component_ref idref="oc-120"/>
      </symbol>
      <symbol id="sm-3e1">
         <name>_nodeguardInit</name>
         <value>0xb961</value>
         <object_component_ref idref="oc-120"/>
      </symbol>
      <symbol id="sm-3e2">
         <name>_OnHeartbeatProducerUpdate</name>
         <value>0xb8e3</value>
         <object_component_ref idref="oc-120"/>
      </symbol>
      <symbol id="sm-3e3">
         <name>_getNodeState</name>
         <value>0xb77a</value>
         <object_component_ref idref="oc-120"/>
      </symbol>
      <symbol id="sm-3e4">
         <name>__nodeguardError</name>
         <value>0xba0a</value>
         <object_component_ref idref="oc-120"/>
      </symbol>
      <symbol id="sm-3e5">
         <name>_nodeguardStop</name>
         <value>0xb9da</value>
         <object_component_ref idref="oc-120"/>
      </symbol>
      <symbol id="sm-3e6">
         <name>_lifeGuardInit</name>
         <value>0xb9e6</value>
         <object_component_ref idref="oc-120"/>
      </symbol>
      <symbol id="sm-3e7">
         <name>_lifeGuardStop</name>
         <value>0xb9f0</value>
         <object_component_ref idref="oc-120"/>
      </symbol>
      <symbol id="sm-3e8">
         <name>_GuardTimeAlarm</name>
         <value>0xb888</value>
         <object_component_ref idref="oc-120"/>
      </symbol>
      <symbol id="sm-3e9">
         <name>__post_SlaveBootup</name>
         <value>0xb9ff</value>
         <object_component_ref idref="oc-120"/>
      </symbol>
      <symbol id="sm-3ea">
         <name>_ProducerHeartbeatAlarm</name>
         <value>0xb85f</value>
         <object_component_ref idref="oc-120"/>
      </symbol>
      <symbol id="sm-3fa">
         <name>_masterSendNMTstateChange</name>
         <value>0xc6d3</value>
         <object_component_ref idref="oc-12e"/>
      </symbol>
      <symbol id="sm-3fb">
         <name>_masterRequestNodeState</name>
         <value>0xc6fd</value>
         <object_component_ref idref="oc-12e"/>
      </symbol>
      <symbol id="sm-3fc">
         <name>_masterSendNMTnodeguard</name>
         <value>0xc6e9</value>
         <object_component_ref idref="oc-12e"/>
      </symbol>
      <symbol id="sm-414">
         <name>_proceedNMTstateChange</name>
         <value>0xc5c4</value>
         <object_component_ref idref="oc-12a"/>
      </symbol>
      <symbol id="sm-415">
         <name>_slaveSendBootUp</name>
         <value>0xc648</value>
         <object_component_ref idref="oc-12a"/>
      </symbol>
      <symbol id="sm-433">
         <name>__storeODSubIndex</name>
         <value>0xc0fc</value>
         <object_component_ref idref="oc-122"/>
      </symbol>
      <symbol id="sm-434">
         <name>_RegisterSetODentryCallBack</name>
         <value>0xc0dd</value>
         <object_component_ref idref="oc-122"/>
      </symbol>
      <symbol id="sm-435">
         <name>__getODentry</name>
         <value>0xbf79</value>
         <object_component_ref idref="oc-122"/>
      </symbol>
      <symbol id="sm-436">
         <name>__setODentry</name>
         <value>0xc011</value>
         <object_component_ref idref="oc-122"/>
      </symbol>
      <symbol id="sm-437">
         <name>_accessDictionaryError</name>
         <value>0xbf72</value>
         <object_component_ref idref="oc-122"/>
      </symbol>
      <symbol id="sm-499">
         <name>_TPDO_Communication_Parameter_Callback</name>
         <value>0xaf77</value>
         <object_component_ref idref="oc-11d"/>
      </symbol>
      <symbol id="sm-49a">
         <name>_sendPDOrequest</name>
         <value>0xab2c</value>
         <object_component_ref idref="oc-11d"/>
      </symbol>
      <symbol id="sm-49b">
         <name>_PDOInhibitTimerAlarm</name>
         <value>0xae78</value>
         <object_component_ref idref="oc-11d"/>
      </symbol>
      <symbol id="sm-49c">
         <name>_PDOInit</name>
         <value>0xafc9</value>
         <object_component_ref idref="oc-11d"/>
      </symbol>
      <symbol id="sm-49d">
         <name>_PDOStop</name>
         <value>0xb003</value>
         <object_component_ref idref="oc-11d"/>
      </symbol>
      <symbol id="sm-49e">
         <name>_buildPDO</name>
         <value>0xaa99</value>
         <object_component_ref idref="oc-11d"/>
      </symbol>
      <symbol id="sm-49f">
         <name>_sendPDOevent</name>
         <value>0xad8b</value>
         <object_component_ref idref="oc-11d"/>
      </symbol>
      <symbol id="sm-4a0">
         <name>__RxPDO_EventTimers_Handler</name>
         <value>0xae93</value>
         <object_component_ref idref="oc-11d"/>
      </symbol>
      <symbol id="sm-4a1">
         <name>_PDOEventTimerAlarm</name>
         <value>0xae5e</value>
         <object_component_ref idref="oc-11d"/>
      </symbol>
      <symbol id="sm-4a2">
         <name>_CopyBits</name>
         <value>0xad10</value>
         <object_component_ref idref="oc-11d"/>
      </symbol>
      <symbol id="sm-4a3">
         <name>_proceedPDO</name>
         <value>0xab68</value>
         <object_component_ref idref="oc-11d"/>
      </symbol>
      <symbol id="sm-4a4">
         <name>__sendPDOevent</name>
         <value>0xae98</value>
         <object_component_ref idref="oc-11d"/>
      </symbol>
      <symbol id="sm-4a5">
         <name>_sendOnePDOevent</name>
         <value>0xad93</value>
         <object_component_ref idref="oc-11d"/>
      </symbol>
      <symbol id="sm-4a6">
         <name>_PDODisable</name>
         <value>0xb065</value>
         <object_component_ref idref="oc-11d"/>
      </symbol>
      <symbol id="sm-4a7">
         <name>_PDOEnable</name>
         <value>0xb04a</value>
         <object_component_ref idref="oc-11d"/>
      </symbol>
      <symbol id="sm-5f7">
         <name>_failedSDO</name>
         <value>0x91ce</value>
         <object_component_ref idref="oc-129"/>
      </symbol>
      <symbol id="sm-5f8">
         <name>_getWriteResultNetworkDict</name>
         <value>0xaa5d</value>
         <object_component_ref idref="oc-129"/>
      </symbol>
      <symbol id="sm-5f9">
         <name>_sendSDO</name>
         <value>0x93d1</value>
         <object_component_ref idref="oc-129"/>
      </symbol>
      <symbol id="sm-5fa">
         <name>_getReadResultNetworkDict</name>
         <value>0xa9c7</value>
         <object_component_ref idref="oc-129"/>
      </symbol>
      <symbol id="sm-5fb">
         <name>__writeNetworkDict</name>
         <value>0xa6e9</value>
         <object_component_ref idref="oc-129"/>
      </symbol>
      <symbol id="sm-5fc">
         <name>_getSDOfreeLine</name>
         <value>0x92f2</value>
         <object_component_ref idref="oc-129"/>
      </symbol>
      <symbol id="sm-5fd">
         <name>_readNetworkDict</name>
         <value>0xa924</value>
         <object_component_ref idref="oc-129"/>
      </symbol>
      <symbol id="sm-5fe">
         <name>_writeNetworkDictCallBack</name>
         <value>0xa7ea</value>
         <object_component_ref idref="oc-129"/>
      </symbol>
      <symbol id="sm-5ff">
         <name>__readNetworkDict</name>
         <value>0xa88d</value>
         <object_component_ref idref="oc-129"/>
      </symbol>
      <symbol id="sm-600">
         <name>_GetSDOClientFromNodeId</name>
         <value>0xa695</value>
         <object_component_ref idref="oc-129"/>
      </symbol>
      <symbol id="sm-601">
         <name>_writeNetworkDictCallBackAI</name>
         <value>0xa803</value>
         <object_component_ref idref="oc-129"/>
      </symbol>
      <symbol id="sm-602">
         <name>_readNetworkDictCallbackAI</name>
         <value>0xa94a</value>
         <object_component_ref idref="oc-129"/>
      </symbol>
      <symbol id="sm-603">
         <name>_objdictToSDOline</name>
         <value>0x90e1</value>
         <object_component_ref idref="oc-129"/>
      </symbol>
      <symbol id="sm-604">
         <name>_getSDOlineOnUse</name>
         <value>0x9314</value>
         <object_component_ref idref="oc-129"/>
      </symbol>
      <symbol id="sm-605">
         <name>_writeNetworkDict</name>
         <value>0xa7d1</value>
         <object_component_ref idref="oc-129"/>
      </symbol>
      <symbol id="sm-606">
         <name>_lineToSDO</name>
         <value>0x9120</value>
         <object_component_ref idref="oc-129"/>
      </symbol>
      <symbol id="sm-607">
         <name>_SDOTimeoutAlarm</name>
         <value>0x9000</value>
         <object_component_ref idref="oc-129"/>
      </symbol>
      <symbol id="sm-608">
         <name>_resetClientSDOLineFromNodeId</name>
         <value>0xa6d2</value>
         <object_component_ref idref="oc-129"/>
      </symbol>
      <symbol id="sm-609">
         <name>_SDOtoLine</name>
         <value>0x918c</value>
         <object_component_ref idref="oc-129"/>
      </symbol>
      <symbol id="sm-60a">
         <name>_initSDOline</name>
         <value>0x924c</value>
         <object_component_ref idref="oc-129"/>
      </symbol>
      <symbol id="sm-60b">
         <name>_getSDOlineRestBytes</name>
         <value>0x939a</value>
         <object_component_ref idref="oc-129"/>
      </symbol>
      <symbol id="sm-60c">
         <name>_setSDOlineRestBytes</name>
         <value>0x93bc</value>
         <object_component_ref idref="oc-129"/>
      </symbol>
      <symbol id="sm-60d">
         <name>_SDOlineToObjdict</name>
         <value>0x909d</value>
         <object_component_ref idref="oc-129"/>
      </symbol>
      <symbol id="sm-60e">
         <name>_resetSDO</name>
         <value>0x9090</value>
         <object_component_ref idref="oc-129"/>
      </symbol>
      <symbol id="sm-60f">
         <name>_readNetworkDictCallback</name>
         <value>0xa937</value>
         <object_component_ref idref="oc-129"/>
      </symbol>
      <symbol id="sm-610">
         <name>_sendSDOabort</name>
         <value>0x943c</value>
         <object_component_ref idref="oc-129"/>
      </symbol>
      <symbol id="sm-611">
         <name>_proceedSDO</name>
         <value>0x9466</value>
         <object_component_ref idref="oc-129"/>
      </symbol>
      <symbol id="sm-612">
         <name>_getSDOlineToClose</name>
         <value>0x934c</value>
         <object_component_ref idref="oc-129"/>
      </symbol>
      <symbol id="sm-613">
         <name>_resetSDOline</name>
         <value>0x921c</value>
         <object_component_ref idref="oc-129"/>
      </symbol>
      <symbol id="sm-614">
         <name>_closeSDOtransfer</name>
         <value>0x937c</value>
         <object_component_ref idref="oc-129"/>
      </symbol>
      <symbol id="sm-65d">
         <name>__operational</name>
         <value>0xb772</value>
         <object_component_ref idref="oc-11f"/>
      </symbol>
      <symbol id="sm-65e">
         <name>_getNodeId</name>
         <value>0xb64a</value>
         <object_component_ref idref="oc-11f"/>
      </symbol>
      <symbol id="sm-65f">
         <name>_canDispatch</name>
         <value>0xb4d3</value>
         <object_component_ref idref="oc-11f"/>
      </symbol>
      <symbol id="sm-660">
         <name>_setNodeId</name>
         <value>0xb651</value>
         <object_component_ref idref="oc-11f"/>
      </symbol>
      <symbol id="sm-661">
         <name>__initialisation</name>
         <value>0xb760</value>
         <object_component_ref idref="oc-11f"/>
      </symbol>
      <symbol id="sm-662">
         <name>__preOperational</name>
         <value>0xb764</value>
         <object_component_ref idref="oc-11f"/>
      </symbol>
      <symbol id="sm-663">
         <name>_switchCommunicationState</name>
         <value>0xb522</value>
         <object_component_ref idref="oc-11f"/>
      </symbol>
      <symbol id="sm-664">
         <name>_getState</name>
         <value>0xb4cc</value>
         <object_component_ref idref="oc-11f"/>
      </symbol>
      <symbol id="sm-665">
         <name>_setState</name>
         <value>0xb5cf</value>
         <object_component_ref idref="oc-11f"/>
      </symbol>
      <symbol id="sm-666">
         <name>__stopped</name>
         <value>0xb776</value>
         <object_component_ref idref="oc-11f"/>
      </symbol>
      <symbol id="sm-674">
         <name>_sendSYNCMessage</name>
         <value>0xc580</value>
         <object_component_ref idref="oc-121"/>
      </symbol>
      <symbol id="sm-675">
         <name>_stopSYNC</name>
         <value>0xc564</value>
         <object_component_ref idref="oc-121"/>
      </symbol>
      <symbol id="sm-676">
         <name>_startSYNC</name>
         <value>0xc51d</value>
         <object_component_ref idref="oc-121"/>
      </symbol>
      <symbol id="sm-677">
         <name>_proceedSYNC</name>
         <value>0xc5a0</value>
         <object_component_ref idref="oc-121"/>
      </symbol>
      <symbol id="sm-678">
         <name>__post_sync</name>
         <value>0xc5bc</value>
         <object_component_ref idref="oc-121"/>
      </symbol>
      <symbol id="sm-679">
         <name>_OnCOB_ID_SyncUpdate</name>
         <value>0xc513</value>
         <object_component_ref idref="oc-121"/>
      </symbol>
      <symbol id="sm-67a">
         <name>_sendSYNC</name>
         <value>0xc594</value>
         <object_component_ref idref="oc-121"/>
      </symbol>
      <symbol id="sm-67b">
         <name>__post_TPDO</name>
         <value>0xc5c0</value>
         <object_component_ref idref="oc-121"/>
      </symbol>
      <symbol id="sm-67c">
         <name>_SyncAlarm</name>
         <value>0xc50b</value>
         <object_component_ref idref="oc-121"/>
      </symbol>
      <symbol id="sm-69d">
         <name>_DelAlarm</name>
         <value>0xc3af</value>
         <object_component_ref idref="oc-11b"/>
      </symbol>
      <symbol id="sm-69e">
         <name>_timers</name>
         <value>0xd540</value>
         <object_component_ref idref="oc-f8"/>
      </symbol>
      <symbol id="sm-69f">
         <name>_tdcount</name>
         <value>0xd500</value>
         <object_component_ref idref="oc-f8"/>
      </symbol>
      <symbol id="sm-6a0">
         <name>_TimeDispatch</name>
         <value>0xc3c5</value>
         <object_component_ref idref="oc-11b"/>
      </symbol>
      <symbol id="sm-6a1">
         <name>_last_timer_raw</name>
         <value>0xd501</value>
         <object_component_ref idref="oc-f8"/>
      </symbol>
      <symbol id="sm-6a2">
         <name>_SetAlarm</name>
         <value>0xc355</value>
         <object_component_ref idref="oc-11b"/>
      </symbol>
      <symbol id="sm-6a3">
         <name>_total_sleep_time</name>
         <value>0xd502</value>
         <object_component_ref idref="oc-f8"/>
      </symbol>
      <symbol id="sm-6b7">
         <name>_c_int00</name>
         <value>0xc71f</value>
         <object_component_ref idref="oc-49"/>
      </symbol>
      <symbol id="sm-6b8">
         <name>__stack</name>
         <value>0x400</value>
         <object_component_ref idref="oc-fc"/>
      </symbol>
      <symbol id="sm-6c9">
         <name>C$$EXIT</name>
         <value>0xc852</value>
         <object_component_ref idref="oc-11a"/>
      </symbol>
      <symbol id="sm-6ca">
         <name>_exit</name>
         <value>0xc854</value>
         <object_component_ref idref="oc-11a"/>
      </symbol>
      <symbol id="sm-6cb">
         <name>___TI_cleanup_ptr</name>
         <value>0xd5c0</value>
         <object_component_ref idref="oc-103"/>
      </symbol>
      <symbol id="sm-6cc">
         <name>_abort</name>
         <value>0xc852</value>
         <object_component_ref idref="oc-11a"/>
      </symbol>
      <symbol id="sm-6cd">
         <name>___TI_dtors_ptr</name>
         <value>0xd5c2</value>
         <object_component_ref idref="oc-103"/>
      </symbol>
      <symbol id="sm-6da">
         <name>_memcmp</name>
         <value>0xc86b</value>
         <object_component_ref idref="oc-128"/>
      </symbol>
      <symbol id="sm-6e9">
         <name>___memcpy_ff</name>
         <value>0xc7f8</value>
         <object_component_ref idref="oc-12f"/>
      </symbol>
      <symbol id="sm-6f7">
         <name>__unlock</name>
         <value>0xd5ba</value>
         <object_component_ref idref="oc-111"/>
      </symbol>
      <symbol id="sm-6f8">
         <name>__lock</name>
         <value>0xd5bc</value>
         <object_component_ref idref="oc-111"/>
      </symbol>
      <symbol id="sm-6f9">
         <name>__register_lock</name>
         <value>0xc885</value>
         <object_component_ref idref="oc-124"/>
      </symbol>
      <symbol id="sm-6fa">
         <name>__nop</name>
         <value>0xc889</value>
         <object_component_ref idref="oc-124"/>
      </symbol>
      <symbol id="sm-6fb">
         <name>__register_unlock</name>
         <value>0xc881</value>
         <object_component_ref idref="oc-124"/>
      </symbol>
      <symbol id="sm-707">
         <name>__args_main</name>
         <value>0xc839</value>
         <object_component_ref idref="oc-119"/>
      </symbol>
      <symbol id="sm-708">
         <name>__TI_args_main</name>
         <value>0x1</value>
      </symbol>
   </symbol_table>
   <title>Link successful</title>
</link_info>
