******************************************************************************
             TMS320C2000 Linker PC v6.2.7                      
******************************************************************************
>> Linked Mon Nov 27 17:36:17 2017

OUTPUT FILE NAME:   <28335_Can_TxRx.out>
ENTRY POINT SYMBOL: "_c_int00"  address: 0033b6ee


MEMORY CONFIGURATION

         name            origin    length      used     unused   attr    fill
----------------------  --------  ---------  --------  --------  ----  --------
PAGE 0:
  ZONE0                 00004000   00001000  00000000  00001000  RWIX
  RAML0                 00008000   00001000  00000004  00000ffc  RWIX
  RAML1                 00009000   00001000  00000000  00001000  RWIX
  RAML2                 0000a000   00001000  00000000  00001000  RWIX
  RAML3                 0000b000   00001000  00000000  00001000  RWIX
  ZONE6                 00100000   00100000  00000000  00100000  RWIX
  ZONE7A                00200000   0000fc00  00000000  0000fc00  RWIX
  FLASHH                00300000   00008000  00000000  00008000  RWIX
  FLASHG                00308000   00008000  00000000  00008000  RWIX
  FLASHF                00310000   00008000  00000000  00008000  RWIX
  FLASHE                00318000   00008000  00000000  00008000  RWIX
  FLASHD                00320000   00008000  00000004  00007ffc  RWIX
  FLASHC                00328000   00008000  00000000  00008000  RWIX
  FLASHA                00338000   00007f80  00003f4a  00004036  RWIX
  CSM_RSVD              0033ff80   00000076  00000076  00000000  RWIX
  BEGIN                 0033fff6   00000002  00000002  00000000  RWIX
  CSM_PWL               0033fff8   00000008  00000008  00000000  RWIX
  ADC_CAL               00380080   00000009  00000007  00000002  RWIX
  OTP                   00380400   00000400  00000000  00000400  RWIX
  IQTABLES              003fe000   00000b50  00000000  00000b50  RWIX
  IQTABLES2             003feb50   0000008c  00000000  0000008c  RWIX
  FPUTABLES             003febdc   000006a0  00000000  000006a0  RWIX
  ROM                   003ff27c   00000d44  00000000  00000d44  RWIX
  RESET                 003fffc0   00000002  00000000  00000002  RWIX
  VECTORS               003fffc2   0000003e  00000000  0000003e  RWIX

PAGE 1:
  BOOT_RSVD             00000000   00000050  00000000  00000050  RWIX
  RAMM0                 00000050   000003b0  00000000  000003b0  RWIX
  RAMM1                 00000400   00000400  00000300  00000100  RWIX
  DEV_EMU               00000880   00000180  000000d0  000000b0  RWIX
  FLASH_REGS            00000a80   00000060  00000008  00000058  RWIX
  CSM                   00000ae0   00000010  00000010  00000000  RWIX
  ADC_MIRROR            00000b00   00000010  00000010  00000000  RWIX
  XINTF                 00000b20   00000020  0000001e  00000002  RWIX
  CPU_TIMER0            00000c00   00000008  00000008  00000000  RWIX
  CPU_TIMER1            00000c08   00000008  00000008  00000000  RWIX
  CPU_TIMER2            00000c10   00000008  00000008  00000000  RWIX
  PIE_CTRL              00000ce0   00000020  0000001a  00000006  RWIX
  PIE_VECT              00000d00   00000100  00000100  00000000  RWIX
  DMA                   00001000   00000200  000000e0  00000120  RWIX
  MCBSPA                00005000   00000040  00000025  0000001b  RWIX
  MCBSPB                00005040   00000040  00000025  0000001b  RWIX
  ECANA                 00006000   00000040  00000034  0000000c  RWIX
  ECANA_LAM             00006040   00000040  00000040  00000000  RWIX
  ECANA_MOTS            00006080   00000040  00000040  00000000  RWIX
  ECANA_MOTO            000060c0   00000040  00000040  00000000  RWIX
  ECANA_MBOX            00006100   00000100  00000100  00000000  RWIX
  ECANB                 00006200   00000040  00000034  0000000c  RWIX
  ECANB_LAM             00006240   00000040  00000040  00000000  RWIX
  ECANB_MOTS            00006280   00000040  00000040  00000000  RWIX
  ECANB_MOTO            000062c0   00000040  00000040  00000000  RWIX
  ECANB_MBOX            00006300   00000100  00000100  00000000  RWIX
  EPWM1                 00006800   00000022  00000022  00000000  RWIX
  EPWM2                 00006840   00000022  00000022  00000000  RWIX
  EPWM3                 00006880   00000022  00000022  00000000  RWIX
  EPWM4                 000068c0   00000022  00000022  00000000  RWIX
  EPWM5                 00006900   00000022  00000022  00000000  RWIX
  EPWM6                 00006940   00000022  00000022  00000000  RWIX
  ECAP1                 00006a00   00000020  00000020  00000000  RWIX
  ECAP2                 00006a20   00000020  00000020  00000000  RWIX
  ECAP3                 00006a40   00000020  00000020  00000000  RWIX
  ECAP4                 00006a60   00000020  00000020  00000000  RWIX
  ECAP5                 00006a80   00000020  00000020  00000000  RWIX
  ECAP6                 00006aa0   00000020  00000020  00000000  RWIX
  EQEP1                 00006b00   00000040  00000040  00000000  RWIX
  EQEP2                 00006b40   00000040  00000040  00000000  RWIX
  GPIOCTRL              00006f80   00000040  0000002e  00000012  RWIX
  GPIODAT               00006fc0   00000020  00000020  00000000  RWIX
  GPIOINT               00006fe0   00000020  0000000a  00000016  RWIX
  SYSTEM                00007010   00000020  00000020  00000000  RWIX
  SPIA                  00007040   00000010  00000010  00000000  RWIX
  SCIA                  00007050   00000010  00000010  00000000  RWIX
  XINTRUPT              00007070   00000010  00000010  00000000  RWIX
  ADC                   00007100   00000020  0000001e  00000002  RWIX
  SCIB                  00007750   00000010  00000010  00000000  RWIX
  SCIC                  00007770   00000010  00000010  00000000  RWIX
  I2CA                  00007900   00000040  00000022  0000001e  RWIX
  RAML4                 0000c000   00001000  000005c4  00000a3c  RWIX
  RAML5                 0000d000   00001000  00000000  00001000  RWIX
  RAML6                 0000e000   00001000  00000000  00001000  RWIX
  RAML7                 0000f000   00001000  00000000  00001000  RWIX
  ZONE7B                0020fc00   00000400  00000000  00000400  RWIX
  FLASHB                00330000   00008000  00000000  00008000  RWIX
  CSM_PWL               0033fff8   00000008  00000008  00000000  RWIX
  PARTID                00380090   00000001  00000001  00000000  RWIX


SECTION ALLOCATION MAP

 output                                  attributes/
section   page    origin      length       input sections
--------  ----  ----------  ----------   ----------------
.pinit     0    00338000    00000000     UNINITIALIZED

ramfuncs   0    00320000    00000004     RUN ADDR = 00008000
                  00320000    00000004     DSP2833x_usDelay.obj (ramfuncs)

.text      0    00338000    00003871     
                  00338000    00001a69     sdo.obj (.text)
                  00339a69    000005e4     pdo.obj (.text)
                  0033a04d    0000044c     DSP2833x_DefaultIsr.obj (.text:retain)
                  0033a499    000002ae     states.obj (.text)
                  0033a747    00000291     lifegrd.obj (.text)
                  0033a9d8    000001ed     DSP28_ECan.obj (.text)
                  0033abc5    000001d4     CAN_TEST.obj (.text)
                  0033ad99    000001b3     emcy.obj (.text)
                  0033af4c    00000191     objacces.obj (.text)
                  0033b0dd    0000015b     ObjDict.obj (.text)
                  0033b238    000000f7     DSP2833x_SysCtrl.obj (.text)
                  0033b32f    000000e7     timer.obj (.text)
                  0033b416    000000cd     main.obj (.text)
                  0033b4e3    000000b0     sync.obj (.text)
                  0033b593    0000009b     nmtSlave.obj (.text)
                  0033b62e    00000074     DSP2833x_CpuTimers.obj (.text)
                  0033b6a2    0000004c     nmtMaster.obj (.text)
                  0033b6ee    00000046     rts2800_fpu32.lib : boot.obj (.text)
                  0033b734    00000042     28335timerdriver.obj (.text:retain)
                  0033b776    00000039     28335timerdriver.obj (.text)
                  0033b7af    00000028     DSP2833x_PieCtrl.obj (.text)
                  0033b7d7    00000021     rts2800_fpu32.lib : memcpy_ff.obj (.text)
                  0033b7f8    00000020     DSP2833x_PieVect.obj (.text)
                  0033b818    00000019     rts2800_fpu32.lib : args_main.obj (.text)
                  0033b831    00000019                       : exit.obj (.text)
                  0033b84a    00000016                       : memcmp.obj (.text)
                  0033b860    00000009                       : _lock.obj (.text)
                  0033b869    00000008     DSP2833x_CodeStartBranch.obj (.text)

.cinit     0    0033b871    0000050d     
                  0033b871    000004bf     ObjDict.obj (.cinit)
                  0033bd30    0000001c     timer.obj (.cinit)
                  0033bd4c    00000013     main.obj (.cinit)
                  0033bd5f    0000000a     rts2800_fpu32.lib : _lock.obj (.cinit)
                  0033bd69    0000000a                       : exit.obj (.cinit)
                  0033bd73    00000005     28335timerdriver.obj (.cinit)
                  0033bd78    00000004     DSP2833x_GlobalVariableDefs.obj (.cinit)
                  0033bd7c    00000002     --HOLE-- [fill = 0]

.econst    0    0033bd7e    000001ae     
                  0033bd7e    00000100     DSP2833x_PieVect.obj (.econst)
                  0033be7e    00000074     ObjDict.obj (.econst:_ObjDict_objdict)
                  0033bef2    0000001c     states.obj (.econst)
                  0033bf0e    0000000e     ObjDict.obj (.econst)
                  0033bf1c    00000008     states.obj (.econst:_$P$T4$5)
                  0033bf24    00000008     states.obj (.econst:_$P$T5$6)

.switch    0    0033bf2c    0000001e     
                  0033bf2c    0000001e     states.obj (.switch:_canDispatch)

csm_rsvd   0    0033ff80    00000076     
                  0033ff80    00000076     DSP2833x_CSMPasswords.obj (csm_rsvd)

codestart 
*          0    0033fff6    00000002     
                  0033fff6    00000002     DSP2833x_CodeStartBranch.obj (codestart)

csmpasswds 
*          0    0033fff8    00000008     
                  0033fff8    00000008     DSP2833x_CSMPasswords.obj (csmpasswds)

.adc_cal   0    00380080    00000007     NOLOAD SECTION
                  00380080    00000007     DSP2833x_ADC_cal.obj (.adc_cal)

.reset     0    003fffc0    00000002     DSECT
                  003fffc0    00000002     rts2800_fpu32.lib : boot.obj (.reset)

vectors    0    003fffc2    00000000     DSECT

.stack     1    00000400    00000300     UNINITIALIZED
                  00000400    00000300     --HOLE--

DevEmuRegsFile 
*          1    00000880    000000d0     UNINITIALIZED
                  00000880    000000d0     DSP2833x_GlobalVariableDefs.obj (DevEmuRegsFile)

FlashRegsFile 
*          1    00000a80    00000008     UNINITIALIZED
                  00000a80    00000008     DSP2833x_GlobalVariableDefs.obj (FlashRegsFile)

CsmRegsFile 
*          1    00000ae0    00000010     UNINITIALIZED
                  00000ae0    00000010     DSP2833x_GlobalVariableDefs.obj (CsmRegsFile)

AdcMirrorFile 
*          1    00000b00    00000010     UNINITIALIZED
                  00000b00    00000010     DSP2833x_GlobalVariableDefs.obj (AdcMirrorFile)

XintfRegsFile 
*          1    00000b20    0000001e     UNINITIALIZED
                  00000b20    0000001e     DSP2833x_GlobalVariableDefs.obj (XintfRegsFile)

CpuTimer0RegsFile 
*          1    00000c00    00000008     UNINITIALIZED
                  00000c00    00000008     DSP2833x_GlobalVariableDefs.obj (CpuTimer0RegsFile)

CpuTimer1RegsFile 
*          1    00000c08    00000008     UNINITIALIZED
                  00000c08    00000008     DSP2833x_GlobalVariableDefs.obj (CpuTimer1RegsFile)

CpuTimer2RegsFile 
*          1    00000c10    00000008     UNINITIALIZED
                  00000c10    00000008     DSP2833x_GlobalVariableDefs.obj (CpuTimer2RegsFile)

PieCtrlRegsFile 
*          1    00000ce0    0000001a     UNINITIALIZED
                  00000ce0    0000001a     DSP2833x_GlobalVariableDefs.obj (PieCtrlRegsFile)

PieVectTableFile 
*          1    00000d00    00000100     UNINITIALIZED
                  00000d00    00000100     DSP2833x_GlobalVariableDefs.obj (PieVectTableFile)

DmaRegsFile 
*          1    00001000    000000e0     UNINITIALIZED
                  00001000    000000e0     DSP2833x_GlobalVariableDefs.obj (DmaRegsFile)

McbspaRegsFile 
*          1    00005000    00000025     UNINITIALIZED
                  00005000    00000025     DSP2833x_GlobalVariableDefs.obj (McbspaRegsFile)

McbspbRegsFile 
*          1    00005040    00000025     UNINITIALIZED
                  00005040    00000025     DSP2833x_GlobalVariableDefs.obj (McbspbRegsFile)

ECanaRegsFile 
*          1    00006000    00000034     UNINITIALIZED
                  00006000    00000034     DSP2833x_GlobalVariableDefs.obj (ECanaRegsFile)

ECanaLAMRegsFile 
*          1    00006040    00000040     UNINITIALIZED
                  00006040    00000040     DSP2833x_GlobalVariableDefs.obj (ECanaLAMRegsFile)

ECanaMOTSRegsFile 
*          1    00006080    00000040     UNINITIALIZED
                  00006080    00000040     DSP2833x_GlobalVariableDefs.obj (ECanaMOTSRegsFile)

ECanaMOTORegsFile 
*          1    000060c0    00000040     UNINITIALIZED
                  000060c0    00000040     DSP2833x_GlobalVariableDefs.obj (ECanaMOTORegsFile)

ECanaMboxesFile 
*          1    00006100    00000100     UNINITIALIZED
                  00006100    00000100     DSP2833x_GlobalVariableDefs.obj (ECanaMboxesFile)

ECanbRegsFile 
*          1    00006200    00000034     UNINITIALIZED
                  00006200    00000034     DSP2833x_GlobalVariableDefs.obj (ECanbRegsFile)

ECanbLAMRegsFile 
*          1    00006240    00000040     UNINITIALIZED
                  00006240    00000040     DSP2833x_GlobalVariableDefs.obj (ECanbLAMRegsFile)

ECanbMOTSRegsFile 
*          1    00006280    00000040     UNINITIALIZED
                  00006280    00000040     DSP2833x_GlobalVariableDefs.obj (ECanbMOTSRegsFile)

ECanbMOTORegsFile 
*          1    000062c0    00000040     UNINITIALIZED
                  000062c0    00000040     DSP2833x_GlobalVariableDefs.obj (ECanbMOTORegsFile)

ECanbMboxesFile 
*          1    00006300    00000100     UNINITIALIZED
                  00006300    00000100     DSP2833x_GlobalVariableDefs.obj (ECanbMboxesFile)

EPwm1RegsFile 
*          1    00006800    00000022     UNINITIALIZED
                  00006800    00000022     DSP2833x_GlobalVariableDefs.obj (EPwm1RegsFile)

EPwm2RegsFile 
*          1    00006840    00000022     UNINITIALIZED
                  00006840    00000022     DSP2833x_GlobalVariableDefs.obj (EPwm2RegsFile)

EPwm3RegsFile 
*          1    00006880    00000022     UNINITIALIZED
                  00006880    00000022     DSP2833x_GlobalVariableDefs.obj (EPwm3RegsFile)

EPwm4RegsFile 
*          1    000068c0    00000022     UNINITIALIZED
                  000068c0    00000022     DSP2833x_GlobalVariableDefs.obj (EPwm4RegsFile)

EPwm5RegsFile 
*          1    00006900    00000022     UNINITIALIZED
                  00006900    00000022     DSP2833x_GlobalVariableDefs.obj (EPwm5RegsFile)

EPwm6RegsFile 
*          1    00006940    00000022     UNINITIALIZED
                  00006940    00000022     DSP2833x_GlobalVariableDefs.obj (EPwm6RegsFile)

ECap1RegsFile 
*          1    00006a00    00000020     UNINITIALIZED
                  00006a00    00000020     DSP2833x_GlobalVariableDefs.obj (ECap1RegsFile)

ECap2RegsFile 
*          1    00006a20    00000020     UNINITIALIZED
                  00006a20    00000020     DSP2833x_GlobalVariableDefs.obj (ECap2RegsFile)

ECap3RegsFile 
*          1    00006a40    00000020     UNINITIALIZED
                  00006a40    00000020     DSP2833x_GlobalVariableDefs.obj (ECap3RegsFile)

ECap4RegsFile 
*          1    00006a60    00000020     UNINITIALIZED
                  00006a60    00000020     DSP2833x_GlobalVariableDefs.obj (ECap4RegsFile)

ECap5RegsFile 
*          1    00006a80    00000020     UNINITIALIZED
                  00006a80    00000020     DSP2833x_GlobalVariableDefs.obj (ECap5RegsFile)

ECap6RegsFile 
*          1    00006aa0    00000020     UNINITIALIZED
                  00006aa0    00000020     DSP2833x_GlobalVariableDefs.obj (ECap6RegsFile)

EQep1RegsFile 
*          1    00006b00    00000040     UNINITIALIZED
                  00006b00    00000040     DSP2833x_GlobalVariableDefs.obj (EQep1RegsFile)

EQep2RegsFile 
*          1    00006b40    00000040     UNINITIALIZED
                  00006b40    00000040     DSP2833x_GlobalVariableDefs.obj (EQep2RegsFile)

GpioCtrlRegsFile 
*          1    00006f80    0000002e     UNINITIALIZED
                  00006f80    0000002e     DSP2833x_GlobalVariableDefs.obj (GpioCtrlRegsFile)

GpioDataRegsFile 
*          1    00006fc0    00000020     UNINITIALIZED
                  00006fc0    00000020     DSP2833x_GlobalVariableDefs.obj (GpioDataRegsFile)

GpioIntRegsFile 
*          1    00006fe0    0000000a     UNINITIALIZED
                  00006fe0    0000000a     DSP2833x_GlobalVariableDefs.obj (GpioIntRegsFile)

SysCtrlRegsFile 
*          1    00007010    00000020     UNINITIALIZED
                  00007010    00000020     DSP2833x_GlobalVariableDefs.obj (SysCtrlRegsFile)

SpiaRegsFile 
*          1    00007040    00000010     UNINITIALIZED
                  00007040    00000010     DSP2833x_GlobalVariableDefs.obj (SpiaRegsFile)

SciaRegsFile 
*          1    00007050    00000010     UNINITIALIZED
                  00007050    00000010     DSP2833x_GlobalVariableDefs.obj (SciaRegsFile)

XIntruptRegsFile 
*          1    00007070    00000010     UNINITIALIZED
                  00007070    00000010     DSP2833x_GlobalVariableDefs.obj (XIntruptRegsFile)

AdcRegsFile 
*          1    00007100    0000001e     UNINITIALIZED
                  00007100    0000001e     DSP2833x_GlobalVariableDefs.obj (AdcRegsFile)

ScibRegsFile 
*          1    00007750    00000010     UNINITIALIZED
                  00007750    00000010     DSP2833x_GlobalVariableDefs.obj (ScibRegsFile)

ScicRegsFile 
*          1    00007770    00000010     UNINITIALIZED
                  00007770    00000010     DSP2833x_GlobalVariableDefs.obj (ScicRegsFile)

I2caRegsFile 
*          1    00007900    00000022     UNINITIALIZED
                  00007900    00000022     DSP2833x_GlobalVariableDefs.obj (I2caRegsFile)

.ebss      1    0000c000    000005c4     UNINITIALIZED
                  0000c000    000004c6     ObjDict.obj (.ebss)
                  0000c4c6    00000020     DSP2833x_GlobalVariableDefs.obj (.ebss)
                  0000c4e6    00000018     DSP2833x_CpuTimers.obj (.ebss)
                  0000c4fe    00000002     28335timerdriver.obj (.ebss)
                  0000c500    000000a0     timer.obj (.ebss)
                  0000c5a0    00000015     main.obj (.ebss)
                  0000c5b5    00000001     --HOLE--
                  0000c5b6    00000004     DSP2833x_DefaultIsr.obj (.ebss)
                  0000c5ba    00000004     rts2800_fpu32.lib : _lock.obj (.ebss)
                  0000c5be    00000002     --HOLE--
                  0000c5c0    00000004                       : exit.obj (.ebss)

CsmPwlFile 
*          1    0033fff8    00000008     UNINITIALIZED
                  0033fff8    00000008     DSP2833x_GlobalVariableDefs.obj (CsmPwlFile)

PartIdRegsFile 
*          1    00380090    00000001     UNINITIALIZED
                  00380090    00000001     DSP2833x_GlobalVariableDefs.obj (PartIdRegsFile)


GLOBAL DATA SYMBOLS: SORTED BY DATA PAGE

address     data page           name
--------    ----------------    ----
00000400      10 (00000400)     __stack

00000880      22 (00000880)     _DevEmuRegs

00000a80      2a (00000a80)     _FlashRegs

00000ae0      2b (00000ac0)     _CsmRegs

00000b00      2c (00000b00)     _AdcMirror
00000b20      2c (00000b00)     _XintfRegs

00000c00      30 (00000c00)     _CpuTimer0Regs
00000c08      30 (00000c00)     _CpuTimer1Regs
00000c10      30 (00000c00)     _CpuTimer2Regs

00000ce0      33 (00000cc0)     _PieCtrlRegs

00000d00      34 (00000d00)     _PieVectTable

00001000      40 (00001000)     _DmaRegs

00005000     140 (00005000)     _McbspaRegs

00005040     141 (00005040)     _McbspbRegs

00006000     180 (00006000)     _ECanaRegs

00006040     181 (00006040)     _ECanaLAMRegs

00006080     182 (00006080)     _ECanaMOTSRegs

000060c0     183 (000060c0)     _ECanaMOTORegs

00006100     184 (00006100)     _ECanaMboxes

00006200     188 (00006200)     _ECanbRegs

00006240     189 (00006240)     _ECanbLAMRegs

00006280     18a (00006280)     _ECanbMOTSRegs

000062c0     18b (000062c0)     _ECanbMOTORegs

00006300     18c (00006300)     _ECanbMboxes

00006800     1a0 (00006800)     _EPwm1Regs

00006840     1a1 (00006840)     _EPwm2Regs

00006880     1a2 (00006880)     _EPwm3Regs

000068c0     1a3 (000068c0)     _EPwm4Regs

00006900     1a4 (00006900)     _EPwm5Regs

00006940     1a5 (00006940)     _EPwm6Regs

00006a00     1a8 (00006a00)     _ECap1Regs
00006a20     1a8 (00006a00)     _ECap2Regs

00006a40     1a9 (00006a40)     _ECap3Regs
00006a60     1a9 (00006a40)     _ECap4Regs

00006a80     1aa (00006a80)     _ECap5Regs
00006aa0     1aa (00006a80)     _ECap6Regs

00006b00     1ac (00006b00)     _EQep1Regs

00006b40     1ad (00006b40)     _EQep2Regs

00006f80     1be (00006f80)     _GpioCtrlRegs

00006fc0     1bf (00006fc0)     _GpioDataRegs
00006fe0     1bf (00006fc0)     _GpioIntRegs

00007010     1c0 (00007000)     _SysCtrlRegs

00007040     1c1 (00007040)     _SpiaRegs
00007050     1c1 (00007040)     _SciaRegs
00007070     1c1 (00007040)     _XIntruptRegs

00007100     1c4 (00007100)     _AdcRegs

00007750     1dd (00007740)     _ScibRegs
00007770     1dd (00007740)     _ScicRegs

00007900     1e4 (00007900)     _I2caRegs

0000c000     300 (0000c000)     _ObjDict_obj1400_Inhibit_Time
0000c001     300 (0000c000)     _ObjDict_obj1400_Compatibility_Entry
0000c002     300 (0000c000)     _ObjDict_highestSubIndex_obj1400
0000c003     300 (0000c000)     _ObjDict_obj1400_Transmission_Type
0000c004     300 (0000c000)     _ObjDict_highestSubIndex_obj1800
0000c005     300 (0000c000)     _ObjDict_obj1800_Transmission_Type
0000c006     300 (0000c000)     _ObjDict_obj1400_Event_Timer
0000c007     300 (0000c000)     _ObjDict_highestSubIndex_obj1600
0000c008     300 (0000c000)     _ObjDict_highestSubIndex_obj1010
0000c009     300 (0000c000)     _ObjDict_highestSubIndex_obj1011
0000c00a     300 (0000c000)     _ObjDict_obj100C
0000c00b     300 (0000c000)     _ObjDict_obj100D
0000c00c     300 (0000c000)     _ObjDict_highestSubIndex_obj1018
0000c00d     300 (0000c000)     _ObjDict_highestSubIndex_obj1200
0000c00e     300 (0000c000)     _ObjDict_highestSubIndex_obj1016
0000c00f     300 (0000c000)     _ObjDict_highestSubIndex_obj6008
0000c010     300 (0000c000)     _ObjDict_highestSubIndex_obj6200
0000c011     300 (0000c000)     _ObjDict_highestSubIndex_obj6006
0000c012     300 (0000c000)     _ObjDict_highestSubIndex_obj6007
0000c013     300 (0000c000)     _ObjDict_highestSubIndex_obj6207
0000c014     300 (0000c000)     _ObjDict_highestSubIndex_obj6202
0000c015     300 (0000c000)     _ObjDict_highestSubIndex_obj6206
0000c016     300 (0000c000)     _ObjDict_obj1800_Compatibility_Entry
0000c017     300 (0000c000)     _ObjDict_obj1800_Event_Timer
0000c018     300 (0000c000)     _ObjDict_obj1017
0000c019     300 (0000c000)     _ObjDict_obj1800_Inhibit_Time
0000c01a     300 (0000c000)     _ObjDict_highestSubIndex_obj6002
0000c01b     300 (0000c000)     _ObjDict_highestSubIndex_obj6003
0000c01c     300 (0000c000)     _ObjDict_highestSubIndex_obj1A00
0000c01d     300 (0000c000)     _ObjDict_highestSubIndex_obj6000
0000c01e     300 (0000c000)     _Error_Mode_Outputs_8_Bit
0000c01f     300 (0000c000)     _Error_Value_Outputs_8_Bit
0000c020     300 (0000c000)     _Write_Outputs_8_Bit
0000c021     300 (0000c000)     _Change_Polarity_Outputs_8_Bit
0000c022     300 (0000c000)     _Interrupt_Mask_High_to_Low_8_Bit
0000c023     300 (0000c000)     _ObjDict_obj1001
0000c024     300 (0000c000)     _ObjDict_highestSubIndex_obj1003
0000c025     300 (0000c000)     _ObjDict_heartBeatTimers
0000c026     300 (0000c000)     _Filter_Constant_Input_8_Bit
0000c027     300 (0000c000)     _Global_Interrupt_Enable_Digital
0000c028     300 (0000c000)     _Read_Inputs_8_Bit
0000c029     300 (0000c000)     _Polarity_Input_8_Bit
0000c02a     300 (0000c000)     _Interrupt_Mask_Low_to_High_8_Bit
0000c02b     300 (0000c000)     _ObjDict_bDeviceNodeId
0000c02c     300 (0000c000)     _Interrupt_Mask_Any_Change_8_Bit
0000c02e     300 (0000c000)     _ObjDict_obj1400_COB_ID_used_by_PDO
0000c030     300 (0000c000)     _ObjDict_obj1200_COB_ID_Server_to_Client_Transmit_SDO
0000c032     300 (0000c000)     _ObjDict_obj1003
0000c034     300 (0000c000)     _ObjDict_obj1800_COB_ID_used_by_PDO
0000c036     300 (0000c000)     _ObjDict_obj1A00
0000c038     300 (0000c000)     _ObjDict_obj1000
0000c03a     300 (0000c000)     _ObjDict_obj1600
0000c03c     300 (0000c000)     _ObjDict_obj1200_COB_ID_Client_to_Server_Receive_SDO
0000c03e     300 (0000c000)     _ObjDict_obj1018_Serial_Number

0000c040     301 (0000c040)     _ObjDict_obj1011_Restore_Application_Default_Parameters
0000c042     301 (0000c040)     _ObjDict_obj1011_Restore_Communication_Default_Parameters
0000c044     301 (0000c040)     _ObjDict_obj1011_Restore_Manufacturer_Defined_Default_Parameters_1
0000c046     301 (0000c040)     _ObjDict_obj1006
0000c048     301 (0000c040)     _ObjDict_obj1014
0000c04a     301 (0000c040)     _ObjDict_obj1010_Save_All_Parameters
0000c04c     301 (0000c040)     _ObjDict_obj1010_Save_Communication_Parameters
0000c04e     301 (0000c040)     _ObjDict_obj1010_Save_Application_Parameters
0000c050     301 (0000c040)     _ObjDict_obj1011_Restore_All_Default_Parameters
0000c052     301 (0000c040)     _ObjDict_obj1010_Save_Manufacturer_Parameters_1
0000c054     301 (0000c040)     _ObjDict_obj1016
0000c056     301 (0000c040)     _ObjDict_obj1018_Product_Code
0000c058     301 (0000c040)     _ObjDict_obj1018_Vendor_ID
0000c05a     301 (0000c040)     _ObjDict_obj1005
0000c05c     301 (0000c040)     _ObjDict_obj1018_Revision_Number
0000c05e     301 (0000c040)     _ObjDict_Index100A
0000c066     301 (0000c040)     _ObjDict_Index1005
0000c06e     301 (0000c040)     _ObjDict_Index1000
0000c076     301 (0000c040)     _ObjDict_Index6005

0000c080     302 (0000c080)     _ObjDict_Index1008
0000c088     302 (0000c080)     _ObjDict_Index1017
0000c090     302 (0000c080)     _ObjDict_Index1001
0000c098     302 (0000c080)     _ObjDict_Index1009
0000c0a0     302 (0000c080)     _ObjDict_Index1014
0000c0a8     302 (0000c080)     _ObjDict_obj100A
0000c0b2     302 (0000c080)     _ObjDict_obj1009

0000c0c0     303 (0000c0c0)     _ObjDict_obj1008
0000c0ca     303 (0000c0c0)     _ObjDict_PDO_status
0000c0d8     303 (0000c0c0)     _ObjDict_Index6207
0000c0e8     303 (0000c0c0)     _ObjDict_Index6206

0000c100     304 (0000c100)     _ObjDict_Index6008
0000c110     304 (0000c100)     _ObjDict_Index6202
0000c120     304 (0000c100)     _ObjDict_Index6200
0000c130     304 (0000c100)     _ObjDict_Index6007

0000c140     305 (0000c140)     _ObjDict_Index1A00
0000c150     305 (0000c140)     _ObjDict_Index6000
0000c160     305 (0000c140)     _ObjDict_Index1016
0000c170     305 (0000c140)     _ObjDict_Index1600

0000c180     306 (0000c180)     _ObjDict_Index6003
0000c190     306 (0000c180)     _ObjDict_Index6006
0000c1a0     306 (0000c180)     _ObjDict_Index6002
0000c1b0     306 (0000c180)     _ObjDict_Index1003

0000c1c0     307 (0000c1c0)     _ObjDict_Index1200
0000c1d8     307 (0000c1c0)     _ObjDict_Index1018

0000c200     308 (0000c200)     _ObjDict_Index1011

0000c240     309 (0000c240)     _ObjDict_Index1010

0000c280     30a (0000c280)     _ObjDict_Index1400

0000c2c0     30b (0000c2c0)     _ObjDict_Index1800

0000c300     30c (0000c300)     _ObjDict_Data

0000c4c6     313 (0000c4c0)     _flag
0000c4c7     313 (0000c4c0)     _msg_received
0000c4c8     313 (0000c4c0)     _canastate
0000c4ca     313 (0000c4c0)     _canrxmsg
0000c4d8     313 (0000c4c0)     _cantxmsg
0000c4e6     313 (0000c4c0)     _CpuTimer1
0000c4ee     313 (0000c4c0)     _CpuTimer2
0000c4f6     313 (0000c4c0)     _CpuTimer0

0000c500     314 (0000c500)     _tdcount
0000c501     314 (0000c500)     _last_timer_raw
0000c502     314 (0000c500)     _total_sleep_time

0000c540     315 (0000c540)     _timers

0000c5a0     316 (0000c580)     _datatmpl
0000c5a2     316 (0000c580)     _datatmph
0000c5a4     316 (0000c580)     _CanId
0000c5a6     316 (0000c580)     _numb
0000c5b6     316 (0000c580)     _Rec_h
0000c5b8     316 (0000c580)     _Rec_l
0000c5ba     316 (0000c580)     __unlock
0000c5bc     316 (0000c580)     __lock

0000c5c0     317 (0000c5c0)     ___TI_cleanup_ptr
0000c5c2     317 (0000c5c0)     ___TI_dtors_ptr

0033bd7e    cef5 (0033bd40)     _PieVectTableInit

0033be7e    cef9 (0033be40)     _ObjDict_objdict

0033bf0e    cefc (0033bf00)     _ObjDict_ObjdictSize
0033bf0f    cefc (0033bf00)     _ObjDict_iam_a_slave
0033bf10    cefc (0033bf00)     _ObjDict_lastIndex
0033bf16    cefc (0033bf00)     _ObjDict_firstIndex

0033fff8    cfff (0033ffc0)     _CsmPwl

00380090    e002 (00380080)     _PartIdRegs


GLOBAL SYMBOLS: SORTED ALPHABETICALLY BY Name 

address    name
--------   ----
00338000   .text
0033b831   C$$EXIT
0033a133   _ADCINT_ISR
00380080   _ADC_cal
00000b00   _AdcMirror
00007100   _AdcRegs
0033acb4   _CanConfigTxMb
0033ac8a   _CanFindIdleTxMb
0000c5a4   _CanId
0033b416   _CanTest2
0033ad80   _CanTxMsg
0033b423   _CanTxTest
0000c021   _Change_Polarity_Outputs_8_Bit
0033b667   _ConfigCpuTimer
0033a758   _ConsumerHeartbeatAlarm
00339cdf   _CopyBits
0000c4f6   _CpuTimer0
00000c00   _CpuTimer0Regs
0000c4e6   _CpuTimer1
00000c08   _CpuTimer1Regs
0000c4ee   _CpuTimer2
00000c10   _CpuTimer2Regs
0033fff8   _CsmPwl
00000ae0   _CsmRegs
0033b2fe   _CsmUnlock
0033a061   _DATALOG_ISR
0033a255   _DINTCH1_ISR
0033a25f   _DINTCH2_ISR
0033a269   _DINTCH3_ISR
0033a273   _DINTCH4_ISR
0033a27d   _DINTCH5_ISR
0033a287   _DINTCH6_ISR
00008000   _DSP28x_usDelay
0033b387   _DelAlarm
00000880   _DevEmuRegs
0033b24b   _DisableDog
00001000   _DmaRegs
0033a2e1   _ECAN0INTA_ISR
0033a42b   _ECAN0INTB_ISR
0033a421   _ECAN1INTA_ISR
0033a435   _ECAN1INTB_ISR
0033a1c9   _ECAP1_INT_ISR
0033a1d3   _ECAP2_INT_ISR
0033a1dd   _ECAP3_INT_ISR
0033a1e7   _ECAP4_INT_ISR
0033a1f1   _ECAP5_INT_ISR
0033a1fb   _ECAP6_INT_ISR
00006040   _ECanaLAMRegs
000060c0   _ECanaMOTORegs
00006080   _ECanaMOTSRegs
00006100   _ECanaMboxes
00006000   _ECanaRegs
00006240   _ECanbLAMRegs
000062c0   _ECanbMOTORegs
00006280   _ECanbMOTSRegs
00006300   _ECanbMboxes
00006200   _ECanbRegs
00006a00   _ECap1Regs
00006a20   _ECap2Regs
00006a40   _ECap3Regs
00006a60   _ECap4Regs
00006a80   _ECap5Regs
00006aa0   _ECap6Regs
0033aec4   _EMCY_errorRecovered
0033adfb   _EMCY_setError
0033a075   _EMUINT_ISR
0033a18d   _EPWM1_INT_ISR
0033a151   _EPWM1_TZINT_ISR
0033a197   _EPWM2_INT_ISR
0033a15b   _EPWM2_TZINT_ISR
0033a1a1   _EPWM3_INT_ISR
0033a165   _EPWM3_TZINT_ISR
0033a1ab   _EPWM4_INT_ISR
0033a16f   _EPWM4_TZINT_ISR
0033a1b5   _EPWM5_INT_ISR
0033a179   _EPWM5_TZINT_ISR
0033a1bf   _EPWM6_INT_ISR
0033a183   _EPWM6_TZINT_ISR
00006800   _EPwm1Regs
00006840   _EPwm2Regs
00006880   _EPwm3Regs
000068c0   _EPwm4Regs
00006900   _EPwm5Regs
00006940   _EPwm6Regs
0033a205   _EQEP1_INT_ISR
0033a20f   _EQEP2_INT_ISR
00006b00   _EQep1Regs
00006b40   _EQep2Regs
0033b7ce   _EnableInterrupts
0000c01e   _Error_Mode_Outputs_8_Bit
0000c01f   _Error_Value_Outputs_8_Bit
0000c026   _Filter_Constant_Input_8_Bit
00000a80   _FlashRegs
00339665   _GetSDOClientFromNodeId
0000c027   _Global_Interrupt_Enable_Digital
00006f80   _GpioCtrlRegs
00006fc0   _GpioDataRegs
00006fe0   _GpioIntRegs
0033a854   _GuardTimeAlarm
0033a291   _I2CINT1A_ISR
0033a29b   _I2CINT2A_ISR
00007900   _I2caRegs
0033a089   _ILLEGAL_ISR
0033a04d   _INT13_ISR
0033a057   _INT14_ISR
0033b62e   _InitCpuTimers
0033a9d8   _InitECan
0033b2a3   _InitPeripheralClocks
0033b7af   _InitPieCtrl
0033b7f8   _InitPieVectTable
0033b253   _InitPll
0033b238   _InitSysCtrl
0000c02c   _Interrupt_Mask_Any_Change_8_Bit
0000c022   _Interrupt_Mask_High_to_Low_8_Bit
0000c02a   _Interrupt_Mask_Low_to_High_8_Bit
0033a47b   _LUF_ISR
0033a471   _LVF_ISR
0033a241   _MRINTA_ISR
0033a22d   _MRINTB_ISR
0033a24b   _MXINTA_ISR
0033a237   _MXINTB_ISR
00005000   _McbspaRegs
00005040   _McbspbRegs
0033a07f   _NMI_ISR
0000c300   _ObjDict_Data
0000c06e   _ObjDict_Index1000
0000c090   _ObjDict_Index1001
0000c1b0   _ObjDict_Index1003
0000c066   _ObjDict_Index1005
0000c080   _ObjDict_Index1008
0000c098   _ObjDict_Index1009
0000c05e   _ObjDict_Index100A
0000c240   _ObjDict_Index1010
0000c200   _ObjDict_Index1011
0000c0a0   _ObjDict_Index1014
0000c160   _ObjDict_Index1016
0000c088   _ObjDict_Index1017
0000c1d8   _ObjDict_Index1018
0000c1c0   _ObjDict_Index1200
0000c280   _ObjDict_Index1400
0000c170   _ObjDict_Index1600
0000c2c0   _ObjDict_Index1800
0000c140   _ObjDict_Index1A00
0000c150   _ObjDict_Index6000
0000c1a0   _ObjDict_Index6002
0000c180   _ObjDict_Index6003
0000c076   _ObjDict_Index6005
0000c190   _ObjDict_Index6006
0000c130   _ObjDict_Index6007
0000c100   _ObjDict_Index6008
0000c120   _ObjDict_Index6200
0000c110   _ObjDict_Index6202
0000c0e8   _ObjDict_Index6206
0000c0d8   _ObjDict_Index6207
0033bf0e   _ObjDict_ObjdictSize
0000c0ca   _ObjDict_PDO_status
0000c02b   _ObjDict_bDeviceNodeId
0033bf16   _ObjDict_firstIndex
0000c025   _ObjDict_heartBeatTimers
0000c024   _ObjDict_highestSubIndex_obj1003
0000c008   _ObjDict_highestSubIndex_obj1010
0000c009   _ObjDict_highestSubIndex_obj1011
0000c00e   _ObjDict_highestSubIndex_obj1016
0000c00c   _ObjDict_highestSubIndex_obj1018
0000c00d   _ObjDict_highestSubIndex_obj1200
0000c002   _ObjDict_highestSubIndex_obj1400
0000c007   _ObjDict_highestSubIndex_obj1600
0000c004   _ObjDict_highestSubIndex_obj1800
0000c01c   _ObjDict_highestSubIndex_obj1A00
0000c01d   _ObjDict_highestSubIndex_obj6000
0000c01a   _ObjDict_highestSubIndex_obj6002
0000c01b   _ObjDict_highestSubIndex_obj6003
0000c011   _ObjDict_highestSubIndex_obj6006
0000c012   _ObjDict_highestSubIndex_obj6007
0000c00f   _ObjDict_highestSubIndex_obj6008
0000c010   _ObjDict_highestSubIndex_obj6200
0000c014   _ObjDict_highestSubIndex_obj6202
0000c015   _ObjDict_highestSubIndex_obj6206
0000c013   _ObjDict_highestSubIndex_obj6207
0033bf0f   _ObjDict_iam_a_slave
0033bf10   _ObjDict_lastIndex
0000c038   _ObjDict_obj1000
0000c023   _ObjDict_obj1001
0000c032   _ObjDict_obj1003
0000c05a   _ObjDict_obj1005
0000c046   _ObjDict_obj1006
0000c0c0   _ObjDict_obj1008
0000c0b2   _ObjDict_obj1009
0000c0a8   _ObjDict_obj100A
0000c00a   _ObjDict_obj100C
0000c00b   _ObjDict_obj100D
0000c04a   _ObjDict_obj1010_Save_All_Parameters
0000c04e   _ObjDict_obj1010_Save_Application_Parameters
0000c04c   _ObjDict_obj1010_Save_Communication_Parameters
0000c052   _ObjDict_obj1010_Save_Manufacturer_Parameters_1
0000c050   _ObjDict_obj1011_Restore_All_Default_Parameters
0000c040   _ObjDict_obj1011_Restore_Application_Default_Parameters
0000c042   _ObjDict_obj1011_Restore_Communication_Default_Parameters
0000c044   _ObjDict_obj1011_Restore_Manufacturer_Defined_Default_Parameters_1
0000c048   _ObjDict_obj1014
0000c054   _ObjDict_obj1016
0000c018   _ObjDict_obj1017
0000c056   _ObjDict_obj1018_Product_Code
0000c05c   _ObjDict_obj1018_Revision_Number
0000c03e   _ObjDict_obj1018_Serial_Number
0000c058   _ObjDict_obj1018_Vendor_ID
0000c03c   _ObjDict_obj1200_COB_ID_Client_to_Server_Receive_SDO
0000c030   _ObjDict_obj1200_COB_ID_Server_to_Client_Transmit_SDO
0000c02e   _ObjDict_obj1400_COB_ID_used_by_PDO
0000c001   _ObjDict_obj1400_Compatibility_Entry
0000c006   _ObjDict_obj1400_Event_Timer
0000c000   _ObjDict_obj1400_Inhibit_Time
0000c003   _ObjDict_obj1400_Transmission_Type
0000c03a   _ObjDict_obj1600
0000c034   _ObjDict_obj1800_COB_ID_used_by_PDO
0000c016   _ObjDict_obj1800_Compatibility_Entry
0000c017   _ObjDict_obj1800_Event_Timer
0000c019   _ObjDict_obj1800_Inhibit_Time
0000c005   _ObjDict_obj1800_Transmission_Type
0000c036   _ObjDict_obj1A00
0033be7e   _ObjDict_objdict
0033b0ed   _ObjDict_scanIndexOD
0033b0dd   _ObjDict_valueRangeTest
0033b4eb   _OnCOB_ID_SyncUpdate
0033a8af   _OnHeartbeatProducerUpdate
0033a8a2   _OnNodeGuardUpdate
0033ad99   _OnNumberOfErrorsUpdate
0033a032   _PDODisable
0033a017   _PDOEnable
00339e2b   _PDOEventTimerAlarm
00339e45   _PDOInhibitTimerAlarm
00339f96   _PDOInit
00339fd0   _PDOStop
0033a485   _PIE_RESERVED
00380090   _PartIdRegs
00000ce0   _PieCtrlRegs
00000d00   _PieVectTable
0033bd7e   _PieVectTableInit
0000c029   _Polarity_Input_8_Bit
0033a82b   _ProducerHeartbeatAlarm
0033a06b   _RTOSINT_ISR
00320004   _RamfuncsLoadEnd
00320000   _RamfuncsLoadStart
00008000   _RamfuncsRunStart
0000c028   _Read_Inputs_8_Bit
0000c5b6   _Rec_h
0000c5b8   _Rec_l
0033b0b7   _RegisterSetODentryCallBack
0033a2b9   _SCIRXINTA_ISR
0033a2cd   _SCIRXINTB_ISR
0033a2a5   _SCIRXINTC_ISR
0033a2c3   _SCITXINTA_ISR
0033a2d7   _SCITXINTB_ISR
0033a2af   _SCITXINTC_ISR
00338000   _SDOTimeoutAlarm
0033809d   _SDOlineToObjdict
00338175   _SDOtoLine
0033a10b   _SEQ1INT_ISR
0033a115   _SEQ2INT_ISR
0033a219   _SPIRXINTA_ISR
0033a223   _SPITXINTA_ISR
00007050   _SciaRegs
00007750   _ScibRegs
00007770   _ScicRegs
0033b241   _ServiceDog
0033b32f   _SetAlarm
00007040   _SpiaRegs
0033b4e3   _SyncAlarm
00007010   _SysCtrlRegs
0033a13d   _TINT0_ISR
00339f44   _TPDO_Communication_Parameter_Callback
0033b39d   _TimeDispatch
0033a0ed   _USER10_ISR
0033a0f7   _USER11_ISR
0033a101   _USER12_ISR
0033a093   _USER1_ISR
0033a09d   _USER2_ISR
0033a0a7   _USER3_ISR
0033a0b1   _USER4_ISR
0033a0bb   _USER5_ISR
0033a0c5   _USER6_ISR
0033a0cf   _USER7_ISR
0033a0d9   _USER8_ISR
0033a0e3   _USER9_ISR
0033a147   _WAKEINT_ISR
0000c020   _Write_Outputs_8_Bit
0033a11f   _XINT1_ISR
0033a129   _XINT2_ISR
0033a43f   _XINT3_ISR
0033a449   _XINT4_ISR
0033a453   _XINT5_ISR
0033a45d   _XINT6_ISR
0033a467   _XINT7_ISR
00007070   _XIntruptRegs
00000b20   _XintfRegs
00339e60   __RxPDO_EventTimers_Handler
00000700   __STACK_END
00000300   __STACK_SIZE
00000001   __TI_args_main
0000c5c0   ___TI_cleanup_ptr
0000c5c2   ___TI_dtors_ptr
ffffffff   ___binit__
ffffffff   ___c_args__
0033b871   ___cinit__
0033b871   ___etext__
0033b7d7   ___memcpy_ff
ffffffff   ___pinit__
00338000   ___text__
0033b818   __args_main
0033af53   __getODentry
0033a9c3   __heartbeatError
0033a72d   __initialisation
0000c5bc   __lock
0033a9d3   __nodeguardError
0033b868   __nop
0033a73f   __operational
0033a9c8   __post_SlaveBootup
0033a9cd   __post_SlaveStateChange
0033b58f   __post_TPDO
0033af45   __post_emcy
0033b58b   __post_sync
0033a731   __preOperational
0033985d   __readNetworkDict
0033b864   __register_lock
0033b860   __register_unlock
00339e65   __sendPDOevent
0033afeb   __setODentry
00000400   __stack
0033a743   __stopped
0033b0d6   __storeODSubIndex
0000c5ba   __unlock
003396b9   __writeNetworkDict
0033b831   _abort
0033af4c   _accessDictionaryError
00339a69   _buildPDO
0033b6ee   _c_int00
0033a4a0   _canDispatch
0033abc5   _canReceive
0033ac6a   _canSend
0000c4c8   _canastate
0000c4ca   _canrxmsg
0000c4d8   _cantxmsg
00338363   _closeSDOtransfer
0033b734   _cpu_timer0_isr
0000c5a2   _datatmph
0000c5a0   _datatmpl
0033adb9   _emergencyInit
0033adca   _emergencyStop
0033b833   _exit
003381b7   _failedSDO
0000c4c6   _flag
0033b795   _getElapsedTime
0033a617   _getNodeId
0033a747   _getNodeState
00339997   _getReadResultNetworkDict
003382d9   _getSDOfreeLine
003382fb   _getSDOlineOnUse
00338381   _getSDOlineRestBytes
00338333   _getSDOlineToClose
0033a499   _getState
00339a2d   _getWriteResultNetworkDict
0033a8d8   _heartbeatInit
0033a980   _heartbeatStop
00338235   _initSDOline
0033b776   _initTimer
0000c501   _last_timer_raw
0033a9af   _lifeGuardInit
0033a9b9   _lifeGuardStop
00338120   _lineToSDO
0033b480   _main
0033b6cc   _masterRequestNodeState
0033b6b8   _masterSendNMTnodeguard
0033b6a2   _masterSendNMTstateChange
0033b84a   _memcmp
0000c4c7   _msg_received
0033a92b   _nodeguardInit
0033a9a3   _nodeguardStop
0000c5a6   _numb
003380e1   _objdictToSDOline
0033af24   _proceedEMCY
0033b593   _proceedNMTstateChange
0033a77b   _proceedNODE_GUARD
00339b38   _proceedPDO
0033844d   _proceedSDO
0033b56f   _proceedSYNC
003398f4   _readNetworkDict
00339907   _readNetworkDictCallback
0033991a   _readNetworkDictCallbackAI
003396a2   _resetClientSDOLineFromNodeId
00338090   _resetSDO
00338205   _resetSDOline
0033a48f   _rsvd_ISR
0033adce   _sendEMCY
00339d62   _sendOnePDOevent
00339d5a   _sendPDOevent
00339afc   _sendPDOrequest
003383b8   _sendSDO
00338423   _sendSDOabort
0033b563   _sendSYNC
0033b54f   _sendSYNCMessage
0033a61e   _setNodeId
003383a3   _setSDOlineRestBytes
0033a59c   _setState
0033b78b   _setTimer
0033b617   _slaveSendBootUp
0033b4f5   _startSYNC
0033b533   _stopSYNC
0033a4ef   _switchCommunicationState
0000c500   _tdcount
0000c540   _timers
0000c502   _total_sleep_time
003397a1   _writeNetworkDict
003397ba   _writeNetworkDictCallBack
003397d3   _writeNetworkDictCallBackAI
ffffffff   binit
0033b871   cinit
0033fff6   code_start
0033b871   etext
ffffffff   pinit


GLOBAL SYMBOLS: SORTED BY Symbol Address 

address    name
--------   ----
00000001   __TI_args_main
00000300   __STACK_SIZE
00000400   __stack
00000700   __STACK_END
00000880   _DevEmuRegs
00000a80   _FlashRegs
00000ae0   _CsmRegs
00000b00   _AdcMirror
00000b20   _XintfRegs
00000c00   _CpuTimer0Regs
00000c08   _CpuTimer1Regs
00000c10   _CpuTimer2Regs
00000ce0   _PieCtrlRegs
00000d00   _PieVectTable
00001000   _DmaRegs
00005000   _McbspaRegs
00005040   _McbspbRegs
00006000   _ECanaRegs
00006040   _ECanaLAMRegs
00006080   _ECanaMOTSRegs
000060c0   _ECanaMOTORegs
00006100   _ECanaMboxes
00006200   _ECanbRegs
00006240   _ECanbLAMRegs
00006280   _ECanbMOTSRegs
000062c0   _ECanbMOTORegs
00006300   _ECanbMboxes
00006800   _EPwm1Regs
00006840   _EPwm2Regs
00006880   _EPwm3Regs
000068c0   _EPwm4Regs
00006900   _EPwm5Regs
00006940   _EPwm6Regs
00006a00   _ECap1Regs
00006a20   _ECap2Regs
00006a40   _ECap3Regs
00006a60   _ECap4Regs
00006a80   _ECap5Regs
00006aa0   _ECap6Regs
00006b00   _EQep1Regs
00006b40   _EQep2Regs
00006f80   _GpioCtrlRegs
00006fc0   _GpioDataRegs
00006fe0   _GpioIntRegs
00007010   _SysCtrlRegs
00007040   _SpiaRegs
00007050   _SciaRegs
00007070   _XIntruptRegs
00007100   _AdcRegs
00007750   _ScibRegs
00007770   _ScicRegs
00007900   _I2caRegs
00008000   _DSP28x_usDelay
00008000   _RamfuncsRunStart
0000c000   _ObjDict_obj1400_Inhibit_Time
0000c001   _ObjDict_obj1400_Compatibility_Entry
0000c002   _ObjDict_highestSubIndex_obj1400
0000c003   _ObjDict_obj1400_Transmission_Type
0000c004   _ObjDict_highestSubIndex_obj1800
0000c005   _ObjDict_obj1800_Transmission_Type
0000c006   _ObjDict_obj1400_Event_Timer
0000c007   _ObjDict_highestSubIndex_obj1600
0000c008   _ObjDict_highestSubIndex_obj1010
0000c009   _ObjDict_highestSubIndex_obj1011
0000c00a   _ObjDict_obj100C
0000c00b   _ObjDict_obj100D
0000c00c   _ObjDict_highestSubIndex_obj1018
0000c00d   _ObjDict_highestSubIndex_obj1200
0000c00e   _ObjDict_highestSubIndex_obj1016
0000c00f   _ObjDict_highestSubIndex_obj6008
0000c010   _ObjDict_highestSubIndex_obj6200
0000c011   _ObjDict_highestSubIndex_obj6006
0000c012   _ObjDict_highestSubIndex_obj6007
0000c013   _ObjDict_highestSubIndex_obj6207
0000c014   _ObjDict_highestSubIndex_obj6202
0000c015   _ObjDict_highestSubIndex_obj6206
0000c016   _ObjDict_obj1800_Compatibility_Entry
0000c017   _ObjDict_obj1800_Event_Timer
0000c018   _ObjDict_obj1017
0000c019   _ObjDict_obj1800_Inhibit_Time
0000c01a   _ObjDict_highestSubIndex_obj6002
0000c01b   _ObjDict_highestSubIndex_obj6003
0000c01c   _ObjDict_highestSubIndex_obj1A00
0000c01d   _ObjDict_highestSubIndex_obj6000
0000c01e   _Error_Mode_Outputs_8_Bit
0000c01f   _Error_Value_Outputs_8_Bit
0000c020   _Write_Outputs_8_Bit
0000c021   _Change_Polarity_Outputs_8_Bit
0000c022   _Interrupt_Mask_High_to_Low_8_Bit
0000c023   _ObjDict_obj1001
0000c024   _ObjDict_highestSubIndex_obj1003
0000c025   _ObjDict_heartBeatTimers
0000c026   _Filter_Constant_Input_8_Bit
0000c027   _Global_Interrupt_Enable_Digital
0000c028   _Read_Inputs_8_Bit
0000c029   _Polarity_Input_8_Bit
0000c02a   _Interrupt_Mask_Low_to_High_8_Bit
0000c02b   _ObjDict_bDeviceNodeId
0000c02c   _Interrupt_Mask_Any_Change_8_Bit
0000c02e   _ObjDict_obj1400_COB_ID_used_by_PDO
0000c030   _ObjDict_obj1200_COB_ID_Server_to_Client_Transmit_SDO
0000c032   _ObjDict_obj1003
0000c034   _ObjDict_obj1800_COB_ID_used_by_PDO
0000c036   _ObjDict_obj1A00
0000c038   _ObjDict_obj1000
0000c03a   _ObjDict_obj1600
0000c03c   _ObjDict_obj1200_COB_ID_Client_to_Server_Receive_SDO
0000c03e   _ObjDict_obj1018_Serial_Number
0000c040   _ObjDict_obj1011_Restore_Application_Default_Parameters
0000c042   _ObjDict_obj1011_Restore_Communication_Default_Parameters
0000c044   _ObjDict_obj1011_Restore_Manufacturer_Defined_Default_Parameters_1
0000c046   _ObjDict_obj1006
0000c048   _ObjDict_obj1014
0000c04a   _ObjDict_obj1010_Save_All_Parameters
0000c04c   _ObjDict_obj1010_Save_Communication_Parameters
0000c04e   _ObjDict_obj1010_Save_Application_Parameters
0000c050   _ObjDict_obj1011_Restore_All_Default_Parameters
0000c052   _ObjDict_obj1010_Save_Manufacturer_Parameters_1
0000c054   _ObjDict_obj1016
0000c056   _ObjDict_obj1018_Product_Code
0000c058   _ObjDict_obj1018_Vendor_ID
0000c05a   _ObjDict_obj1005
0000c05c   _ObjDict_obj1018_Revision_Number
0000c05e   _ObjDict_Index100A
0000c066   _ObjDict_Index1005
0000c06e   _ObjDict_Index1000
0000c076   _ObjDict_Index6005
0000c080   _ObjDict_Index1008
0000c088   _ObjDict_Index1017
0000c090   _ObjDict_Index1001
0000c098   _ObjDict_Index1009
0000c0a0   _ObjDict_Index1014
0000c0a8   _ObjDict_obj100A
0000c0b2   _ObjDict_obj1009
0000c0c0   _ObjDict_obj1008
0000c0ca   _ObjDict_PDO_status
0000c0d8   _ObjDict_Index6207
0000c0e8   _ObjDict_Index6206
0000c100   _ObjDict_Index6008
0000c110   _ObjDict_Index6202
0000c120   _ObjDict_Index6200
0000c130   _ObjDict_Index6007
0000c140   _ObjDict_Index1A00
0000c150   _ObjDict_Index6000
0000c160   _ObjDict_Index1016
0000c170   _ObjDict_Index1600
0000c180   _ObjDict_Index6003
0000c190   _ObjDict_Index6006
0000c1a0   _ObjDict_Index6002
0000c1b0   _ObjDict_Index1003
0000c1c0   _ObjDict_Index1200
0000c1d8   _ObjDict_Index1018
0000c200   _ObjDict_Index1011
0000c240   _ObjDict_Index1010
0000c280   _ObjDict_Index1400
0000c2c0   _ObjDict_Index1800
0000c300   _ObjDict_Data
0000c4c6   _flag
0000c4c7   _msg_received
0000c4c8   _canastate
0000c4ca   _canrxmsg
0000c4d8   _cantxmsg
0000c4e6   _CpuTimer1
0000c4ee   _CpuTimer2
0000c4f6   _CpuTimer0
0000c500   _tdcount
0000c501   _last_timer_raw
0000c502   _total_sleep_time
0000c540   _timers
0000c5a0   _datatmpl
0000c5a2   _datatmph
0000c5a4   _CanId
0000c5a6   _numb
0000c5b6   _Rec_h
0000c5b8   _Rec_l
0000c5ba   __unlock
0000c5bc   __lock
0000c5c0   ___TI_cleanup_ptr
0000c5c2   ___TI_dtors_ptr
00320000   _RamfuncsLoadStart
00320004   _RamfuncsLoadEnd
00338000   .text
00338000   _SDOTimeoutAlarm
00338000   ___text__
00338090   _resetSDO
0033809d   _SDOlineToObjdict
003380e1   _objdictToSDOline
00338120   _lineToSDO
00338175   _SDOtoLine
003381b7   _failedSDO
00338205   _resetSDOline
00338235   _initSDOline
003382d9   _getSDOfreeLine
003382fb   _getSDOlineOnUse
00338333   _getSDOlineToClose
00338363   _closeSDOtransfer
00338381   _getSDOlineRestBytes
003383a3   _setSDOlineRestBytes
003383b8   _sendSDO
00338423   _sendSDOabort
0033844d   _proceedSDO
00339665   _GetSDOClientFromNodeId
003396a2   _resetClientSDOLineFromNodeId
003396b9   __writeNetworkDict
003397a1   _writeNetworkDict
003397ba   _writeNetworkDictCallBack
003397d3   _writeNetworkDictCallBackAI
0033985d   __readNetworkDict
003398f4   _readNetworkDict
00339907   _readNetworkDictCallback
0033991a   _readNetworkDictCallbackAI
00339997   _getReadResultNetworkDict
00339a2d   _getWriteResultNetworkDict
00339a69   _buildPDO
00339afc   _sendPDOrequest
00339b38   _proceedPDO
00339cdf   _CopyBits
00339d5a   _sendPDOevent
00339d62   _sendOnePDOevent
00339e2b   _PDOEventTimerAlarm
00339e45   _PDOInhibitTimerAlarm
00339e60   __RxPDO_EventTimers_Handler
00339e65   __sendPDOevent
00339f44   _TPDO_Communication_Parameter_Callback
00339f96   _PDOInit
00339fd0   _PDOStop
0033a017   _PDOEnable
0033a032   _PDODisable
0033a04d   _INT13_ISR
0033a057   _INT14_ISR
0033a061   _DATALOG_ISR
0033a06b   _RTOSINT_ISR
0033a075   _EMUINT_ISR
0033a07f   _NMI_ISR
0033a089   _ILLEGAL_ISR
0033a093   _USER1_ISR
0033a09d   _USER2_ISR
0033a0a7   _USER3_ISR
0033a0b1   _USER4_ISR
0033a0bb   _USER5_ISR
0033a0c5   _USER6_ISR
0033a0cf   _USER7_ISR
0033a0d9   _USER8_ISR
0033a0e3   _USER9_ISR
0033a0ed   _USER10_ISR
0033a0f7   _USER11_ISR
0033a101   _USER12_ISR
0033a10b   _SEQ1INT_ISR
0033a115   _SEQ2INT_ISR
0033a11f   _XINT1_ISR
0033a129   _XINT2_ISR
0033a133   _ADCINT_ISR
0033a13d   _TINT0_ISR
0033a147   _WAKEINT_ISR
0033a151   _EPWM1_TZINT_ISR
0033a15b   _EPWM2_TZINT_ISR
0033a165   _EPWM3_TZINT_ISR
0033a16f   _EPWM4_TZINT_ISR
0033a179   _EPWM5_TZINT_ISR
0033a183   _EPWM6_TZINT_ISR
0033a18d   _EPWM1_INT_ISR
0033a197   _EPWM2_INT_ISR
0033a1a1   _EPWM3_INT_ISR
0033a1ab   _EPWM4_INT_ISR
0033a1b5   _EPWM5_INT_ISR
0033a1bf   _EPWM6_INT_ISR
0033a1c9   _ECAP1_INT_ISR
0033a1d3   _ECAP2_INT_ISR
0033a1dd   _ECAP3_INT_ISR
0033a1e7   _ECAP4_INT_ISR
0033a1f1   _ECAP5_INT_ISR
0033a1fb   _ECAP6_INT_ISR
0033a205   _EQEP1_INT_ISR
0033a20f   _EQEP2_INT_ISR
0033a219   _SPIRXINTA_ISR
0033a223   _SPITXINTA_ISR
0033a22d   _MRINTB_ISR
0033a237   _MXINTB_ISR
0033a241   _MRINTA_ISR
0033a24b   _MXINTA_ISR
0033a255   _DINTCH1_ISR
0033a25f   _DINTCH2_ISR
0033a269   _DINTCH3_ISR
0033a273   _DINTCH4_ISR
0033a27d   _DINTCH5_ISR
0033a287   _DINTCH6_ISR
0033a291   _I2CINT1A_ISR
0033a29b   _I2CINT2A_ISR
0033a2a5   _SCIRXINTC_ISR
0033a2af   _SCITXINTC_ISR
0033a2b9   _SCIRXINTA_ISR
0033a2c3   _SCITXINTA_ISR
0033a2cd   _SCIRXINTB_ISR
0033a2d7   _SCITXINTB_ISR
0033a2e1   _ECAN0INTA_ISR
0033a421   _ECAN1INTA_ISR
0033a42b   _ECAN0INTB_ISR
0033a435   _ECAN1INTB_ISR
0033a43f   _XINT3_ISR
0033a449   _XINT4_ISR
0033a453   _XINT5_ISR
0033a45d   _XINT6_ISR
0033a467   _XINT7_ISR
0033a471   _LVF_ISR
0033a47b   _LUF_ISR
0033a485   _PIE_RESERVED
0033a48f   _rsvd_ISR
0033a499   _getState
0033a4a0   _canDispatch
0033a4ef   _switchCommunicationState
0033a59c   _setState
0033a617   _getNodeId
0033a61e   _setNodeId
0033a72d   __initialisation
0033a731   __preOperational
0033a73f   __operational
0033a743   __stopped
0033a747   _getNodeState
0033a758   _ConsumerHeartbeatAlarm
0033a77b   _proceedNODE_GUARD
0033a82b   _ProducerHeartbeatAlarm
0033a854   _GuardTimeAlarm
0033a8a2   _OnNodeGuardUpdate
0033a8af   _OnHeartbeatProducerUpdate
0033a8d8   _heartbeatInit
0033a92b   _nodeguardInit
0033a980   _heartbeatStop
0033a9a3   _nodeguardStop
0033a9af   _lifeGuardInit
0033a9b9   _lifeGuardStop
0033a9c3   __heartbeatError
0033a9c8   __post_SlaveBootup
0033a9cd   __post_SlaveStateChange
0033a9d3   __nodeguardError
0033a9d8   _InitECan
0033abc5   _canReceive
0033ac6a   _canSend
0033ac8a   _CanFindIdleTxMb
0033acb4   _CanConfigTxMb
0033ad80   _CanTxMsg
0033ad99   _OnNumberOfErrorsUpdate
0033adb9   _emergencyInit
0033adca   _emergencyStop
0033adce   _sendEMCY
0033adfb   _EMCY_setError
0033aec4   _EMCY_errorRecovered
0033af24   _proceedEMCY
0033af45   __post_emcy
0033af4c   _accessDictionaryError
0033af53   __getODentry
0033afeb   __setODentry
0033b0b7   _RegisterSetODentryCallBack
0033b0d6   __storeODSubIndex
0033b0dd   _ObjDict_valueRangeTest
0033b0ed   _ObjDict_scanIndexOD
0033b238   _InitSysCtrl
0033b241   _ServiceDog
0033b24b   _DisableDog
0033b253   _InitPll
0033b2a3   _InitPeripheralClocks
0033b2fe   _CsmUnlock
0033b32f   _SetAlarm
0033b387   _DelAlarm
0033b39d   _TimeDispatch
0033b416   _CanTest2
0033b423   _CanTxTest
0033b480   _main
0033b4e3   _SyncAlarm
0033b4eb   _OnCOB_ID_SyncUpdate
0033b4f5   _startSYNC
0033b533   _stopSYNC
0033b54f   _sendSYNCMessage
0033b563   _sendSYNC
0033b56f   _proceedSYNC
0033b58b   __post_sync
0033b58f   __post_TPDO
0033b593   _proceedNMTstateChange
0033b617   _slaveSendBootUp
0033b62e   _InitCpuTimers
0033b667   _ConfigCpuTimer
0033b6a2   _masterSendNMTstateChange
0033b6b8   _masterSendNMTnodeguard
0033b6cc   _masterRequestNodeState
0033b6ee   _c_int00
0033b734   _cpu_timer0_isr
0033b776   _initTimer
0033b78b   _setTimer
0033b795   _getElapsedTime
0033b7af   _InitPieCtrl
0033b7ce   _EnableInterrupts
0033b7d7   ___memcpy_ff
0033b7f8   _InitPieVectTable
0033b818   __args_main
0033b831   C$$EXIT
0033b831   _abort
0033b833   _exit
0033b84a   _memcmp
0033b860   __register_unlock
0033b864   __register_lock
0033b868   __nop
0033b871   ___cinit__
0033b871   ___etext__
0033b871   cinit
0033b871   etext
0033bd7e   _PieVectTableInit
0033be7e   _ObjDict_objdict
0033bf0e   _ObjDict_ObjdictSize
0033bf0f   _ObjDict_iam_a_slave
0033bf10   _ObjDict_lastIndex
0033bf16   _ObjDict_firstIndex
0033fff6   code_start
0033fff8   _CsmPwl
00380080   _ADC_cal
00380090   _PartIdRegs
ffffffff   ___binit__
ffffffff   ___c_args__
ffffffff   ___pinit__
ffffffff   binit
ffffffff   pinit

[419 symbols]
